[2026-10-08 20:49:57] 수집 창 10-08 22:00 ~ 10-09 02:00, 180초 간격, 상한 950콜
[2026-10-08 20:49:57] 시작까지 70.0분 대기
[2026-10-08 22:00:13] 위치 304행 / 도착 2879행 저장, 호출 10 (누적 10)
[2026-10-08 22:03:15] 위치 304행 / 도착 2880행 저장, 호출 10 (누적 20)
[2026-10-08 22:06:15] 위치 310행 / 도착 2915행 저장, 호출 10 (누적 30)
[2026-10-08 22:09:11] 위치 316행 / 도착 2895행 저장, 호출 10 (누적 40)
[2026-10-08 22:12:16] 위치 296행 / 도착 2882행 저장, 호출 10 (누적 50)
[2026-10-08 22:15:16] 위치 296행 / 도착 2861행 저장, 호출 10 (누적 60)
[2026-10-08 22:18:12] 위치 299행 / 도착 2857행 저장, 호출 10 (누적 70)
[2026-10-08 22:21:15] 위치 292행 / 도착 2852행 저장, 호출 10 (누적 80)
[2026-10-08 22:24:14] 위치 286행 / 도착 2821행 저장, 호출 10 (누적 90)
[2026-10-08 22:27:12] 위치 282행 / 도착 2826행 저장, 호출 10 (누적 100)
[2026-10-08 22:30:15] 위치 284행 / 도착 2828행 저장, 호출 10 (누적 110)
[2026-10-08 22:33:14] 위치 286행 / 도착 2798행 저장, 호출 10 (누적 120)
[2026-10-08 22:36:11] 위치 281행 / 도착 2778행 저장, 호출 10 (누적 130)
[2026-10-08 22:39:13] 위치 277행 / 도착 2809행 저장, 호출 10 (누적 140)
[2026-10-08 22:42:14] 위치 272행 / 도착 2804행 저장, 호출 10 (누적 150)
[2026-10-08 22:45:11] 위치 274행 / 도착 2765행 저장, 호출 10 (누적 160)
[2026-10-08 22:48:11] 위치 275행 / 도착 2784행 저장, 호출 10 (누적 170)
[2026-10-08 22:51:14] 위치 264행 / 도착 2771행 저장, 호출 10 (누적 180)
[2026-10-08 22:54:09] 위치 266행 / 도착 2756행 저장, 호출 10 (누적 190)
[2026-10-08 22:57:16] 위치 260행 / 도착 2732행 저장, 호출 10 (누적 200)
[2026-10-08 23:00:12] 위치 256행 / 도착 2686행 저장, 호출 10 (누적 210)
[2026-10-08 23:03:11] 위치 260행 / 도착 2691행 저장, 호출 10 (누적 220)
[2026-10-08 23:06:14] 위치 255행 / 도착 2681행 저장, 호출 10 (누적 230)
[2026-10-08 23:09:13] 위치 246행 / 도착 2708행 저장, 호출 10 (누적 240)
[2026-10-08 23:12:12] 위치 242행 / 도착 2644행 저장, 호출 10 (누적 250)
[2026-10-08 23:15:14] 위치 244행 / 도착 2627행 저장, 호출 10 (누적 260)
[2026-10-08 23:18:15] 위치 243행 / 도착 2632행 저장, 호출 10 (누적 270)
[2026-10-08 23:21:12] 위치 238행 / 도착 2622행 저장, 호출 10 (누적 280)
[2026-10-08 23:24:13] 위치 236행 / 도착 2609행 저장, 호출 10 (누적 290)
[2026-10-08 23:27:15] 위치 231행 / 도착 2541행 저장, 호출 10 (누적 300)
[2026-10-08 23:30:10] 위치 233행 / 도착 2471행 저장, 호출 10 (누적 310)
[2026-10-08 23:33:13] 위치 228행 / 도착 2483행 저장, 호출 10 (누적 320)
[2026-10-08 23:36:12] 위치 222행 / 도착 2467행 저장, 호출 10 (누적 330)
[2026-10-08 23:39:11] 위치 223행 / 도착 2422행 저장, 호출 10 (누적 340)
[2026-10-08 23:42:13] 위치 218행 / 도착 2426행 저장, 호출 10 (누적 350)
[2026-10-08 23:45:12] 위치 215행 / 도착 2369행 저장, 호출 10 (누적 360)
[2026-10-08 23:48:13] 위치 219행 / 도착 2359행 저장, 호출 10 (누적 370)
[2026-10-08 23:51:12] 위치 214행 / 도착 2333행 저장, 호출 10 (누적 380)
[2026-10-08 23:54:13] 위치 204행 / 도착 2286행 저장, 호출 10 (누적 390)
[2026-10-08 23:57:10] 위치 199행 / 도착 2255행 저장, 호출 10 (누적 400)
[2026-10-09 00:00:13] 위치 195행 / 도착 2232행 저장, 호출 10 (누적 410)
[2026-10-09 00:03:16] 위치 197행 / 도착 2226행 저장, 호출 10 (누적 420)
[2026-10-09 00:06:13] 위치 197행 / 도착 2186행 저장, 호출 10 (누적 430)
[2026-10-09 00:09:11] 위치 185행 / 도착 2136행 저장, 호출 10 (누적 440)
[2026-10-09 00:12:10] 위치 180행 / 도착 2076행 저장, 호출 10 (누적 450)
[2026-10-09 00:15:09] 위치 171행 / 도착 2013행 저장, 호출 10 (누적 460)
[2026-10-09 00:18:08] 위치 171행 / 도착 1947행 저장, 호출 10 (누적 470)
[2026-10-09 00:21:11] 위치 159행 / 도착 1887행 저장, 호출 10 (누적 480)
[2026-10-09 00:24:09] 위치 148행 / 도착 1835행 저장, 호출 10 (누적 490)
[2026-10-09 00:27:14] 위치 141행 / 도착 1796행 저장, 호출 10 (누적 500)
[2026-10-09 00:30:15] 위치 133행 / 도착 1690행 저장, 호출 10 (누적 510)
[2026-10-09 00:33:11] 위치 133행 / 도착 1636행 저장, 호출 10 (누적 520)
[2026-10-09 00:36:12] 위치 119행 / 도착 1531행 저장, 호출 10 (누적 530)
[2026-10-09 00:39:10] 위치 115행 / 도착 1448행 저장, 호출 10 (누적 540)
[2026-10-09 00:42:09] 위치 108행 / 도착 1365행 저장, 호출 10 (누적 550)
[2026-10-09 00:45:16] 위치 97행 / 도착 1283행 저장, 호출 10 (누적 560)
[2026-10-09 00:48:13] 위치 89행 / 도착 1134행 저장, 호출 10 (누적 570)
[2026-10-09 00:51:09] 위치 74행 / 도착 1031행 저장, 호출 10 (누적 580)
[2026-10-09 00:54:14] 위치 76행 / 도착 966행 저장, 호출 10 (누적 590)
[2026-10-09 00:57:12] 위치 69행 / 도착 924행 저장, 호출 10 (누적 600)
[2026-10-09 01:00:10] 위치 54행 / 도착 843행 저장, 호출 10 (누적 610)
[2026-10-09 01:03:13] 위치 48행 / 도착 766행 저장, 호출 10 (누적 620)
[2026-10-09 01:06:05] position 5호선 비정상 code=INFO-200
[2026-10-09 01:06:09] position 8호선 비정상 code=INFO-200
[2026-10-09 01:06:10] position 9호선 비정상 code=INFO-200
[2026-10-09 01:06:12] 위치 17행 / 도착 704행 저장, 호출 10 (누적 630)
[2026-10-09 01:09:01] position 1호선 비정상 code=INFO-200
[2026-10-09 01:09:03] position 3호선 비정상 code=INFO-200
[2026-10-09 01:09:05] position 5호선 비정상 code=INFO-200
[2026-10-09 01:09:05] position 6호선 비정상 code=INFO-200
[2026-10-09 01:09:07] position 8호선 비정상 code=INFO-200
[2026-10-09 01:09:08] position 9호선 비정상 code=INFO-200
[2026-10-09 01:09:10] 위치 8행 / 도착 583행 저장, 호출 10 (누적 640)
[2026-10-09 01:12:01] position 1호선 비정상 code=INFO-200
[2026-10-09 01:12:03] position 3호선 비정상 code=INFO-200
[2026-10-09 01:12:05] position 4호선 비정상 code=INFO-200
[2026-10-09 01:12:06] position 5호선 비정상 code=INFO-200
[2026-10-09 01:12:06] position 6호선 비정상 code=INFO-200
[2026-10-09 01:12:08] position 7호선 비정상 code=INFO-200
[2026-10-09 01:12:09] position 8호선 비정상 code=INFO-200
[2026-10-09 01:12:10] position 9호선 비정상 code=INFO-200
[2026-10-09 01:12:12] 위치 5행 / 도착 497행 저장, 호출 10 (누적 650)
[2026-10-09 01:15:01] position 1호선 비정상 code=INFO-200
[2026-10-09 01:15:04] position 3호선 비정상 code=INFO-200
[2026-10-09 01:15:05] position 4호선 비정상 code=INFO-200
[2026-10-09 01:15:06] position 5호선 비정상 code=INFO-200
[2026-10-09 01:15:07] position 6호선 비정상 code=INFO-200
[2026-10-09 01:15:08] position 7호선 비정상 code=INFO-200
[2026-10-09 01:15:08] position 8호선 비정상 code=INFO-200
[2026-10-09 01:15:09] position 9호선 비정상 code=INFO-200
[2026-10-09 01:15:10] 위치 3행 / 도착 427행 저장, 호출 10 (누적 660)
[2026-10-09 01:18:01] position 1호선 비정상 code=INFO-200
[2026-10-09 01:18:02] position 3호선 비정상 code=INFO-200
[2026-10-09 01:18:04] position 4호선 비정상 code=INFO-200
[2026-10-09 01:18:05] position 5호선 비정상 code=INFO-200
[2026-10-09 01:18:07] position 6호선 비정상 code=INFO-200
[2026-10-09 01:18:08] position 7호선 비정상 code=INFO-200
[2026-10-09 01:18:08] position 8호선 비정상 code=INFO-200
[2026-10-09 01:18:09] position 9호선 비정상 code=INFO-200
[2026-10-09 01:18:11] 위치 1행 / 도착 302행 저장, 호출 10 (누적 670)
[2026-10-09 01:21:01] position 1호선 비정상 code=INFO-200
[2026-10-09 01:21:02] position 2호선 비정상 code=INFO-200
[2026-10-09 01:21:03] position 3호선 비정상 code=INFO-200
[2026-10-09 01:21:03] position 4호선 비정상 code=INFO-200
[2026-10-09 01:21:04] position 5호선 비정상 code=INFO-200
[2026-10-09 01:21:04] position 6호선 비정상 code=INFO-200
[2026-10-09 01:21:05] position 7호선 비정상 code=INFO-200
[2026-10-09 01:21:06] position 8호선 비정상 code=INFO-200
[2026-10-09 01:21:06] position 9호선 비정상 code=INFO-200
[2026-10-09 01:21:09] 위치 0행 / 도착 233행 저장, 호출 10 (누적 680)
[2026-10-09 01:24:01] position 1호선 비정상 code=INFO-200
[2026-10-09 01:24:01] position 2호선 비정상 code=INFO-200
[2026-10-09 01:24:02] position 3호선 비정상 code=INFO-200
[2026-10-09 01:24:03] position 4호선 비정상 code=INFO-200
[2026-10-09 01:24:04] position 5호선 비정상 code=INFO-200
[2026-10-09 01:24:05] position 6호선 비정상 code=INFO-200
[2026-10-09 01:24:06] position 7호선 비정상 code=INFO-200
[2026-10-09 01:24:07] position 8호선 비정상 code=INFO-200
[2026-10-09 01:24:08] position 9호선 비정상 code=INFO-200
[2026-10-09 01:24:09] 위치 0행 / 도착 153행 저장, 호출 10 (누적 690)
[2026-10-09 01:27:00] position 1호선 비정상 code=INFO-200
[2026-10-09 01:27:02] position 2호선 비정상 code=INFO-200
[2026-10-09 01:27:02] position 3호선 비정상 code=INFO-200
[2026-10-09 01:27:03] position 4호선 비정상 code=INFO-200
[2026-10-09 01:27:03] position 5호선 비정상 code=INFO-200
[2026-10-09 01:27:04] position 6호선 비정상 code=INFO-200
[2026-10-09 01:27:05] position 7호선 비정상 code=INFO-200
[2026-10-09 01:27:05] position 8호선 비정상 code=INFO-200
[2026-10-09 01:27:06] position 9호선 비정상 code=INFO-200
[2026-10-09 01:27:07] 위치 0행 / 도착 115행 저장, 호출 10 (누적 700)
[2026-10-09 01:30:01] position 1호선 비정상 code=INFO-200
[2026-10-09 01:30:02] position 2호선 비정상 code=INFO-200
[2026-10-09 01:30:02] position 3호선 비정상 code=INFO-200
[2026-10-09 01:30:03] position 4호선 비정상 code=INFO-200
[2026-10-09 01:30:03] position 5호선 비정상 code=INFO-200
[2026-10-09 01:30:05] position 6호선 비정상 code=INFO-200
[2026-10-09 01:30:06] position 7호선 비정상 code=INFO-200
[2026-10-09 01:30:07] position 8호선 비정상 code=INFO-200
[2026-10-09 01:30:08] position 9호선 비정상 code=INFO-200
[2026-10-09 01:30:09] 위치 0행 / 도착 62행 저장, 호출 10 (누적 710)
[2026-10-09 01:33:01] position 1호선 비정상 code=INFO-200
[2026-10-09 01:33:02] position 2호선 비정상 code=INFO-200
[2026-10-09 01:33:03] position 3호선 비정상 code=INFO-200
[2026-10-09 01:33:05] position 4호선 비정상 code=INFO-200
[2026-10-09 01:33:07] position 5호선 비정상 code=INFO-200
[2026-10-09 01:33:08] position 6호선 비정상 code=INFO-200
[2026-10-09 01:33:09] position 7호선 비정상 code=INFO-200
[2026-10-09 01:33:09] position 8호선 비정상 code=INFO-200
[2026-10-09 01:33:09] position 9호선 비정상 code=INFO-200
[2026-10-09 01:33:13] 위치 0행 / 도착 56행 저장, 호출 10 (누적 720)
[2026-10-09 01:36:00] position 1호선 비정상 code=INFO-200
[2026-10-09 01:36:01] position 2호선 비정상 code=INFO-200
[2026-10-09 01:36:02] position 3호선 비정상 code=INFO-200
[2026-10-09 01:36:04] position 4호선 비정상 code=INFO-200
[2026-10-09 01:36:04] position 5호선 비정상 code=INFO-200
[2026-10-09 01:36:05] position 6호선 비정상 code=INFO-200
[2026-10-09 01:36:06] position 7호선 비정상 code=INFO-200
[2026-10-09 01:36:07] position 8호선 비정상 code=INFO-200
[2026-10-09 01:36:08] position 9호선 비정상 code=INFO-200
[2026-10-09 01:36:09] 위치 0행 / 도착 51행 저장, 호출 10 (누적 730)
[2026-10-09 01:39:01] position 1호선 비정상 code=INFO-200
[2026-10-09 01:39:02] position 2호선 비정상 code=INFO-200
[2026-10-09 01:39:03] position 3호선 비정상 code=INFO-200
[2026-10-09 01:39:04] position 4호선 비정상 code=INFO-200
[2026-10-09 01:39:05] position 5호선 비정상 code=INFO-200
[2026-10-09 01:39:07] position 6호선 비정상 code=INFO-200
[2026-10-09 01:39:07] position 7호선 비정상 code=INFO-200
[2026-10-09 01:39:08] position 8호선 비정상 code=INFO-200
[2026-10-09 01:39:10] position 9호선 비정상 code=INFO-200
[2026-10-09 01:39:13] 위치 0행 / 도착 8행 저장, 호출 10 (누적 740)
[2026-10-09 01:42:01] position 1호선 비정상 code=INFO-200
[2026-10-09 01:42:01] position 2호선 비정상 code=INFO-200
[2026-10-09 01:42:02] position 3호선 비정상 code=INFO-200
[2026-10-09 01:42:04] position 4호선 비정상 code=INFO-200
[2026-10-09 01:42:05] position 5호선 비정상 code=INFO-200
[2026-10-09 01:42:05] position 6호선 비정상 code=INFO-200
[2026-10-09 01:42:07] position 7호선 비정상 code=INFO-200
[2026-10-09 01:42:07] position 8호선 비정상 code=INFO-200
[2026-10-09 01:42:09] position 9호선 비정상 code=INFO-200
[2026-10-09 01:42:10] 위치 0행 / 도착 6행 저장, 호출 10 (누적 750)
[2026-10-09 01:45:00] position 1호선 비정상 code=INFO-200
[2026-10-09 01:45:01] position 2호선 비정상 code=INFO-200
[2026-10-09 01:45:02] position 3호선 비정상 code=INFO-200
[2026-10-09 01:45:03] position 4호선 비정상 code=INFO-200
[2026-10-09 01:45:05] position 5호선 비정상 code=INFO-200
[2026-10-09 01:45:06] position 6호선 비정상 code=INFO-200
[2026-10-09 01:45:06] position 7호선 비정상 code=INFO-200
[2026-10-09 01:45:07] position 8호선 비정상 code=INFO-200
[2026-10-09 01:45:08] position 9호선 비정상 code=INFO-200
[2026-10-09 01:45:11] 위치 0행 / 도착 6행 저장, 호출 10 (누적 760)
[2026-10-09 01:48:01] position 1호선 비정상 code=INFO-200
[2026-10-09 01:48:01] position 2호선 비정상 code=INFO-200
[2026-10-09 01:48:02] position 3호선 비정상 code=INFO-200
[2026-10-09 01:48:03] position 4호선 비정상 code=INFO-200
[2026-10-09 01:48:03] position 5호선 비정상 code=INFO-200
[2026-10-09 01:48:04] position 6호선 비정상 code=INFO-200
[2026-10-09 01:48:05] position 7호선 비정상 code=INFO-200
[2026-10-09 01:48:06] position 8호선 비정상 code=INFO-200
[2026-10-09 01:48:07] position 9호선 비정상 code=INFO-200
[2026-10-09 01:48:08] 위치 0행 / 도착 6행 저장, 호출 10 (누적 770)
[2026-10-09 01:51:01] position 1호선 비정상 code=INFO-200
[2026-10-09 01:51:02] position 2호선 비정상 code=INFO-200
[2026-10-09 01:51:03] position 3호선 비정상 code=INFO-200
[2026-10-09 01:51:05] position 4호선 비정상 code=INFO-200
[2026-10-09 01:51:06] position 5호선 비정상 code=INFO-200
[2026-10-09 01:51:07] position 6호선 비정상 code=INFO-200
[2026-10-09 01:51:08] position 7호선 비정상 code=INFO-200
[2026-10-09 01:51:09] position 8호선 비정상 code=INFO-200
[2026-10-09 01:51:11] position 9호선 비정상 code=INFO-200
[2026-10-09 01:51:12] 위치 0행 / 도착 6행 저장, 호출 10 (누적 780)
[2026-10-09 01:54:01] position 1호선 비정상 code=INFO-200
[2026-10-09 01:54:03] position 2호선 비정상 code=INFO-200
[2026-10-09 01:54:04] position 3호선 비정상 code=INFO-200
[2026-10-09 01:54:05] position 4호선 비정상 code=INFO-200
[2026-10-09 01:54:06] position 5호선 비정상 code=INFO-200
[2026-10-09 01:54:08] position 6호선 비정상 code=INFO-200
[2026-10-09 01:54:08] position 7호선 비정상 code=INFO-200
[2026-10-09 01:54:09] position 8호선 비정상 code=INFO-200
[2026-10-09 01:54:11] position 9호선 비정상 code=INFO-200
[2026-10-09 01:54:13] 위치 0행 / 도착 6행 저장, 호출 10 (누적 790)
[2026-10-09 01:57:00] position 1호선 비정상 code=INFO-200
[2026-10-09 01:57:01] position 2호선 비정상 code=INFO-200
[2026-10-09 01:57:03] position 3호선 비정상 code=INFO-200
[2026-10-09 01:57:04] position 4호선 비정상 code=INFO-200
[2026-10-09 01:57:05] position 5호선 비정상 code=INFO-200
[2026-10-09 01:57:07] position 6호선 비정상 code=INFO-200
[2026-10-09 01:57:07] position 7호선 비정상 code=INFO-200
[2026-10-09 01:57:08] position 8호선 비정상 code=INFO-200
[2026-10-09 01:57:09] position 9호선 비정상 code=INFO-200
[2026-10-09 01:57:10] 위치 0행 / 도착 6행 저장, 호출 10 (누적 800)
[2026-10-09 02:00:00] 수집 창 종료 (틱 80, 전 호출 실패 틱 0, 최장 연속 0)
