[2026-09-24 21:33:48] 수집 창 09-24 22:00 ~ 09-25 02:00, 180초 간격, 상한 950콜
[2026-09-24 21:33:48] 시작까지 26.2분 대기
[2026-09-24 22:00:09] 위치 261행 / 도착 2745행 저장, 호출 10 (누적 10)
[2026-09-24 22:03:07] 위치 262행 / 도착 2771행 저장, 호출 10 (누적 20)
[2026-09-24 22:06:09] 위치 260행 / 도착 2746행 저장, 호출 10 (누적 30)
[2026-09-24 22:09:07] 위치 253행 / 도착 2749행 저장, 호출 10 (누적 40)
[2026-09-24 22:12:08] 위치 258행 / 도착 2754행 저장, 호출 10 (누적 50)
[2026-09-24 22:15:09] 위치 250행 / 도착 2743행 저장, 호출 10 (누적 60)
[2026-09-24 22:18:08] 위치 245행 / 도착 2702행 저장, 호출 10 (누적 70)
[2026-09-24 22:21:09] 위치 258행 / 도착 2691행 저장, 호출 10 (누적 80)
[2026-09-24 22:24:07] 위치 259행 / 도착 2706행 저장, 호출 10 (누적 90)
[2026-09-24 22:27:06] 위치 242행 / 도착 2698행 저장, 호출 10 (누적 100)
[2026-09-24 22:30:06] 위치 240행 / 도착 2722행 저장, 호출 10 (누적 110)
[2026-09-24 22:33:09] 위치 238행 / 도착 2733행 저장, 호출 10 (누적 120)
[2026-09-24 22:36:05] 위치 243행 / 도착 2751행 저장, 호출 10 (누적 130)
[2026-09-24 22:39:10] 위치 237행 / 도착 2745행 저장, 호출 10 (누적 140)
[2026-09-24 22:42:09] 위치 233행 / 도착 2747행 저장, 호출 10 (누적 150)
[2026-09-24 22:45:08] 위치 228행 / 도착 2713행 저장, 호출 10 (누적 160)
[2026-09-24 22:48:10] 위치 236행 / 도착 2724행 저장, 호출 10 (누적 170)
[2026-09-24 22:51:09] 위치 226행 / 도착 2707행 저장, 호출 10 (누적 180)
[2026-09-24 22:54:05] 위치 230행 / 도착 2695행 저장, 호출 10 (누적 190)
[2026-09-24 22:57:09] 위치 227행 / 도착 2674행 저장, 호출 10 (누적 200)
[2026-09-24 23:00:09] 위치 217행 / 도착 2673행 저장, 호출 10 (누적 210)
[2026-09-24 23:03:05] 위치 222행 / 도착 2684행 저장, 호출 10 (누적 220)
[2026-09-24 23:06:10] 위치 218행 / 도착 2653행 저장, 호출 10 (누적 230)
[2026-09-24 23:09:09] 위치 220행 / 도착 2632행 저장, 호출 10 (누적 240)
[2026-09-24 23:12:07] 위치 209행 / 도착 2602행 저장, 호출 10 (누적 250)
[2026-09-24 23:15:10] 위치 205행 / 도착 2617행 저장, 호출 10 (누적 260)
[2026-09-24 23:18:08] 위치 201행 / 도착 2595행 저장, 호출 10 (누적 270)
[2026-09-24 23:21:05] 위치 205행 / 도착 2564행 저장, 호출 10 (누적 280)
[2026-09-24 23:24:10] 위치 196행 / 도착 2536행 저장, 호출 10 (누적 290)
[2026-09-24 23:27:10] 위치 191행 / 도착 2469행 저장, 호출 10 (누적 300)
[2026-09-24 23:30:05] 위치 185행 / 도착 2431행 저장, 호출 10 (누적 310)
[2026-09-24 23:33:09] 위치 177행 / 도착 2402행 저장, 호출 10 (누적 320)
[2026-09-24 23:36:06] 위치 177행 / 도착 2385행 저장, 호출 10 (누적 330)
[2026-09-24 23:39:05] 위치 178행 / 도착 2306행 저장, 호출 10 (누적 340)
[2026-09-24 23:42:10] 위치 173행 / 도착 2248행 저장, 호출 10 (누적 350)
[2026-09-24 23:45:07] 위치 165행 / 도착 2159행 저장, 호출 10 (누적 360)
[2026-09-24 23:48:09] 위치 158행 / 도착 2034행 저장, 호출 10 (누적 370)
[2026-09-24 23:51:09] 위치 160행 / 도착 1953행 저장, 호출 10 (누적 380)
[2026-09-24 23:54:06] 위치 148행 / 도착 1867행 저장, 호출 10 (누적 390)
[2026-09-24 23:57:06] 위치 135행 / 도착 1795행 저장, 호출 10 (누적 400)
[2026-09-25 00:00:07] 위치 127행 / 도착 1715행 저장, 호출 10 (누적 410)
[2026-09-25 00:03:09] 위치 113행 / 도착 1581행 저장, 호출 10 (누적 420)
[2026-09-25 00:06:04] position 9호선 비정상 code=INFO-200
[2026-09-25 00:06:05] 위치 81행 / 도착 1518행 저장, 호출 10 (누적 430)
[2026-09-25 00:09:01] position 2호선 비정상 code=INFO-200
[2026-09-25 00:09:06] position 9호선 비정상 code=INFO-200
[2026-09-25 00:09:07] 위치 65행 / 도착 1373행 저장, 호출 10 (누적 440)
[2026-09-25 00:12:01] position 2호선 비정상 code=INFO-200
[2026-09-25 00:12:01] position 3호선 비정상 code=INFO-200
[2026-09-25 00:12:06] position 9호선 비정상 code=INFO-200
[2026-09-25 00:12:08] 위치 46행 / 도착 1264행 저장, 호출 10 (누적 450)
[2026-09-25 00:15:00] position 2호선 비정상 code=INFO-200
[2026-09-25 00:15:01] position 3호선 비정상 code=INFO-200
[2026-09-25 00:15:03] position 9호선 비정상 code=INFO-200
[2026-09-25 00:15:04] 위치 38행 / 도착 1154행 저장, 호출 10 (누적 460)
[2026-09-25 00:18:00] position 2호선 비정상 code=INFO-200
[2026-09-25 00:18:01] position 3호선 비정상 code=INFO-200
[2026-09-25 00:18:10] position 9호선 비정상 code=INFO-200
[2026-09-25 00:18:11] 위치 32행 / 도착 1016행 저장, 호출 10 (누적 470)
[2026-09-25 00:21:01] position 2호선 비정상 code=INFO-200
[2026-09-25 00:21:02] position 3호선 비정상 code=INFO-200
[2026-09-25 00:21:06] position 9호선 비정상 code=INFO-200
[2026-09-25 00:21:08] 위치 27행 / 도착 859행 저장, 호출 10 (누적 480)
[2026-09-25 00:24:01] position 2호선 비정상 code=INFO-200
[2026-09-25 00:24:01] position 3호선 비정상 code=INFO-200
[2026-09-25 00:24:03] position 9호선 비정상 code=INFO-200
[2026-09-25 00:24:05] 위치 26행 / 도착 730행 저장, 호출 10 (누적 490)
[2026-09-25 00:27:01] position 2호선 비정상 code=INFO-200
[2026-09-25 00:27:02] position 3호선 비정상 code=INFO-200
[2026-09-25 00:27:06] position 9호선 비정상 code=INFO-200
[2026-09-25 00:27:08] 위치 24행 / 도착 641행 저장, 호출 10 (누적 500)
[2026-09-25 00:30:00] position 2호선 비정상 code=INFO-200
[2026-09-25 00:30:01] position 3호선 비정상 code=INFO-200
[2026-09-25 00:30:03] position 9호선 비정상 code=INFO-200
[2026-09-25 00:30:04] 위치 18행 / 도착 542행 저장, 호출 10 (누적 510)
[2026-09-25 00:33:00] position 2호선 비정상 code=INFO-200
[2026-09-25 00:33:01] position 3호선 비정상 code=INFO-200
[2026-09-25 00:33:02] position 9호선 비정상 code=INFO-200
[2026-09-25 00:33:03] 위치 16행 / 도착 428행 저장, 호출 10 (누적 520)
[2026-09-25 00:36:00] position 2호선 비정상 code=INFO-200
[2026-09-25 00:36:02] position 3호선 비정상 code=INFO-200
[2026-09-25 00:36:06] position 9호선 비정상 code=INFO-200
[2026-09-25 00:36:08] 위치 12행 / 도착 343행 저장, 호출 10 (누적 530)
[2026-09-25 00:39:02] position 2호선 비정상 code=INFO-200
[2026-09-25 00:39:03] position 3호선 비정상 code=INFO-200
[2026-09-25 00:39:08] position 9호선 비정상 code=INFO-200
[2026-09-25 00:39:09] 위치 11행 / 도착 321행 저장, 호출 10 (누적 540)
[2026-09-25 00:42:01] position 2호선 비정상 code=INFO-200
[2026-09-25 00:42:02] position 3호선 비정상 code=INFO-200
[2026-09-25 00:42:03] position 4호선 비정상 code=INFO-200
[2026-09-25 00:42:06] position 9호선 비정상 code=INFO-200
[2026-09-25 00:42:07] 위치 9행 / 도착 268행 저장, 호출 10 (누적 550)
[2026-09-25 00:45:01] position 2호선 비정상 code=INFO-200
[2026-09-25 00:45:01] position 3호선 비정상 code=INFO-200
[2026-09-25 00:45:02] position 4호선 비정상 code=INFO-200
[2026-09-25 00:45:04] position 9호선 비정상 code=INFO-200
[2026-09-25 00:45:06] 위치 9행 / 도착 216행 저장, 호출 10 (누적 560)
[2026-09-25 00:48:01] position 2호선 비정상 code=INFO-200
[2026-09-25 00:48:02] position 3호선 비정상 code=INFO-200
[2026-09-25 00:48:02] position 4호선 비정상 code=INFO-200
[2026-09-25 00:48:05] position 9호선 비정상 code=INFO-200
[2026-09-25 00:48:06] 위치 8행 / 도착 183행 저장, 호출 10 (누적 570)
[2026-09-25 00:51:01] position 2호선 비정상 code=INFO-200
[2026-09-25 00:51:02] position 3호선 비정상 code=INFO-200
[2026-09-25 00:51:02] position 4호선 비정상 code=INFO-200
[2026-09-25 00:51:04] position 9호선 비정상 code=INFO-200
[2026-09-25 00:51:05] 위치 8행 / 도착 169행 저장, 호출 10 (누적 580)
[2026-09-25 00:54:00] position 2호선 비정상 code=INFO-200
[2026-09-25 00:54:01] position 3호선 비정상 code=INFO-200
[2026-09-25 00:54:01] position 4호선 비정상 code=INFO-200
[2026-09-25 00:54:04] position 9호선 비정상 code=INFO-200
[2026-09-25 00:54:05] 위치 8행 / 도착 112행 저장, 호출 10 (누적 590)
[2026-09-25 00:57:01] position 2호선 비정상 code=INFO-200
[2026-09-25 00:57:02] position 3호선 비정상 code=INFO-200
[2026-09-25 00:57:03] position 4호선 비정상 code=INFO-200
[2026-09-25 00:57:06] position 9호선 비정상 code=INFO-200
[2026-09-25 00:57:07] 위치 8행 / 도착 104행 저장, 호출 10 (누적 600)
[2026-09-25 01:00:01] position 2호선 비정상 code=INFO-200
[2026-09-25 01:00:01] position 3호선 비정상 code=INFO-200
[2026-09-25 01:00:02] position 4호선 비정상 code=INFO-200
[2026-09-25 01:00:04] position 9호선 비정상 code=INFO-200
[2026-09-25 01:00:05] 위치 8행 / 도착 96행 저장, 호출 10 (누적 610)
[2026-09-25 01:03:01] position 2호선 비정상 code=INFO-200
[2026-09-25 01:03:03] position 3호선 비정상 code=INFO-200
[2026-09-25 01:03:03] position 4호선 비정상 code=INFO-200
[2026-09-25 01:03:06] position 9호선 비정상 code=INFO-200
[2026-09-25 01:03:07] 위치 8행 / 도착 18행 저장, 호출 10 (누적 620)
[2026-09-25 01:06:01] position 2호선 비정상 code=INFO-200
[2026-09-25 01:06:02] position 3호선 비정상 code=INFO-200
[2026-09-25 01:06:02] position 4호선 비정상 code=INFO-200
[2026-09-25 01:06:05] position 9호선 비정상 code=INFO-200
[2026-09-25 01:06:06] 위치 8행 / 도착 15행 저장, 호출 10 (누적 630)
[2026-09-25 01:09:00] position 2호선 비정상 code=INFO-200
[2026-09-25 01:09:01] position 3호선 비정상 code=INFO-200
[2026-09-25 01:09:01] position 4호선 비정상 code=INFO-200
[2026-09-25 01:09:02] position 9호선 비정상 code=INFO-200
[2026-09-25 01:09:03] 위치 8행 / 도착 15행 저장, 호출 10 (누적 640)
[2026-09-25 01:12:01] position 2호선 비정상 code=INFO-200
[2026-09-25 01:12:01] position 3호선 비정상 code=INFO-200
[2026-09-25 01:12:01] position 4호선 비정상 code=INFO-200
[2026-09-25 01:12:04] position 9호선 비정상 code=INFO-200
[2026-09-25 01:12:05] 위치 8행 / 도착 14행 저장, 호출 10 (누적 650)
[2026-09-25 01:15:02] position 2호선 비정상 code=INFO-200
[2026-09-25 01:15:02] position 3호선 비정상 code=INFO-200
[2026-09-25 01:15:02] position 4호선 비정상 code=INFO-200
[2026-09-25 01:15:04] position 9호선 비정상 code=INFO-200
[2026-09-25 01:15:05] 위치 8행 / 도착 14행 저장, 호출 10 (누적 660)
[2026-09-25 01:18:00] position 2호선 비정상 code=INFO-200
[2026-09-25 01:18:01] position 3호선 비정상 code=INFO-200
[2026-09-25 01:18:01] position 4호선 비정상 code=INFO-200
[2026-09-25 01:18:03] position 9호선 비정상 code=INFO-200
[2026-09-25 01:18:03] 위치 8행 / 도착 14행 저장, 호출 10 (누적 670)
[2026-09-25 01:21:01] position 2호선 비정상 code=INFO-200
[2026-09-25 01:21:01] position 3호선 비정상 code=INFO-200
[2026-09-25 01:21:02] position 4호선 비정상 code=INFO-200
[2026-09-25 01:21:04] position 9호선 비정상 code=INFO-200
[2026-09-25 01:21:06] 위치 8행 / 도착 14행 저장, 호출 10 (누적 680)
[2026-09-25 01:24:00] position 2호선 비정상 code=INFO-200
[2026-09-25 01:24:01] position 3호선 비정상 code=INFO-200
[2026-09-25 01:24:01] position 4호선 비정상 code=INFO-200
[2026-09-25 01:24:03] position 9호선 비정상 code=INFO-200
[2026-09-25 01:24:04] 위치 8행 / 도착 14행 저장, 호출 10 (누적 690)
[2026-09-25 01:27:00] position 2호선 비정상 code=INFO-200
[2026-09-25 01:27:01] position 3호선 비정상 code=INFO-200
[2026-09-25 01:27:01] position 4호선 비정상 code=INFO-200
[2026-09-25 01:27:03] position 9호선 비정상 code=INFO-200
[2026-09-25 01:27:03] 위치 8행 / 도착 14행 저장, 호출 10 (누적 700)
[2026-09-25 01:30:00] position 2호선 비정상 code=INFO-200
[2026-09-25 01:30:01] position 3호선 비정상 code=INFO-200
[2026-09-25 01:30:01] position 4호선 비정상 code=INFO-200
[2026-09-25 01:30:03] position 9호선 비정상 code=INFO-200
[2026-09-25 01:30:04] 위치 8행 / 도착 14행 저장, 호출 10 (누적 710)
[2026-09-25 01:33:00] position 2호선 비정상 code=INFO-200
[2026-09-25 01:33:01] position 3호선 비정상 code=INFO-200
[2026-09-25 01:33:01] position 4호선 비정상 code=INFO-200
[2026-09-25 01:33:03] position 9호선 비정상 code=INFO-200
[2026-09-25 01:33:04] 위치 8행 / 도착 14행 저장, 호출 10 (누적 720)
[2026-09-25 01:36:00] position 2호선 비정상 code=INFO-200
[2026-09-25 01:36:00] position 3호선 비정상 code=INFO-200
[2026-09-25 01:36:01] position 4호선 비정상 code=INFO-200
[2026-09-25 01:36:02] position 9호선 비정상 code=INFO-200
[2026-09-25 01:36:03] 위치 8행 / 도착 14행 저장, 호출 10 (누적 730)
[2026-09-25 01:39:00] position 2호선 비정상 code=INFO-200
[2026-09-25 01:39:01] position 3호선 비정상 code=INFO-200
[2026-09-25 01:39:02] position 4호선 비정상 code=INFO-200
[2026-09-25 01:39:04] position 9호선 비정상 code=INFO-200
[2026-09-25 01:39:06] 위치 8행 / 도착 14행 저장, 호출 10 (누적 740)
[2026-09-25 01:42:01] position 2호선 비정상 code=INFO-200
[2026-09-25 01:42:02] position 3호선 비정상 code=INFO-200
[2026-09-25 01:42:03] position 4호선 비정상 code=INFO-200
[2026-09-25 01:42:06] position 9호선 비정상 code=INFO-200
[2026-09-25 01:42:07] 위치 8행 / 도착 14행 저장, 호출 10 (누적 750)
[2026-09-25 01:45:00] position 2호선 비정상 code=INFO-200
[2026-09-25 01:45:01] position 3호선 비정상 code=INFO-200
[2026-09-25 01:45:01] position 4호선 비정상 code=INFO-200
[2026-09-25 01:45:03] position 9호선 비정상 code=INFO-200
[2026-09-25 01:45:05] 위치 8행 / 도착 14행 저장, 호출 10 (누적 760)
[2026-09-25 01:48:01] position 2호선 비정상 code=INFO-200
[2026-09-25 01:48:01] position 3호선 비정상 code=INFO-200
[2026-09-25 01:48:02] position 4호선 비정상 code=INFO-200
[2026-09-25 01:48:05] position 9호선 비정상 code=INFO-200
[2026-09-25 01:48:05] 위치 8행 / 도착 14행 저장, 호출 10 (누적 770)
[2026-09-25 01:51:01] position 2호선 비정상 code=INFO-200
[2026-09-25 01:51:02] position 3호선 비정상 code=INFO-200
[2026-09-25 01:51:03] position 4호선 비정상 code=INFO-200
[2026-09-25 01:51:06] position 9호선 비정상 code=INFO-200
[2026-09-25 01:51:07] 위치 8행 / 도착 14행 저장, 호출 10 (누적 780)
[2026-09-25 01:54:01] position 2호선 비정상 code=INFO-200
[2026-09-25 01:54:01] position 3호선 비정상 code=INFO-200
[2026-09-25 01:54:01] position 4호선 비정상 code=INFO-200
[2026-09-25 01:54:03] position 9호선 비정상 code=INFO-200
[2026-09-25 01:54:04] 위치 8행 / 도착 14행 저장, 호출 10 (누적 790)
[2026-09-25 01:57:01] position 2호선 비정상 code=INFO-200
[2026-09-25 01:57:02] position 3호선 비정상 code=INFO-200
[2026-09-25 01:57:03] position 4호선 비정상 code=INFO-200
[2026-09-25 01:57:06] position 9호선 비정상 code=INFO-200
[2026-09-25 01:57:06] 위치 8행 / 도착 14행 저장, 호출 10 (누적 800)
[2026-09-25 02:00:00] 수집 창 종료
