[2026-09-28 20:30:28] 수집 창 09-28 22:00 ~ 09-29 02:00, 180초 간격, 상한 950콜
[2026-09-28 20:30:28] 시작까지 89.5분 대기
[2026-09-28 22:00:14] 위치 295행 / 도착 2878행 저장, 호출 10 (누적 10)
[2026-09-28 22:03:13] 위치 297행 / 도착 2886행 저장, 호출 10 (누적 20)
[2026-09-28 22:06:10] 위치 305행 / 도착 2910행 저장, 호출 10 (누적 30)
[2026-09-28 22:09:15] 위치 306행 / 도착 2870행 저장, 호출 10 (누적 40)
[2026-09-28 22:12:12] 위치 294행 / 도착 2836행 저장, 호출 10 (누적 50)
[2026-09-28 22:15:10] 위치 295행 / 도착 2876행 저장, 호출 10 (누적 60)
[2026-09-28 22:18:13] 위치 293행 / 도착 2865행 저장, 호출 10 (누적 70)
[2026-09-28 22:21:15] 위치 286행 / 도착 2814행 저장, 호출 10 (누적 80)
[2026-09-28 22:24:09] 위치 292행 / 도착 2840행 저장, 호출 10 (누적 90)
[2026-09-28 22:27:13] 위치 283행 / 도착 2819행 저장, 호출 10 (누적 100)
[2026-09-28 22:30:17] 위치 283행 / 도착 2838행 저장, 호출 10 (누적 110)
[2026-09-28 22:33:11] 위치 279행 / 도착 2802행 저장, 호출 10 (누적 120)
[2026-09-28 22:36:11] 위치 274행 / 도착 2815행 저장, 호출 10 (누적 130)
[2026-09-28 22:39:13] 위치 271행 / 도착 2800행 저장, 호출 10 (누적 140)
[2026-09-28 22:42:11] 위치 271행 / 도착 2798행 저장, 호출 10 (누적 150)
[2026-09-28 22:45:14] 위치 272행 / 도착 2795행 저장, 호출 10 (누적 160)
[2026-09-28 22:48:11] 위치 268행 / 도착 2782행 저장, 호출 10 (누적 170)
[2026-09-28 22:51:09] 위치 265행 / 도착 2787행 저장, 호출 10 (누적 180)
[2026-09-28 22:54:12] 위치 259행 / 도착 2731행 저장, 호출 10 (누적 190)
[2026-09-28 22:57:08] 위치 262행 / 도착 2756행 저장, 호출 10 (누적 200)
[2026-09-28 23:00:08] 위치 259행 / 도착 2710행 저장, 호출 10 (누적 210)
[2026-09-28 23:03:15] 위치 256행 / 도착 2704행 저장, 호출 10 (누적 220)
[2026-09-28 23:06:13] 위치 248행 / 도착 2709행 저장, 호출 10 (누적 230)
[2026-09-28 23:09:12] 위치 244행 / 도착 2690행 저장, 호출 10 (누적 240)
[2026-09-28 23:12:14] 위치 239행 / 도착 2623행 저장, 호출 10 (누적 250)
[2026-09-28 23:15:14] 위치 245행 / 도착 2627행 저장, 호출 10 (누적 260)
[2026-09-28 23:18:11] 위치 238행 / 도착 2622행 저장, 호출 10 (누적 270)
[2026-09-28 23:21:12] 위치 235행 / 도착 2622행 저장, 호출 10 (누적 280)
[2026-09-28 23:24:15] 위치 232행 / 도착 2605행 저장, 호출 10 (누적 290)
[2026-09-28 23:27:11] 위치 229행 / 도착 2544행 저장, 호출 10 (누적 300)
[2026-09-28 23:30:15] 위치 230행 / 도착 2502행 저장, 호출 10 (누적 310)
[2026-09-28 23:33:12] 위치 225행 / 도착 2503행 저장, 호출 10 (누적 320)
[2026-09-28 23:36:11] 위치 220행 / 도착 2482행 저장, 호출 10 (누적 330)
[2026-09-28 23:39:14] 위치 218행 / 도착 2457행 저장, 호출 10 (누적 340)
[2026-09-28 23:42:15] 위치 215행 / 도착 2422행 저장, 호출 10 (누적 350)
[2026-09-28 23:45:11] 위치 218행 / 도착 2376행 저장, 호출 10 (누적 360)
[2026-09-28 23:48:12] 위치 212행 / 도착 2346행 저장, 호출 10 (누적 370)
[2026-09-28 23:51:13] 위치 215행 / 도착 2346행 저장, 호출 10 (누적 380)
[2026-09-28 23:54:14] 위치 204행 / 도착 2279행 저장, 호출 10 (누적 390)
[2026-09-28 23:57:14] 위치 199행 / 도착 2251행 저장, 호출 10 (누적 400)
[2026-09-29 00:00:12] 위치 188행 / 도착 2221행 저장, 호출 10 (누적 410)
[2026-09-29 00:03:09] 위치 191행 / 도착 2212행 저장, 호출 10 (누적 420)
[2026-09-29 00:06:09] 위치 190행 / 도착 2179행 저장, 호출 10 (누적 430)
[2026-09-29 00:09:15] 위치 181행 / 도착 2124행 저장, 호출 10 (누적 440)
[2026-09-29 00:12:10] 위치 175행 / 도착 2073행 저장, 호출 10 (누적 450)
[2026-09-29 00:15:11] 위치 173행 / 도착 2045행 저장, 호출 10 (누적 460)
[2026-09-29 00:18:13] 위치 164행 / 도착 1967행 저장, 호출 10 (누적 470)
[2026-09-29 00:21:08] 위치 154행 / 도착 1902행 저장, 호출 10 (누적 480)
[2026-09-29 00:24:13] 위치 145행 / 도착 1849행 저장, 호출 10 (누적 490)
[2026-09-29 00:27:13] 위치 143행 / 도착 1789행 저장, 호출 10 (누적 500)
[2026-09-29 00:30:13] 위치 136행 / 도착 1701행 저장, 호출 10 (누적 510)
[2026-09-29 00:33:13] 위치 129행 / 도착 1631행 저장, 호출 10 (누적 520)
[2026-09-29 00:36:11] 위치 112행 / 도착 1528행 저장, 호출 10 (누적 530)
[2026-09-29 00:39:12] 위치 107행 / 도착 1386행 저장, 호출 10 (누적 540)
[2026-09-29 00:42:11] 위치 103행 / 도착 1352행 저장, 호출 10 (누적 550)
[2026-09-29 00:45:10] 위치 97행 / 도착 1278행 저장, 호출 10 (누적 560)
[2026-09-29 00:48:10] 위치 88행 / 도착 1130행 저장, 호출 10 (누적 570)
[2026-09-29 00:51:13] 위치 75행 / 도착 1045행 저장, 호출 10 (누적 580)
[2026-09-29 00:54:11] 위치 74행 / 도착 959행 저장, 호출 10 (누적 590)
[2026-09-29 00:57:11] 위치 69행 / 도착 900행 저장, 호출 10 (누적 600)
[2026-09-29 01:00:14] 위치 56행 / 도착 837행 저장, 호출 10 (누적 610)
[2026-09-29 01:03:11] 위치 43행 / 도착 759행 저장, 호출 10 (누적 620)
[2026-09-29 01:06:02] position 2호선 비정상 code=INFO-200
[2026-09-29 01:06:03] position 3호선 비정상 code=INFO-200
[2026-09-29 01:06:05] position 5호선 비정상 code=INFO-200
[2026-09-29 01:06:06] position 6호선 비정상 code=INFO-200
[2026-09-29 01:06:08] position 8호선 비정상 code=INFO-200
[2026-09-29 01:06:09] position 9호선 비정상 code=INFO-200
[2026-09-29 01:06:11] 위치 5행 / 도착 689행 저장, 호출 10 (누적 630)
[2026-09-29 01:09:01] position 1호선 비정상 code=INFO-200
[2026-09-29 01:09:02] position 2호선 비정상 code=INFO-200
[2026-09-29 01:09:03] position 3호선 비정상 code=INFO-200
[2026-09-29 01:09:06] position 5호선 비정상 code=INFO-200
[2026-09-29 01:09:06] position 6호선 비정상 code=INFO-200
[2026-09-29 01:09:07] position 7호선 비정상 code=INFO-200
[2026-09-29 01:09:08] position 8호선 비정상 code=INFO-200
[2026-09-29 01:09:09] position 9호선 비정상 code=INFO-200
[2026-09-29 01:09:11] 위치 1행 / 도착 524행 저장, 호출 10 (누적 640)
[2026-09-29 01:12:01] position 1호선 비정상 code=INFO-200
[2026-09-29 01:12:02] position 2호선 비정상 code=INFO-200
[2026-09-29 01:12:03] position 3호선 비정상 code=INFO-200
[2026-09-29 01:12:04] position 4호선 비정상 code=INFO-200
[2026-09-29 01:12:06] position 5호선 비정상 code=INFO-200
[2026-09-29 01:12:07] position 6호선 비정상 code=INFO-200
[2026-09-29 01:12:07] position 7호선 비정상 code=INFO-200
[2026-09-29 01:12:08] position 8호선 비정상 code=INFO-200
[2026-09-29 01:12:09] position 9호선 비정상 code=INFO-200
[2026-09-29 01:12:13] 위치 0행 / 도착 450행 저장, 호출 10 (누적 650)
[2026-09-29 01:15:00] position 1호선 비정상 code=INFO-200
[2026-09-29 01:15:02] position 2호선 비정상 code=INFO-200
[2026-09-29 01:15:03] position 3호선 비정상 code=INFO-200
[2026-09-29 01:15:03] position 4호선 비정상 code=INFO-200
[2026-09-29 01:15:04] position 5호선 비정상 code=INFO-200
[2026-09-29 01:15:04] position 6호선 비정상 code=INFO-200
[2026-09-29 01:15:05] position 7호선 비정상 code=INFO-200
[2026-09-29 01:15:07] position 8호선 비정상 code=INFO-200
[2026-09-29 01:15:08] position 9호선 비정상 code=INFO-200
[2026-09-29 01:15:11] 위치 0행 / 도착 372행 저장, 호출 10 (누적 660)
[2026-09-29 01:18:01] position 1호선 비정상 code=INFO-200
[2026-09-29 01:18:02] position 2호선 비정상 code=INFO-200
[2026-09-29 01:18:03] position 3호선 비정상 code=INFO-200
[2026-09-29 01:18:04] position 4호선 비정상 code=INFO-200
[2026-09-29 01:18:05] position 5호선 비정상 code=INFO-200
[2026-09-29 01:18:06] position 6호선 비정상 code=INFO-200
[2026-09-29 01:18:07] position 7호선 비정상 code=INFO-200
[2026-09-29 01:18:08] position 8호선 비정상 code=INFO-200
[2026-09-29 01:18:09] position 9호선 비정상 code=INFO-200
[2026-09-29 01:18:12] 위치 0행 / 도착 302행 저장, 호출 10 (누적 670)
[2026-09-29 01:21:01] position 1호선 비정상 code=INFO-200
[2026-09-29 01:21:02] position 2호선 비정상 code=INFO-200
[2026-09-29 01:21:03] position 3호선 비정상 code=INFO-200
[2026-09-29 01:21:05] position 4호선 비정상 code=INFO-200
[2026-09-29 01:21:06] position 5호선 비정상 code=INFO-200
[2026-09-29 01:21:07] position 6호선 비정상 code=INFO-200
[2026-09-29 01:21:07] position 7호선 비정상 code=INFO-200
[2026-09-29 01:21:09] position 8호선 비정상 code=INFO-200
[2026-09-29 01:21:09] position 9호선 비정상 code=INFO-200
[2026-09-29 01:21:11] 위치 0행 / 도착 227행 저장, 호출 10 (누적 680)
[2026-09-29 01:24:01] position 1호선 비정상 code=INFO-200
[2026-09-29 01:24:02] position 2호선 비정상 code=INFO-200
[2026-09-29 01:24:03] position 3호선 비정상 code=INFO-200
[2026-09-29 01:24:04] position 4호선 비정상 code=INFO-200
[2026-09-29 01:24:05] position 5호선 비정상 code=INFO-200
[2026-09-29 01:24:07] position 6호선 비정상 code=INFO-200
[2026-09-29 01:24:07] position 7호선 비정상 code=INFO-200
[2026-09-29 01:24:08] position 8호선 비정상 code=INFO-200
[2026-09-29 01:24:09] position 9호선 비정상 code=INFO-200
[2026-09-29 01:24:11] 위치 0행 / 도착 142행 저장, 호출 10 (누적 690)
[2026-09-29 01:27:00] position 1호선 비정상 code=INFO-200
[2026-09-29 01:27:01] position 2호선 비정상 code=INFO-200
[2026-09-29 01:27:02] position 3호선 비정상 code=INFO-200
[2026-09-29 01:27:04] position 4호선 비정상 code=INFO-200
[2026-09-29 01:27:05] position 5호선 비정상 code=INFO-200
[2026-09-29 01:27:06] position 6호선 비정상 code=INFO-200
[2026-09-29 01:27:07] position 7호선 비정상 code=INFO-200
[2026-09-29 01:27:07] position 8호선 비정상 code=INFO-200
[2026-09-29 01:27:07] position 9호선 비정상 code=INFO-200
[2026-09-29 01:27:11] 위치 0행 / 도착 116행 저장, 호출 10 (누적 700)
[2026-09-29 01:30:01] position 1호선 비정상 code=INFO-200
[2026-09-29 01:30:02] position 2호선 비정상 code=INFO-200
[2026-09-29 01:30:03] position 3호선 비정상 code=INFO-200
[2026-09-29 01:30:04] position 4호선 비정상 code=INFO-200
[2026-09-29 01:30:06] position 5호선 비정상 code=INFO-200
[2026-09-29 01:30:06] position 6호선 비정상 code=INFO-200
[2026-09-29 01:30:08] position 7호선 비정상 code=INFO-200
[2026-09-29 01:30:08] position 8호선 비정상 code=INFO-200
[2026-09-29 01:30:09] position 9호선 비정상 code=INFO-200
[2026-09-29 01:30:11] 위치 0행 / 도착 24행 저장, 호출 10 (누적 710)
[2026-09-29 01:33:01] position 1호선 비정상 code=INFO-200
[2026-09-29 01:33:01] position 2호선 비정상 code=INFO-200
[2026-09-29 01:33:02] position 3호선 비정상 code=INFO-200
[2026-09-29 01:33:02] position 4호선 비정상 code=INFO-200
[2026-09-29 01:33:03] position 5호선 비정상 code=INFO-200
[2026-09-29 01:33:03] position 6호선 비정상 code=INFO-200
[2026-09-29 01:33:04] position 7호선 비정상 code=INFO-200
[2026-09-29 01:33:05] position 8호선 비정상 code=INFO-200
[2026-09-29 01:33:06] position 9호선 비정상 code=INFO-200
[2026-09-29 01:33:08] 위치 0행 / 도착 16행 저장, 호출 10 (누적 720)
[2026-09-29 01:36:00] position 1호선 비정상 code=INFO-200
[2026-09-29 01:36:01] position 2호선 비정상 code=INFO-200
[2026-09-29 01:36:02] position 3호선 비정상 code=INFO-200
[2026-09-29 01:36:02] position 4호선 비정상 code=INFO-200
[2026-09-29 01:36:04] position 5호선 비정상 code=INFO-200
[2026-09-29 01:36:06] position 6호선 비정상 code=INFO-200
[2026-09-29 01:36:08] position 7호선 비정상 code=INFO-200
[2026-09-29 01:36:09] position 8호선 비정상 code=INFO-200
[2026-09-29 01:36:10] position 9호선 비정상 code=INFO-200
[2026-09-29 01:36:12] 위치 0행 / 도착 9행 저장, 호출 10 (누적 730)
[2026-09-29 01:39:01] position 1호선 비정상 code=INFO-200
[2026-09-29 01:39:02] position 2호선 비정상 code=INFO-200
[2026-09-29 01:39:02] position 3호선 비정상 code=INFO-200
[2026-09-29 01:39:03] position 4호선 비정상 code=INFO-200
[2026-09-29 01:39:04] position 5호선 비정상 code=INFO-200
[2026-09-29 01:39:05] position 6호선 비정상 code=INFO-200
[2026-09-29 01:39:07] position 7호선 비정상 code=INFO-200
[2026-09-29 01:39:08] position 8호선 비정상 code=INFO-200
[2026-09-29 01:39:08] position 9호선 비정상 code=INFO-200
[2026-09-29 01:39:11] 위치 0행 / 도착 8행 저장, 호출 10 (누적 740)
[2026-09-29 01:42:00] position 1호선 비정상 code=INFO-200
[2026-09-29 01:42:00] position 2호선 비정상 code=INFO-200
[2026-09-29 01:42:01] position 3호선 비정상 code=INFO-200
[2026-09-29 01:42:02] position 4호선 비정상 code=INFO-200
[2026-09-29 01:42:03] position 5호선 비정상 code=INFO-200
[2026-09-29 01:42:04] position 6호선 비정상 code=INFO-200
[2026-09-29 01:42:04] position 7호선 비정상 code=INFO-200
[2026-09-29 01:42:05] position 8호선 비정상 code=INFO-200
[2026-09-29 01:42:07] position 9호선 비정상 code=INFO-200
[2026-09-29 01:42:09] 위치 0행 / 도착 5행 저장, 호출 10 (누적 750)
[2026-09-29 01:45:01] position 1호선 비정상 code=INFO-200
[2026-09-29 01:45:02] position 2호선 비정상 code=INFO-200
[2026-09-29 01:45:04] position 3호선 비정상 code=INFO-200
[2026-09-29 01:45:05] position 4호선 비정상 code=INFO-200
[2026-09-29 01:45:06] position 5호선 비정상 code=INFO-200
[2026-09-29 01:45:08] position 6호선 비정상 code=INFO-200
[2026-09-29 01:45:09] position 7호선 비정상 code=INFO-200
[2026-09-29 01:45:09] position 8호선 비정상 code=INFO-200
[2026-09-29 01:45:10] position 9호선 비정상 code=INFO-200
[2026-09-29 01:45:11] 위치 0행 / 도착 5행 저장, 호출 10 (누적 760)
[2026-09-29 01:48:01] position 1호선 비정상 code=INFO-200
[2026-09-29 01:48:02] position 2호선 비정상 code=INFO-200
[2026-09-29 01:48:03] position 3호선 비정상 code=INFO-200
[2026-09-29 01:48:05] position 4호선 비정상 code=INFO-200
[2026-09-29 01:48:06] position 5호선 비정상 code=INFO-200
[2026-09-29 01:48:07] position 6호선 비정상 code=INFO-200
[2026-09-29 01:48:08] position 7호선 비정상 code=INFO-200
[2026-09-29 01:48:08] position 8호선 비정상 code=INFO-200
[2026-09-29 01:48:10] position 9호선 비정상 code=INFO-200
[2026-09-29 01:48:12] 위치 0행 / 도착 5행 저장, 호출 10 (누적 770)
[2026-09-29 01:51:00] position 1호선 비정상 code=INFO-200
[2026-09-29 01:51:00] position 2호선 비정상 code=INFO-200
[2026-09-29 01:51:01] position 3호선 비정상 code=INFO-200
[2026-09-29 01:51:03] position 4호선 비정상 code=INFO-200
[2026-09-29 01:51:04] position 5호선 비정상 code=INFO-200
[2026-09-29 01:51:05] position 6호선 비정상 code=INFO-200
[2026-09-29 01:51:05] position 7호선 비정상 code=INFO-200
[2026-09-29 01:51:06] position 8호선 비정상 code=INFO-200
[2026-09-29 01:51:07] position 9호선 비정상 code=INFO-200
[2026-09-29 01:51:09] 위치 0행 / 도착 5행 저장, 호출 10 (누적 780)
[2026-09-29 01:54:01] position 1호선 비정상 code=INFO-200
[2026-09-29 01:54:02] position 2호선 비정상 code=INFO-200
[2026-09-29 01:54:03] position 3호선 비정상 code=INFO-200
[2026-09-29 01:54:05] position 4호선 비정상 code=INFO-200
[2026-09-29 01:54:06] position 5호선 비정상 code=INFO-200
[2026-09-29 01:54:07] position 6호선 비정상 code=INFO-200
[2026-09-29 01:54:09] position 7호선 비정상 code=INFO-200
[2026-09-29 01:54:10] position 8호선 비정상 code=INFO-200
[2026-09-29 01:54:11] position 9호선 비정상 code=INFO-200
[2026-09-29 01:54:14] 위치 0행 / 도착 5행 저장, 호출 10 (누적 790)
[2026-09-29 01:57:01] position 1호선 비정상 code=INFO-200
[2026-09-29 01:57:02] position 2호선 비정상 code=INFO-200
[2026-09-29 01:57:03] position 3호선 비정상 code=INFO-200
[2026-09-29 01:57:05] position 4호선 비정상 code=INFO-200
[2026-09-29 01:57:06] position 5호선 비정상 code=INFO-200
[2026-09-29 01:57:07] position 6호선 비정상 code=INFO-200
[2026-09-29 01:57:08] position 7호선 비정상 code=INFO-200
[2026-09-29 01:57:09] position 8호선 비정상 code=INFO-200
[2026-09-29 01:57:10] position 9호선 비정상 code=INFO-200
[2026-09-29 01:57:12] 위치 0행 / 도착 5행 저장, 호출 10 (누적 800)
[2026-09-29 02:00:00] 수집 창 종료 (틱 80, 전 호출 실패 틱 0, 최장 연속 0)
