[2026-09-22 21:23:03] 수집 창 09-22 22:00 ~ 09-23 02:00, 180초 간격, 상한 950콜
[2026-09-22 21:23:03] 시작까지 36.9분 대기
[2026-09-22 22:00:08] 위치 292행 / 도착 2888행 저장, 호출 10 (누적 10)
[2026-09-22 22:03:11] 위치 301행 / 도착 2879행 저장, 호출 10 (누적 20)
[2026-09-22 22:06:10] 위치 302행 / 도착 2896행 저장, 호출 10 (누적 30)
[2026-09-22 22:09:12] 위치 299행 / 도착 2871행 저장, 호출 10 (누적 40)
[2026-09-22 22:12:09] 위치 293행 / 도착 2873행 저장, 호출 10 (누적 50)
[2026-09-22 22:15:11] 위치 292행 / 도착 2837행 저장, 호출 10 (누적 60)
[2026-09-22 22:18:08] 위치 293행 / 도착 2861행 저장, 호출 10 (누적 70)
[2026-09-22 22:21:06] 위치 279행 / 도착 2825행 저장, 호출 10 (누적 80)
[2026-09-22 22:24:11] 위치 291행 / 도착 2829행 저장, 호출 10 (누적 90)
[2026-09-22 22:27:13] 위치 277행 / 도착 2856행 저장, 호출 10 (누적 100)
[2026-09-22 22:30:11] 위치 280행 / 도착 2848행 저장, 호출 10 (누적 110)
[2026-09-22 22:33:10] 위치 278행 / 도착 2807행 저장, 호출 10 (누적 120)
[2026-09-22 22:36:11] 위치 276행 / 도착 2799행 저장, 호출 10 (누적 130)
[2026-09-22 22:39:11] 위치 274행 / 도착 2808행 저장, 호출 10 (누적 140)
[2026-09-22 22:42:09] 위치 269행 / 도착 2788행 저장, 호출 10 (누적 150)
[2026-09-22 22:45:11] 위치 272행 / 도착 2794행 저장, 호출 10 (누적 160)
[2026-09-22 22:48:12] 위치 269행 / 도착 2760행 저장, 호출 10 (누적 170)
[2026-09-22 22:51:08] 위치 266행 / 도착 2778행 저장, 호출 10 (누적 180)
[2026-09-22 22:54:11] 위치 260행 / 도착 2745행 저장, 호출 10 (누적 190)
[2026-09-22 22:57:11] 위치 254행 / 도착 2751행 저장, 호출 10 (누적 200)
[2026-09-22 23:00:10] 위치 254행 / 도착 2726행 저장, 호출 10 (누적 210)
[2026-09-22 23:03:11] 위치 251행 / 도착 2713행 저장, 호출 10 (누적 220)
[2026-09-22 23:06:09] 위치 252행 / 도착 2691행 저장, 호출 10 (누적 230)
[2026-09-22 23:09:09] 위치 249행 / 도착 2694행 저장, 호출 10 (누적 240)
[2026-09-22 23:12:10] 위치 242행 / 도착 2633행 저장, 호출 10 (누적 250)
[2026-09-22 23:15:12] 위치 248행 / 도착 2637행 저장, 호출 10 (누적 260)
[2026-09-22 23:18:10] 위치 236행 / 도착 2623행 저장, 호출 10 (누적 270)
[2026-09-22 23:21:12] 위치 235행 / 도착 2616행 저장, 호출 10 (누적 280)
[2026-09-22 23:24:13] 위치 239행 / 도착 2632행 저장, 호출 10 (누적 290)
[2026-09-22 23:27:07] 위치 229행 / 도착 2569행 저장, 호출 10 (누적 300)
[2026-09-22 23:30:12] 위치 229행 / 도착 2509행 저장, 호출 10 (누적 310)
[2026-09-22 23:33:10] 위치 226행 / 도착 2497행 저장, 호출 10 (누적 320)
[2026-09-22 23:36:08] 위치 219행 / 도착 2465행 저장, 호출 10 (누적 330)
[2026-09-22 23:39:12] 위치 213행 / 도착 2435행 저장, 호출 10 (누적 340)
[2026-09-22 23:42:09] 위치 219행 / 도착 2417행 저장, 호출 10 (누적 350)
[2026-09-22 23:45:10] 위치 215행 / 도착 2381행 저장, 호출 10 (누적 360)
[2026-09-22 23:48:10] 위치 211행 / 도착 2337행 저장, 호출 10 (누적 370)
[2026-09-22 23:51:12] 위치 211행 / 도착 2325행 저장, 호출 10 (누적 380)
[2026-09-22 23:54:09] 위치 203행 / 도착 2310행 저장, 호출 10 (누적 390)
[2026-09-22 23:57:12] 위치 198행 / 도착 2258행 저장, 호출 10 (누적 400)
[2026-09-23 00:00:12] 위치 197행 / 도착 2220행 저장, 호출 10 (누적 410)
[2026-09-23 00:03:07] 위치 197행 / 도착 2217행 저장, 호출 10 (누적 420)
[2026-09-23 00:06:08] 위치 196행 / 도착 2171행 저장, 호출 10 (누적 430)
[2026-09-23 00:09:10] 위치 184행 / 도착 2128행 저장, 호출 10 (누적 440)
[2026-09-23 00:12:07] 위치 179행 / 도착 2075행 저장, 호출 10 (누적 450)
[2026-09-23 00:15:06] 위치 178행 / 도착 2062행 저장, 호출 10 (누적 460)
[2026-09-23 00:18:06] 위치 168행 / 도착 1974행 저장, 호출 10 (누적 470)
[2026-09-23 00:21:06] 위치 160행 / 도착 1914행 저장, 호출 10 (누적 480)
[2026-09-23 00:24:07] 위치 152행 / 도착 1877행 저장, 호출 10 (누적 490)
[2026-09-23 00:27:06] 위치 147행 / 도착 1804행 저장, 호출 10 (누적 500)
[2026-09-23 00:30:05] 위치 133행 / 도착 1707행 저장, 호출 10 (누적 510)
[2026-09-23 00:33:10] 위치 131행 / 도착 1619행 저장, 호출 10 (누적 520)
[2026-09-23 00:36:11] 위치 116행 / 도착 1524행 저장, 호출 10 (누적 530)
[2026-09-23 00:39:08] 위치 109행 / 도착 1450행 저장, 호출 10 (누적 540)
[2026-09-23 00:42:11] 위치 104행 / 도착 1374행 저장, 호출 10 (누적 550)
[2026-09-23 00:45:12] 위치 98행 / 도착 1294행 저장, 호출 10 (누적 560)
[2026-09-23 00:48:10] 위치 89행 / 도착 1129행 저장, 호출 10 (누적 570)
[2026-09-23 00:51:10] 위치 75행 / 도착 1058행 저장, 호출 10 (누적 580)
[2026-09-23 00:54:12] 위치 72행 / 도착 931행 저장, 호출 10 (누적 590)
[2026-09-23 00:57:09] 위치 69행 / 도착 893행 저장, 호출 10 (누적 600)
[2026-09-23 01:00:12] 위치 58행 / 도착 830행 저장, 호출 10 (누적 610)
[2026-09-23 01:03:11] 위치 47행 / 도착 771행 저장, 호출 10 (누적 620)
[2026-09-23 01:06:02] position 3호선 비정상 code=INFO-200
[2026-09-23 01:06:07] position 9호선 비정상 code=INFO-200
[2026-09-23 01:06:11] 위치 20행 / 도착 694행 저장, 호출 10 (누적 630)
[2026-09-23 01:09:01] position 1호선 비정상 code=INFO-200
[2026-09-23 01:09:03] position 3호선 비정상 code=INFO-200
[2026-09-23 01:09:06] position 6호선 비정상 code=INFO-200
[2026-09-23 01:09:07] position 7호선 비정상 code=INFO-200
[2026-09-23 01:09:08] position 8호선 비정상 code=INFO-200
[2026-09-23 01:09:08] position 9호선 비정상 code=INFO-200
[2026-09-23 01:09:10] 위치 11행 / 도착 613행 저장, 호출 10 (누적 640)
[2026-09-23 01:12:01] position 1호선 비정상 code=INFO-200
[2026-09-23 01:12:03] position 3호선 비정상 code=INFO-200
[2026-09-23 01:12:05] position 4호선 비정상 code=INFO-200
[2026-09-23 01:12:06] position 6호선 비정상 code=INFO-200
[2026-09-23 01:12:07] position 7호선 비정상 code=INFO-200
[2026-09-23 01:12:08] position 8호선 비정상 code=INFO-200
[2026-09-23 01:12:09] position 9호선 비정상 code=INFO-200
[2026-09-23 01:12:12] 위치 6행 / 도착 540행 저장, 호출 10 (누적 650)
[2026-09-23 01:15:01] position 1호선 비정상 code=INFO-200
[2026-09-23 01:15:02] position 3호선 비정상 code=INFO-200
[2026-09-23 01:15:02] position 4호선 비정상 code=INFO-200
[2026-09-23 01:15:04] position 6호선 비정상 code=INFO-200
[2026-09-23 01:15:05] position 7호선 비정상 code=INFO-200
[2026-09-23 01:15:05] position 8호선 비정상 code=INFO-200
[2026-09-23 01:15:06] position 9호선 비정상 code=INFO-200
[2026-09-23 01:15:07] 위치 4행 / 도착 420행 저장, 호출 10 (누적 660)
[2026-09-23 01:18:01] position 1호선 비정상 code=INFO-200
[2026-09-23 01:18:02] position 2호선 비정상 code=INFO-200
[2026-09-23 01:18:03] position 3호선 비정상 code=INFO-200
[2026-09-23 01:18:03] position 4호선 비정상 code=INFO-200
[2026-09-23 01:18:05] position 6호선 비정상 code=INFO-200
[2026-09-23 01:18:06] position 7호선 비정상 code=INFO-200
[2026-09-23 01:18:08] position 8호선 비정상 code=INFO-200
[2026-09-23 01:18:08] position 9호선 비정상 code=INFO-200
[2026-09-23 01:18:10] 위치 1행 / 도착 300행 저장, 호출 10 (누적 670)
[2026-09-23 01:21:00] position 1호선 비정상 code=INFO-200
[2026-09-23 01:21:01] position 2호선 비정상 code=INFO-200
[2026-09-23 01:21:01] position 3호선 비정상 code=INFO-200
[2026-09-23 01:21:01] position 4호선 비정상 code=INFO-200
[2026-09-23 01:21:02] position 6호선 비정상 code=INFO-200
[2026-09-23 01:21:03] position 7호선 비정상 code=INFO-200
[2026-09-23 01:21:04] position 8호선 비정상 code=INFO-200
[2026-09-23 01:21:04] position 9호선 비정상 code=INFO-200
[2026-09-23 01:21:07] 위치 1행 / 도착 228행 저장, 호출 10 (누적 680)
[2026-09-23 01:24:00] position 1호선 비정상 code=INFO-200
[2026-09-23 01:24:02] position 2호선 비정상 code=INFO-200
[2026-09-23 01:24:02] position 3호선 비정상 code=INFO-200
[2026-09-23 01:24:02] position 4호선 비정상 code=INFO-200
[2026-09-23 01:24:03] position 6호선 비정상 code=INFO-200
[2026-09-23 01:24:03] position 7호선 비정상 code=INFO-200
[2026-09-23 01:24:04] position 8호선 비정상 code=INFO-200
[2026-09-23 01:24:06] position 9호선 비정상 code=INFO-200
[2026-09-23 01:24:07] 위치 1행 / 도착 126행 저장, 호출 10 (누적 690)
[2026-09-23 01:27:00] position 1호선 비정상 code=INFO-200
[2026-09-23 01:27:02] position 2호선 비정상 code=INFO-200
[2026-09-23 01:27:03] position 3호선 비정상 code=INFO-200
[2026-09-23 01:27:03] position 4호선 비정상 code=INFO-200
[2026-09-23 01:27:06] position 6호선 비정상 code=INFO-200
[2026-09-23 01:27:07] position 7호선 비정상 code=INFO-200
[2026-09-23 01:27:08] position 8호선 비정상 code=INFO-200
[2026-09-23 01:27:09] position 9호선 비정상 code=INFO-200
[2026-09-23 01:27:11] 위치 1행 / 도착 113행 저장, 호출 10 (누적 700)
[2026-09-23 01:30:01] position 1호선 비정상 code=INFO-200
[2026-09-23 01:30:02] position 2호선 비정상 code=INFO-200
[2026-09-23 01:30:03] position 3호선 비정상 code=INFO-200
[2026-09-23 01:30:04] position 4호선 비정상 code=INFO-200
[2026-09-23 01:30:06] position 6호선 비정상 code=INFO-200
[2026-09-23 01:30:07] position 7호선 비정상 code=INFO-200
[2026-09-23 01:30:08] position 8호선 비정상 code=INFO-200
[2026-09-23 01:30:09] position 9호선 비정상 code=INFO-200
[2026-09-23 01:30:11] 위치 1행 / 도착 101행 저장, 호출 10 (누적 710)
[2026-09-23 01:33:01] position 1호선 비정상 code=INFO-200
[2026-09-23 01:33:01] position 2호선 비정상 code=INFO-200
[2026-09-23 01:33:02] position 3호선 비정상 code=INFO-200
[2026-09-23 01:33:03] position 4호선 비정상 code=INFO-200
[2026-09-23 01:33:03] position 6호선 비정상 code=INFO-200
[2026-09-23 01:33:05] position 7호선 비정상 code=INFO-200
[2026-09-23 01:33:06] position 8호선 비정상 code=INFO-200
[2026-09-23 01:33:06] position 9호선 비정상 code=INFO-200
[2026-09-23 01:33:08] 위치 1행 / 도착 94행 저장, 호출 10 (누적 720)
[2026-09-23 01:36:01] position 1호선 비정상 code=INFO-200
[2026-09-23 01:36:01] position 2호선 비정상 code=INFO-200
[2026-09-23 01:36:03] position 3호선 비정상 code=INFO-200
[2026-09-23 01:36:03] position 4호선 비정상 code=INFO-200
[2026-09-23 01:36:06] position 6호선 비정상 code=INFO-200
[2026-09-23 01:36:07] position 7호선 비정상 code=INFO-200
[2026-09-23 01:36:08] position 8호선 비정상 code=INFO-200
[2026-09-23 01:36:09] position 9호선 비정상 code=INFO-200
[2026-09-23 01:36:10] 위치 1행 / 도착 86행 저장, 호출 10 (누적 730)
[2026-09-23 01:39:01] position 1호선 비정상 code=INFO-200
[2026-09-23 01:39:01] position 2호선 비정상 code=INFO-200
[2026-09-23 01:39:03] position 3호선 비정상 code=INFO-200
[2026-09-23 01:39:04] position 4호선 비정상 code=INFO-200
[2026-09-23 01:39:05] position 6호선 비정상 code=INFO-200
[2026-09-23 01:39:06] position 7호선 비정상 code=INFO-200
[2026-09-23 01:39:07] position 8호선 비정상 code=INFO-200
[2026-09-23 01:39:08] position 9호선 비정상 code=INFO-200
[2026-09-23 01:39:10] 위치 1행 / 도착 5행 저장, 호출 10 (누적 740)
[2026-09-23 01:42:01] position 1호선 비정상 code=INFO-200
[2026-09-23 01:42:01] position 2호선 비정상 code=INFO-200
[2026-09-23 01:42:02] position 3호선 비정상 code=INFO-200
[2026-09-23 01:42:03] position 4호선 비정상 code=INFO-200
[2026-09-23 01:42:05] position 6호선 비정상 code=INFO-200
[2026-09-23 01:42:06] position 7호선 비정상 code=INFO-200
[2026-09-23 01:42:07] position 8호선 비정상 code=INFO-200
[2026-09-23 01:42:07] position 9호선 비정상 code=INFO-200
[2026-09-23 01:42:08] 위치 1행 / 도착 5행 저장, 호출 10 (누적 750)
[2026-09-23 01:45:01] position 1호선 비정상 code=INFO-200
[2026-09-23 01:45:02] position 2호선 비정상 code=INFO-200
[2026-09-23 01:45:03] position 3호선 비정상 code=INFO-200
[2026-09-23 01:45:04] position 4호선 비정상 code=INFO-200
[2026-09-23 01:45:05] position 6호선 비정상 code=INFO-200
[2026-09-23 01:45:06] position 7호선 비정상 code=INFO-200
[2026-09-23 01:45:07] position 8호선 비정상 code=INFO-200
[2026-09-23 01:45:08] position 9호선 비정상 code=INFO-200
[2026-09-23 01:45:10] 위치 1행 / 도착 5행 저장, 호출 10 (누적 760)
[2026-09-23 01:48:00] position 1호선 비정상 code=INFO-200
[2026-09-23 01:48:01] position 2호선 비정상 code=INFO-200
[2026-09-23 01:48:02] position 3호선 비정상 code=INFO-200
[2026-09-23 01:48:04] position 4호선 비정상 code=INFO-200
[2026-09-23 01:48:05] position 6호선 비정상 code=INFO-200
[2026-09-23 01:48:06] position 7호선 비정상 code=INFO-200
[2026-09-23 01:48:06] position 8호선 비정상 code=INFO-200
[2026-09-23 01:48:07] position 9호선 비정상 code=INFO-200
[2026-09-23 01:48:08] 위치 1행 / 도착 5행 저장, 호출 10 (누적 770)
[2026-09-23 01:51:00] position 1호선 비정상 code=INFO-200
[2026-09-23 01:51:01] position 2호선 비정상 code=INFO-200
[2026-09-23 01:51:02] position 3호선 비정상 code=INFO-200
[2026-09-23 01:51:03] position 4호선 비정상 code=INFO-200
[2026-09-23 01:51:05] position 6호선 비정상 code=INFO-200
[2026-09-23 01:51:08] position 7호선 비정상 code=INFO-200
[2026-09-23 01:51:08] position 8호선 비정상 code=INFO-200
[2026-09-23 01:51:10] position 9호선 비정상 code=INFO-200
[2026-09-23 01:51:12] 위치 1행 / 도착 5행 저장, 호출 10 (누적 780)
[2026-09-23 01:54:01] position 1호선 비정상 code=INFO-200
[2026-09-23 01:54:02] position 2호선 비정상 code=INFO-200
[2026-09-23 01:54:03] position 3호선 비정상 code=INFO-200
[2026-09-23 01:54:04] position 4호선 비정상 code=INFO-200
[2026-09-23 01:54:07] position 6호선 비정상 code=INFO-200
[2026-09-23 01:54:08] position 7호선 비정상 code=INFO-200
[2026-09-23 01:54:09] position 8호선 비정상 code=INFO-200
[2026-09-23 01:54:10] position 9호선 비정상 code=INFO-200
[2026-09-23 01:54:11] 위치 1행 / 도착 5행 저장, 호출 10 (누적 790)
[2026-09-23 01:57:01] position 1호선 비정상 code=INFO-200
[2026-09-23 01:57:02] position 2호선 비정상 code=INFO-200
[2026-09-23 01:57:03] position 3호선 비정상 code=INFO-200
[2026-09-23 01:57:04] position 4호선 비정상 code=INFO-200
[2026-09-23 01:57:06] position 6호선 비정상 code=INFO-200
[2026-09-23 01:57:07] position 7호선 비정상 code=INFO-200
[2026-09-23 01:57:08] position 8호선 비정상 code=INFO-200
[2026-09-23 01:57:08] position 9호선 비정상 code=INFO-200
[2026-09-23 01:57:10] 위치 1행 / 도착 5행 저장, 호출 10 (누적 800)
[2026-09-23 02:00:00] 수집 창 종료
