[2026-09-16 21:29:25] 수집 창 09-16 22:00 ~ 09-17 02:00, 180초 간격, 상한 950콜
[2026-09-16 21:29:25] 시작까지 30.6분 대기
[2026-09-16 22:00:08] 위치 301행 / 도착 2903행 저장, 호출 10 (누적 10)
[2026-09-16 22:03:09] 위치 308행 / 도착 2869행 저장, 호출 10 (누적 20)
[2026-09-16 22:06:09] 위치 305행 / 도착 2907행 저장, 호출 10 (누적 30)
[2026-09-16 22:09:06] 위치 302행 / 도착 2895행 저장, 호출 10 (누적 40)
[2026-09-16 22:12:09] 위치 290행 / 도착 2850행 저장, 호출 10 (누적 50)
[2026-09-16 22:15:09] 위치 297행 / 도착 2854행 저장, 호출 10 (누적 60)
[2026-09-16 22:18:06] 위치 294행 / 도착 2879행 저장, 호출 10 (누적 70)
[2026-09-16 22:21:09] 위치 278행 / 도착 2816행 저장, 호출 10 (누적 80)
[2026-09-16 22:24:06] 위치 283행 / 도착 2856행 저장, 호출 10 (누적 90)
[2026-09-16 22:27:05] 위치 280행 / 도착 2860행 저장, 호출 10 (누적 100)
[2026-09-16 22:30:09] 위치 281행 / 도착 2846행 저장, 호출 10 (누적 110)
[2026-09-16 22:33:10] 위치 282행 / 도착 2816행 저장, 호출 10 (누적 120)
[2026-09-16 22:36:05] 위치 280행 / 도착 2812행 저장, 호출 10 (누적 130)
[2026-09-16 22:39:08] 위치 274행 / 도착 2798행 저장, 호출 10 (누적 140)
[2026-09-16 22:42:08] 위치 271행 / 도착 2798행 저장, 호출 10 (누적 150)
[2026-09-16 22:45:06] 위치 276행 / 도착 2794행 저장, 호출 10 (누적 160)
[2026-09-16 22:48:09] 위치 269행 / 도착 2791행 저장, 호출 10 (누적 170)
[2026-09-16 22:51:09] 위치 271행 / 도착 2784행 저장, 호출 10 (누적 180)
[2026-09-16 22:54:06] 위치 261행 / 도착 2735행 저장, 호출 10 (누적 190)
[2026-09-16 22:57:09] 위치 257행 / 도착 2756행 저장, 호출 10 (누적 200)
[2026-09-16 23:00:09] 위치 259행 / 도착 2714행 저장, 호출 10 (누적 210)
[2026-09-16 23:03:05] 위치 251행 / 도착 2707행 저장, 호출 10 (누적 220)
[2026-09-16 23:06:06] 위치 245행 / 도착 2691행 저장, 호출 10 (누적 230)
[2026-09-16 23:09:06] 위치 248행 / 도착 2694행 저장, 호출 10 (누적 240)
[2026-09-16 23:12:05] 위치 239행 / 도착 2640행 저장, 호출 10 (누적 250)
[2026-09-16 23:15:06] 위치 239행 / 도착 2649행 저장, 호출 10 (누적 260)
[2026-09-16 23:18:05] 위치 238행 / 도착 2621행 저장, 호출 10 (누적 270)
[2026-09-16 23:21:05] 위치 231행 / 도착 2608행 저장, 호출 10 (누적 280)
[2026-09-16 23:24:10] 위치 236행 / 도착 2615행 저장, 호출 10 (누적 290)
[2026-09-16 23:27:09] 위치 232행 / 도착 2541행 저장, 호출 10 (누적 300)
[2026-09-16 23:30:06] 위치 230행 / 도착 2510행 저장, 호출 10 (누적 310)
[2026-09-16 23:33:10] 위치 226행 / 도착 2494행 저장, 호출 10 (누적 320)
[2026-09-16 23:36:09] 위치 220행 / 도착 2482행 저장, 호출 10 (누적 330)
[2026-09-16 23:39:05] 위치 215행 / 도착 2458행 저장, 호출 10 (누적 340)
[2026-09-16 23:42:06] 위치 217행 / 도착 2428행 저장, 호출 10 (누적 350)
[2026-09-16 23:45:09] 위치 214행 / 도착 2383행 저장, 호출 10 (누적 360)
[2026-09-16 23:48:05] 위치 213행 / 도착 2357행 저장, 호출 10 (누적 370)
[2026-09-16 23:51:05] 위치 217행 / 도착 2331행 저장, 호출 10 (누적 380)
[2026-09-16 23:54:06] 위치 204행 / 도착 2307행 저장, 호출 10 (누적 390)
[2026-09-16 23:57:05] 위치 195행 / 도착 2233행 저장, 호출 10 (누적 400)
[2026-09-17 00:00:08] 위치 194행 / 도착 2230행 저장, 호출 10 (누적 410)
[2026-09-17 00:03:08] 위치 188행 / 도착 2203행 저장, 호출 10 (누적 420)
[2026-09-17 00:06:05] 위치 194행 / 도착 2182행 저장, 호출 10 (누적 430)
[2026-09-17 00:09:09] 위치 186행 / 도착 2127행 저장, 호출 10 (누적 440)
[2026-09-17 00:12:10] 위치 179행 / 도착 2097행 저장, 호출 10 (누적 450)
[2026-09-17 00:15:04] 위치 175행 / 도착 2045행 저장, 호출 10 (누적 460)
[2026-09-17 00:18:07] 위치 170행 / 도착 1971행 저장, 호출 10 (누적 470)
[2026-09-17 00:21:10] 위치 157행 / 도착 1907행 저장, 호출 10 (누적 480)
[2026-09-17 00:24:05] 위치 150행 / 도착 1878행 저장, 호출 10 (누적 490)
[2026-09-17 00:27:06] 위치 144행 / 도착 1810행 저장, 호출 10 (누적 500)
[2026-09-17 00:30:09] 위치 135행 / 도착 1711행 저장, 호출 10 (누적 510)
[2026-09-17 00:33:05] 위치 131행 / 도착 1624행 저장, 호출 10 (누적 520)
[2026-09-17 00:36:05] 위치 118행 / 도착 1525행 저장, 호출 10 (누적 530)
[2026-09-17 00:39:08] 위치 108행 / 도착 1446행 저장, 호출 10 (누적 540)
[2026-09-17 00:42:04] 위치 108행 / 도착 1366행 저장, 호출 10 (누적 550)
[2026-09-17 00:45:09] 위치 104행 / 도착 1285행 저장, 호출 10 (누적 560)
[2026-09-17 00:48:09] 위치 91행 / 도착 1121행 저장, 호출 10 (누적 570)
[2026-09-17 00:51:05] 위치 79행 / 도착 1049행 저장, 호출 10 (누적 580)
[2026-09-17 00:54:06] 위치 76행 / 도착 953행 저장, 호출 10 (누적 590)
[2026-09-17 00:57:05] 위치 69행 / 도착 895행 저장, 호출 10 (누적 600)
[2026-09-17 01:00:05] 위치 57행 / 도착 832행 저장, 호출 10 (누적 610)
[2026-09-17 01:03:04] 위치 46행 / 도착 768행 저장, 호출 10 (누적 620)
[2026-09-17 01:06:03] position 8호선 비정상 code=INFO-200
[2026-09-17 01:06:04] position 9호선 비정상 code=INFO-200
[2026-09-17 01:06:05] 위치 14행 / 도착 701행 저장, 호출 10 (누적 630)
[2026-09-17 01:09:00] position 1호선 비정상 code=INFO-200
[2026-09-17 01:09:01] position 3호선 비정상 code=INFO-200
[2026-09-17 01:09:02] position 6호선 비정상 code=INFO-200
[2026-09-17 01:09:02] position 8호선 비정상 code=INFO-200
[2026-09-17 01:09:02] position 9호선 비정상 code=INFO-200
[2026-09-17 01:09:04] 위치 5행 / 도착 536행 저장, 호출 10 (누적 640)
[2026-09-17 01:12:00] position 1호선 비정상 code=INFO-200
[2026-09-17 01:12:00] position 2호선 비정상 code=INFO-200
[2026-09-17 01:12:01] position 3호선 비정상 code=INFO-200
[2026-09-17 01:12:01] position 4호선 비정상 code=INFO-200
[2026-09-17 01:12:02] position 6호선 비정상 code=INFO-200
[2026-09-17 01:12:02] position 8호선 비정상 code=INFO-200
[2026-09-17 01:12:03] position 9호선 비정상 code=INFO-200
[2026-09-17 01:12:04] 위치 2행 / 도착 469행 저장, 호출 10 (누적 650)
[2026-09-17 01:15:01] position 1호선 비정상 code=INFO-200
[2026-09-17 01:15:02] position 2호선 비정상 code=INFO-200
[2026-09-17 01:15:02] position 3호선 비정상 code=INFO-200
[2026-09-17 01:15:03] position 4호선 비정상 code=INFO-200
[2026-09-17 01:15:04] position 6호선 비정상 code=INFO-200
[2026-09-17 01:15:05] position 8호선 비정상 code=INFO-200
[2026-09-17 01:15:05] position 9호선 비정상 code=INFO-200
[2026-09-17 01:15:06] 위치 2행 / 도착 392행 저장, 호출 10 (누적 660)
[2026-09-17 01:18:00] position 1호선 비정상 code=INFO-200
[2026-09-17 01:18:01] position 2호선 비정상 code=INFO-200
[2026-09-17 01:18:01] position 3호선 비정상 code=INFO-200
[2026-09-17 01:18:02] position 4호선 비정상 code=INFO-200
[2026-09-17 01:18:03] position 6호선 비정상 code=INFO-200
[2026-09-17 01:18:03] position 8호선 비정상 code=INFO-200
[2026-09-17 01:18:03] position 9호선 비정상 code=INFO-200
[2026-09-17 01:18:05] 위치 2행 / 도착 303행 저장, 호출 10 (누적 670)
[2026-09-17 01:21:00] position 1호선 비정상 code=INFO-200
[2026-09-17 01:21:01] position 2호선 비정상 code=INFO-200
[2026-09-17 01:21:02] position 3호선 비정상 code=INFO-200
[2026-09-17 01:21:02] position 4호선 비정상 code=INFO-200
[2026-09-17 01:21:03] position 6호선 비정상 code=INFO-200
[2026-09-17 01:21:05] position 8호선 비정상 code=INFO-200
[2026-09-17 01:21:05] position 9호선 비정상 code=INFO-200
[2026-09-17 01:21:07] 위치 2행 / 도착 226행 저장, 호출 10 (누적 680)
[2026-09-17 01:24:00] position 1호선 비정상 code=INFO-200
[2026-09-17 01:24:02] position 2호선 비정상 code=INFO-200
[2026-09-17 01:24:02] position 3호선 비정상 code=INFO-200
[2026-09-17 01:24:03] position 4호선 비정상 code=INFO-200
[2026-09-17 01:24:03] position 6호선 비정상 code=INFO-200
[2026-09-17 01:24:05] position 8호선 비정상 code=INFO-200
[2026-09-17 01:24:05] position 9호선 비정상 code=INFO-200
[2026-09-17 01:24:06] 위치 2행 / 도착 139행 저장, 호출 10 (누적 690)
[2026-09-17 01:27:00] position 1호선 비정상 code=INFO-200
[2026-09-17 01:27:00] position 2호선 비정상 code=INFO-200
[2026-09-17 01:27:00] position 3호선 비정상 code=INFO-200
[2026-09-17 01:27:01] position 4호선 비정상 code=INFO-200
[2026-09-17 01:27:01] position 6호선 비정상 code=INFO-200
[2026-09-17 01:27:02] position 8호선 비정상 code=INFO-200
[2026-09-17 01:27:02] position 9호선 비정상 code=INFO-200
[2026-09-17 01:27:04] 위치 2행 / 도착 116행 저장, 호출 10 (누적 700)
[2026-09-17 01:30:00] position 1호선 비정상 code=INFO-200
[2026-09-17 01:30:02] position 2호선 비정상 code=INFO-200
[2026-09-17 01:30:03] position 3호선 비정상 code=INFO-200
[2026-09-17 01:30:03] position 4호선 비정상 code=INFO-200
[2026-09-17 01:30:05] position 6호선 비정상 code=INFO-200
[2026-09-17 01:30:06] position 8호선 비정상 code=INFO-200
[2026-09-17 01:30:06] position 9호선 비정상 code=INFO-200
[2026-09-17 01:30:07] 위치 2행 / 도착 19행 저장, 호출 10 (누적 710)
[2026-09-17 01:33:01] position 1호선 비정상 code=INFO-200
[2026-09-17 01:33:02] position 2호선 비정상 code=INFO-200
[2026-09-17 01:33:03] position 3호선 비정상 code=INFO-200
[2026-09-17 01:33:03] position 4호선 비정상 code=INFO-200
[2026-09-17 01:33:05] position 6호선 비정상 code=INFO-200
[2026-09-17 01:33:06] position 8호선 비정상 code=INFO-200
[2026-09-17 01:33:07] position 9호선 비정상 code=INFO-200
[2026-09-17 01:33:07] 위치 2행 / 도착 15행 저장, 호출 10 (누적 720)
[2026-09-17 01:36:01] position 1호선 비정상 code=INFO-200
[2026-09-17 01:36:01] position 2호선 비정상 code=INFO-200
[2026-09-17 01:36:01] position 3호선 비정상 code=INFO-200
[2026-09-17 01:36:02] position 4호선 비정상 code=INFO-200
[2026-09-17 01:36:02] position 6호선 비정상 code=INFO-200
[2026-09-17 01:36:03] position 8호선 비정상 code=INFO-200
[2026-09-17 01:36:03] position 9호선 비정상 code=INFO-200
[2026-09-17 01:36:04] 위치 2행 / 도착 10행 저장, 호출 10 (누적 730)
[2026-09-17 01:39:00] position 1호선 비정상 code=INFO-200
[2026-09-17 01:39:00] position 2호선 비정상 code=INFO-200
[2026-09-17 01:39:01] position 3호선 비정상 code=INFO-200
[2026-09-17 01:39:01] position 4호선 비정상 code=INFO-200
[2026-09-17 01:39:02] position 6호선 비정상 code=INFO-200
[2026-09-17 01:39:03] position 8호선 비정상 code=INFO-200
[2026-09-17 01:39:03] position 9호선 비정상 code=INFO-200
[2026-09-17 01:39:04] 위치 2행 / 도착 8행 저장, 호출 10 (누적 740)
[2026-09-17 01:42:01] position 1호선 비정상 code=INFO-200
[2026-09-17 01:42:02] position 2호선 비정상 code=INFO-200
[2026-09-17 01:42:03] position 3호선 비정상 code=INFO-200
[2026-09-17 01:42:03] position 4호선 비정상 code=INFO-200
[2026-09-17 01:42:04] position 6호선 비정상 code=INFO-200
[2026-09-17 01:42:06] position 8호선 비정상 code=INFO-200
[2026-09-17 01:42:06] position 9호선 비정상 code=INFO-200
[2026-09-17 01:42:07] 위치 2행 / 도착 6행 저장, 호출 10 (누적 750)
[2026-09-17 01:45:00] position 1호선 비정상 code=INFO-200
[2026-09-17 01:45:01] position 2호선 비정상 code=INFO-200
[2026-09-17 01:45:01] position 3호선 비정상 code=INFO-200
[2026-09-17 01:45:01] position 4호선 비정상 code=INFO-200
[2026-09-17 01:45:03] position 6호선 비정상 code=INFO-200
[2026-09-17 01:45:03] position 8호선 비정상 code=INFO-200
[2026-09-17 01:45:04] position 9호선 비정상 code=INFO-200
[2026-09-17 01:45:04] 위치 2행 / 도착 4행 저장, 호출 10 (누적 760)
[2026-09-17 01:48:01] position 1호선 비정상 code=INFO-200
[2026-09-17 01:48:02] position 2호선 비정상 code=INFO-200
[2026-09-17 01:48:03] position 3호선 비정상 code=INFO-200
[2026-09-17 01:48:03] position 4호선 비정상 code=INFO-200
[2026-09-17 01:48:06] position 6호선 비정상 code=INFO-200
[2026-09-17 01:48:07] position 8호선 비정상 code=INFO-200
[2026-09-17 01:48:07] position 9호선 비정상 code=INFO-200
[2026-09-17 01:48:09] 위치 2행 / 도착 4행 저장, 호출 10 (누적 770)
[2026-09-17 01:51:01] position 1호선 비정상 code=INFO-200
[2026-09-17 01:51:02] position 2호선 비정상 code=INFO-200
[2026-09-17 01:51:03] position 3호선 비정상 code=INFO-200
[2026-09-17 01:51:03] position 4호선 비정상 code=INFO-200
[2026-09-17 01:51:03] position 6호선 비정상 code=INFO-200
[2026-09-17 01:51:05] position 8호선 비정상 code=INFO-200
[2026-09-17 01:51:05] position 9호선 비정상 code=INFO-200
[2026-09-17 01:51:07] 위치 2행 / 도착 4행 저장, 호출 10 (누적 780)
[2026-09-17 01:54:00] position 1호선 비정상 code=INFO-200
[2026-09-17 01:54:01] position 2호선 비정상 code=INFO-200
[2026-09-17 01:54:01] position 3호선 비정상 code=INFO-200
[2026-09-17 01:54:02] position 4호선 비정상 code=INFO-200
[2026-09-17 01:54:03] position 6호선 비정상 code=INFO-200
[2026-09-17 01:54:04] position 8호선 비정상 code=INFO-200
[2026-09-17 01:54:04] position 9호선 비정상 code=INFO-200
[2026-09-17 01:54:04] 위치 2행 / 도착 4행 저장, 호출 10 (누적 790)
[2026-09-17 01:57:01] position 1호선 비정상 code=INFO-200
[2026-09-17 01:57:02] position 2호선 비정상 code=INFO-200
[2026-09-17 01:57:03] position 3호선 비정상 code=INFO-200
[2026-09-17 01:57:03] position 4호선 비정상 code=INFO-200
[2026-09-17 01:57:04] position 6호선 비정상 code=INFO-200
[2026-09-17 01:57:06] position 8호선 비정상 code=INFO-200
[2026-09-17 01:57:07] position 9호선 비정상 code=INFO-200
[2026-09-17 01:57:07] 위치 2행 / 도착 4행 저장, 호출 10 (누적 800)
[2026-09-17 02:00:00] 수집 창 종료
