[2026-09-19 21:15:36] 수집 창 09-19 22:00 ~ 09-20 02:00, 180초 간격, 상한 950콜
[2026-09-19 21:15:36] 시작까지 44.4분 대기
[2026-09-19 22:00:11] 위치 290행 / 도착 2743행 저장, 호출 10 (누적 10)
[2026-09-19 22:03:11] 위치 279행 / 도착 2756행 저장, 호출 10 (누적 20)
[2026-09-19 22:06:11] 위치 279행 / 도착 2756행 저장, 호출 10 (누적 30)
[2026-09-19 22:09:11] 위치 272행 / 도착 2740행 저장, 호출 10 (누적 40)
[2026-09-19 22:12:11] 위치 275행 / 도착 2752행 저장, 호출 10 (누적 50)
[2026-09-19 22:15:09] 위치 275행 / 도착 2738행 저장, 호출 10 (누적 60)
[2026-09-19 22:18:11] 위치 270행 / 도착 2734행 저장, 호출 10 (누적 70)
[2026-09-19 22:21:12] 위치 275행 / 도착 2732행 저장, 호출 10 (누적 80)
[2026-09-19 22:24:13] 위치 279행 / 도착 2739행 저장, 호출 10 (누적 90)
[2026-09-19 22:27:12] 위치 266행 / 도착 2740행 저장, 호출 10 (누적 100)
[2026-09-19 22:30:13] 위치 266행 / 도착 2725행 저장, 호출 10 (누적 110)
[2026-09-19 22:33:15] 위치 257행 / 도착 2702행 저장, 호출 10 (누적 120)
[2026-09-19 22:36:15] 위치 267행 / 도착 2687행 저장, 호출 10 (누적 130)
[2026-09-19 22:39:14] 위치 264행 / 도착 2688행 저장, 호출 10 (누적 140)
[2026-09-19 22:42:14] 위치 265행 / 도착 2696행 저장, 호출 10 (누적 150)
[2026-09-19 22:45:13] 위치 247행 / 도착 2724행 저장, 호출 10 (누적 160)
[2026-09-19 22:48:13] 위치 255행 / 도착 2699행 저장, 호출 10 (누적 170)
[2026-09-19 22:51:13] 위치 245행 / 도착 2709행 저장, 호출 10 (누적 180)
[2026-09-19 22:54:11] 위치 250행 / 도착 2696행 저장, 호출 10 (누적 190)
[2026-09-19 22:57:09] 위치 245행 / 도착 2686행 저장, 호출 10 (누적 200)
[2026-09-19 23:00:16] 위치 232행 / 도착 2662행 저장, 호출 10 (누적 210)
[2026-09-19 23:03:14] 위치 236행 / 도착 2704행 저장, 호출 10 (누적 220)
[2026-09-19 23:06:08] 위치 232행 / 도착 2690행 저장, 호출 10 (누적 230)
[2026-09-19 23:09:13] 위치 236행 / 도착 2643행 저장, 호출 10 (누적 240)
[2026-09-19 23:12:10] 위치 230행 / 도착 2632행 저장, 호출 10 (누적 250)
[2026-09-19 23:15:11] 위치 217행 / 도착 2563행 저장, 호출 10 (누적 260)
[2026-09-19 23:18:13] 위치 216행 / 도착 2561행 저장, 호출 10 (누적 270)
[2026-09-19 23:21:11] 위치 222행 / 도착 2600행 저장, 호출 10 (누적 280)
[2026-09-19 23:24:10] 위치 210행 / 도착 2523행 저장, 호출 10 (누적 290)
[2026-09-19 23:27:11] 위치 208행 / 도착 2465행 저장, 호출 10 (누적 300)
[2026-09-19 23:30:11] 위치 201행 / 도착 2409행 저장, 호출 10 (누적 310)
[2026-09-19 23:33:10] 위치 196행 / 도착 2383행 저장, 호출 10 (누적 320)
[2026-09-19 23:36:13] 위치 188행 / 도착 2335행 저장, 호출 10 (누적 330)
[2026-09-19 23:39:11] 위치 185행 / 도착 2311행 저장, 호출 10 (누적 340)
[2026-09-19 23:42:06] 위치 183행 / 도착 2241행 저장, 호출 10 (누적 350)
[2026-09-19 23:45:14] 위치 172행 / 도착 2161행 저장, 호출 10 (누적 360)
[2026-09-19 23:48:15] 위치 160행 / 도착 2052행 저장, 호출 10 (누적 370)
[2026-09-19 23:51:11] 위치 158행 / 도착 1956행 저장, 호출 10 (누적 380)
[2026-09-19 23:54:13] 위치 151행 / 도착 1866행 저장, 호출 10 (누적 390)
[2026-09-19 23:57:10] 위치 141행 / 도착 1793행 저장, 호출 10 (누적 400)
[2026-09-20 00:00:11] 위치 128행 / 도착 1705행 저장, 호출 10 (누적 410)
[2026-09-20 00:03:12] 위치 117행 / 도착 1588행 저장, 호출 10 (누적 420)
[2026-09-20 00:06:12] 위치 99행 / 도착 1511행 저장, 호출 10 (누적 430)
[2026-09-20 00:09:08] position 9호선 비정상 code=INFO-200
[2026-09-20 00:09:10] 위치 72행 / 도착 1420행 저장, 호출 10 (누적 440)
[2026-09-20 00:12:02] position 3호선 비정상 code=INFO-200
[2026-09-20 00:12:09] position 9호선 비정상 code=INFO-200
[2026-09-20 00:12:12] 위치 54행 / 도착 1258행 저장, 호출 10 (누적 450)
[2026-09-20 00:15:01] position 2호선 비정상 code=INFO-200
[2026-09-20 00:15:02] position 3호선 비정상 code=INFO-200
[2026-09-20 00:15:06] position 9호선 비정상 code=INFO-200
[2026-09-20 00:15:08] 위치 45행 / 도착 1134행 저장, 호출 10 (누적 460)
[2026-09-20 00:18:02] position 2호선 비정상 code=INFO-200
[2026-09-20 00:18:02] position 3호선 비정상 code=INFO-200
[2026-09-20 00:18:09] position 9호선 비정상 code=INFO-200
[2026-09-20 00:18:11] 위치 36행 / 도착 1025행 저장, 호출 10 (누적 470)
[2026-09-20 00:21:02] position 2호선 비정상 code=INFO-200
[2026-09-20 00:21:03] position 3호선 비정상 code=INFO-200
[2026-09-20 00:21:11] position 9호선 비정상 code=INFO-200
[2026-09-20 00:21:14] 위치 30행 / 도착 885행 저장, 호출 10 (누적 480)
[2026-09-20 00:24:02] position 2호선 비정상 code=INFO-200
[2026-09-20 00:24:03] position 3호선 비정상 code=INFO-200
[2026-09-20 00:24:11] position 9호선 비정상 code=INFO-200
[2026-09-20 00:24:14] 위치 27행 / 도착 765행 저장, 호출 10 (누적 490)
[2026-09-20 00:27:01] position 2호선 비정상 code=INFO-200
[2026-09-20 00:27:02] position 3호선 비정상 code=INFO-200
[2026-09-20 00:27:07] position 9호선 비정상 code=INFO-200
[2026-09-20 00:27:10] 위치 25행 / 도착 674행 저장, 호출 10 (누적 500)
[2026-09-20 00:30:02] position 2호선 비정상 code=INFO-200
[2026-09-20 00:30:04] position 3호선 비정상 code=INFO-200
[2026-09-20 00:30:11] position 9호선 비정상 code=INFO-200
[2026-09-20 00:30:14] 위치 22행 / 도착 594행 저장, 호출 10 (누적 510)
[2026-09-20 00:33:02] position 2호선 비정상 code=INFO-200
[2026-09-20 00:33:04] position 3호선 비정상 code=INFO-200
[2026-09-20 00:33:11] position 9호선 비정상 code=INFO-200
[2026-09-20 00:33:14] 위치 19행 / 도착 482행 저장, 호출 10 (누적 520)
[2026-09-20 00:36:02] position 2호선 비정상 code=INFO-200
[2026-09-20 00:36:03] position 3호선 비정상 code=INFO-200
[2026-09-20 00:36:10] position 9호선 비정상 code=INFO-200
[2026-09-20 00:36:13] 위치 17행 / 도착 374행 저장, 호출 10 (누적 530)
[2026-09-20 00:39:02] position 2호선 비정상 code=INFO-200
[2026-09-20 00:39:04] position 3호선 비정상 code=INFO-200
[2026-09-20 00:39:12] position 9호선 비정상 code=INFO-200
[2026-09-20 00:39:15] 위치 13행 / 도착 325행 저장, 호출 10 (누적 540)
[2026-09-20 00:42:01] position 2호선 비정상 code=INFO-200
[2026-09-20 00:42:01] position 3호선 비정상 code=INFO-200
[2026-09-20 00:42:02] position 4호선 비정상 code=INFO-200
[2026-09-20 00:42:05] position 9호선 비정상 code=INFO-200
[2026-09-20 00:42:07] 위치 12행 / 도착 283행 저장, 호출 10 (누적 550)
[2026-09-20 00:45:02] position 2호선 비정상 code=INFO-200
[2026-09-20 00:45:03] position 3호선 비정상 code=INFO-200
[2026-09-20 00:45:03] position 4호선 비정상 code=INFO-200
[2026-09-20 00:45:07] position 9호선 비정상 code=INFO-200
[2026-09-20 00:45:08] 위치 11행 / 도착 230행 저장, 호출 10 (누적 560)
[2026-09-20 00:48:01] position 1호선 비정상 code=INFO-200
[2026-09-20 00:48:02] position 2호선 비정상 code=INFO-200
[2026-09-20 00:48:04] position 3호선 비정상 code=INFO-200
[2026-09-20 00:48:05] position 4호선 비정상 code=INFO-200
[2026-09-20 00:48:08] position 9호선 비정상 code=INFO-200
[2026-09-20 00:48:12] 위치 10행 / 도착 221행 저장, 호출 10 (누적 570)
[2026-09-20 00:51:01] position 1호선 비정상 code=INFO-200
[2026-09-20 00:51:01] position 2호선 비정상 code=INFO-200
[2026-09-20 00:51:01] position 3호선 비정상 code=INFO-200
[2026-09-20 00:51:03] position 4호선 비정상 code=INFO-200
[2026-09-20 00:51:09] position 9호선 비정상 code=INFO-200
[2026-09-20 00:51:10] 위치 10행 / 도착 180행 저장, 호출 10 (누적 580)
[2026-09-20 00:54:00] position 1호선 비정상 code=INFO-200
[2026-09-20 00:54:01] position 2호선 비정상 code=INFO-200
[2026-09-20 00:54:02] position 3호선 비정상 code=INFO-200
[2026-09-20 00:54:04] position 4호선 비정상 code=INFO-200
[2026-09-20 00:54:09] position 9호선 비정상 code=INFO-200
[2026-09-20 00:54:12] 위치 10행 / 도착 146행 저장, 호출 10 (누적 590)
[2026-09-20 00:57:01] position 1호선 비정상 code=INFO-200
[2026-09-20 00:57:02] position 2호선 비정상 code=INFO-200
[2026-09-20 00:57:03] position 3호선 비정상 code=INFO-200
[2026-09-20 00:57:05] position 4호선 비정상 code=INFO-200
[2026-09-20 00:57:09] position 9호선 비정상 code=INFO-200
[2026-09-20 00:57:11] 위치 10행 / 도착 115행 저장, 호출 10 (누적 600)
[2026-09-20 01:00:00] position 1호선 비정상 code=INFO-200
[2026-09-20 01:00:01] position 2호선 비정상 code=INFO-200
[2026-09-20 01:00:01] position 3호선 비정상 code=INFO-200
[2026-09-20 01:00:02] position 4호선 비정상 code=INFO-200
[2026-09-20 01:00:08] position 9호선 비정상 code=INFO-200
[2026-09-20 01:00:10] 위치 10행 / 도착 108행 저장, 호출 10 (누적 610)
[2026-09-20 01:03:01] position 1호선 비정상 code=INFO-200
[2026-09-20 01:03:02] position 2호선 비정상 code=INFO-200
[2026-09-20 01:03:04] position 3호선 비정상 code=INFO-200
[2026-09-20 01:03:05] position 4호선 비정상 code=INFO-200
[2026-09-20 01:03:09] position 9호선 비정상 code=INFO-200
[2026-09-20 01:03:10] 위치 10행 / 도착 31행 저장, 호출 10 (누적 620)
[2026-09-20 01:06:01] position 1호선 비정상 code=INFO-200
[2026-09-20 01:06:03] position 2호선 비정상 code=INFO-200
[2026-09-20 01:06:03] position 3호선 비정상 code=INFO-200
[2026-09-20 01:06:04] position 4호선 비정상 code=INFO-200
[2026-09-20 01:06:07] position 9호선 비정상 code=INFO-200
[2026-09-20 01:06:11] 위치 10행 / 도착 27행 저장, 호출 10 (누적 630)
[2026-09-20 01:09:01] position 1호선 비정상 code=INFO-200
[2026-09-20 01:09:02] position 2호선 비정상 code=INFO-200
[2026-09-20 01:09:04] position 3호선 비정상 code=INFO-200
[2026-09-20 01:09:05] position 4호선 비정상 code=INFO-200
[2026-09-20 01:09:11] position 9호선 비정상 code=INFO-200
[2026-09-20 01:09:13] 위치 10행 / 도착 27행 저장, 호출 10 (누적 640)
[2026-09-20 01:12:01] position 1호선 비정상 code=INFO-200
[2026-09-20 01:12:01] position 2호선 비정상 code=INFO-200
[2026-09-20 01:12:03] position 3호선 비정상 code=INFO-200
[2026-09-20 01:12:04] position 4호선 비정상 code=INFO-200
[2026-09-20 01:12:07] position 9호선 비정상 code=INFO-200
[2026-09-20 01:12:10] 위치 10행 / 도착 26행 저장, 호출 10 (누적 650)
[2026-09-20 01:15:01] position 1호선 비정상 code=INFO-200
[2026-09-20 01:15:01] position 2호선 비정상 code=INFO-200
[2026-09-20 01:15:02] position 3호선 비정상 code=INFO-200
[2026-09-20 01:15:04] position 4호선 비정상 code=INFO-200
[2026-09-20 01:15:09] position 9호선 비정상 code=INFO-200
[2026-09-20 01:15:11] 위치 10행 / 도착 26행 저장, 호출 10 (누적 660)
[2026-09-20 01:18:01] position 1호선 비정상 code=INFO-200
[2026-09-20 01:18:02] position 2호선 비정상 code=INFO-200
[2026-09-20 01:18:03] position 3호선 비정상 code=INFO-200
[2026-09-20 01:18:05] position 4호선 비정상 code=INFO-200
[2026-09-20 01:18:11] position 9호선 비정상 code=INFO-200
[2026-09-20 01:18:12] 위치 10행 / 도착 26행 저장, 호출 10 (누적 670)
[2026-09-20 01:21:01] position 1호선 비정상 code=INFO-200
[2026-09-20 01:21:02] position 2호선 비정상 code=INFO-200
[2026-09-20 01:21:03] position 3호선 비정상 code=INFO-200
[2026-09-20 01:21:04] position 4호선 비정상 code=INFO-200
[2026-09-20 01:21:08] position 9호선 비정상 code=INFO-200
[2026-09-20 01:21:10] 위치 10행 / 도착 26행 저장, 호출 10 (누적 680)
[2026-09-20 01:24:01] position 1호선 비정상 code=INFO-200
[2026-09-20 01:24:02] position 2호선 비정상 code=INFO-200
[2026-09-20 01:24:03] position 3호선 비정상 code=INFO-200
[2026-09-20 01:24:04] position 4호선 비정상 code=INFO-200
[2026-09-20 01:24:10] position 9호선 비정상 code=INFO-200
[2026-09-20 01:24:12] 위치 10행 / 도착 26행 저장, 호출 10 (누적 690)
[2026-09-20 01:27:00] position 1호선 비정상 code=INFO-200
[2026-09-20 01:27:01] position 2호선 비정상 code=INFO-200
[2026-09-20 01:27:03] position 3호선 비정상 code=INFO-200
[2026-09-20 01:27:04] position 4호선 비정상 code=INFO-200
[2026-09-20 01:27:11] position 9호선 비정상 code=INFO-200
[2026-09-20 01:27:13] 위치 10행 / 도착 26행 저장, 호출 10 (누적 700)
[2026-09-20 01:30:00] position 1호선 비정상 code=INFO-200
[2026-09-20 01:30:02] position 2호선 비정상 code=INFO-200
[2026-09-20 01:30:03] position 3호선 비정상 code=INFO-200
[2026-09-20 01:30:04] position 4호선 비정상 code=INFO-200
[2026-09-20 01:30:08] position 9호선 비정상 code=INFO-200
[2026-09-20 01:30:10] 위치 10행 / 도착 26행 저장, 호출 10 (누적 710)
[2026-09-20 01:33:01] position 1호선 비정상 code=INFO-200
[2026-09-20 01:33:02] position 2호선 비정상 code=INFO-200
[2026-09-20 01:33:03] position 3호선 비정상 code=INFO-200
[2026-09-20 01:33:05] position 4호선 비정상 code=INFO-200
[2026-09-20 01:33:11] position 9호선 비정상 code=INFO-200
[2026-09-20 01:33:14] 위치 10행 / 도착 26행 저장, 호출 10 (누적 720)
[2026-09-20 01:36:01] position 1호선 비정상 code=INFO-200
[2026-09-20 01:36:02] position 2호선 비정상 code=INFO-200
[2026-09-20 01:36:03] position 3호선 비정상 code=INFO-200
[2026-09-20 01:36:04] position 4호선 비정상 code=INFO-200
[2026-09-20 01:36:09] position 9호선 비정상 code=INFO-200
[2026-09-20 01:36:12] 위치 10행 / 도착 26행 저장, 호출 10 (누적 730)
[2026-09-20 01:39:01] position 1호선 비정상 code=INFO-200
[2026-09-20 01:39:02] position 2호선 비정상 code=INFO-200
[2026-09-20 01:39:03] position 3호선 비정상 code=INFO-200
[2026-09-20 01:39:04] position 4호선 비정상 code=INFO-200
[2026-09-20 01:39:08] position 9호선 비정상 code=INFO-200
[2026-09-20 01:39:10] 위치 10행 / 도착 26행 저장, 호출 10 (누적 740)
[2026-09-20 01:42:01] position 1호선 비정상 code=INFO-200
[2026-09-20 01:42:02] position 2호선 비정상 code=INFO-200
[2026-09-20 01:42:02] position 3호선 비정상 code=INFO-200
[2026-09-20 01:42:04] position 4호선 비정상 code=INFO-200
[2026-09-20 01:42:09] position 9호선 비정상 code=INFO-200
[2026-09-20 01:42:11] 위치 10행 / 도착 26행 저장, 호출 10 (누적 750)
[2026-09-20 01:45:01] position 1호선 비정상 code=INFO-200
[2026-09-20 01:45:03] position 2호선 비정상 code=INFO-200
[2026-09-20 01:45:04] position 3호선 비정상 code=INFO-200
[2026-09-20 01:45:06] position 4호선 비정상 code=INFO-200
[2026-09-20 01:45:11] position 9호선 비정상 code=INFO-200
[2026-09-20 01:45:14] 위치 10행 / 도착 26행 저장, 호출 10 (누적 760)
[2026-09-20 01:48:01] position 1호선 비정상 code=INFO-200
[2026-09-20 01:48:02] position 2호선 비정상 code=INFO-200
[2026-09-20 01:48:03] position 3호선 비정상 code=INFO-200
[2026-09-20 01:48:04] position 4호선 비정상 code=INFO-200
[2026-09-20 01:48:07] position 9호선 비정상 code=INFO-200
[2026-09-20 01:48:09] 위치 10행 / 도착 26행 저장, 호출 10 (누적 770)
[2026-09-20 01:51:01] position 1호선 비정상 code=INFO-200
[2026-09-20 01:51:02] position 2호선 비정상 code=INFO-200
[2026-09-20 01:51:03] position 3호선 비정상 code=INFO-200
[2026-09-20 01:51:04] position 4호선 비정상 code=INFO-200
[2026-09-20 01:51:08] position 9호선 비정상 code=INFO-200
[2026-09-20 01:51:10] 위치 10행 / 도착 26행 저장, 호출 10 (누적 780)
[2026-09-20 01:54:00] position 1호선 비정상 code=INFO-200
[2026-09-20 01:54:01] position 2호선 비정상 code=INFO-200
[2026-09-20 01:54:02] position 3호선 비정상 code=INFO-200
[2026-09-20 01:54:03] position 4호선 비정상 code=INFO-200
[2026-09-20 01:54:05] position 9호선 비정상 code=INFO-200
[2026-09-20 01:54:07] 위치 10행 / 도착 26행 저장, 호출 10 (누적 790)
[2026-09-20 01:57:01] position 1호선 비정상 code=INFO-200
[2026-09-20 01:57:01] position 2호선 비정상 code=INFO-200
[2026-09-20 01:57:01] position 3호선 비정상 code=INFO-200
[2026-09-20 01:57:02] position 4호선 비정상 code=INFO-200
[2026-09-20 01:57:05] position 9호선 비정상 code=INFO-200
[2026-09-20 01:57:06] 위치 10행 / 도착 26행 저장, 호출 10 (누적 800)
[2026-09-20 02:00:00] 수집 창 종료
