[2026-10-05 21:05:39] 수집 창 10-05 22:00 ~ 10-06 02:00, 180초 간격, 상한 950콜
[2026-10-05 21:05:39] 시작까지 54.3분 대기
[2026-10-05 22:00:11] 위치 289행 / 도착 2735행 저장, 호출 10 (누적 10)
[2026-10-05 22:03:11] 위치 291행 / 도착 2736행 저장, 호출 10 (누적 20)
[2026-10-05 22:06:10] 위치 290행 / 도착 2733행 저장, 호출 10 (누적 30)
[2026-10-05 22:09:11] 위치 281행 / 도착 2740행 저장, 호출 10 (누적 40)
[2026-10-05 22:12:13] 위치 287행 / 도착 2779행 저장, 호출 10 (누적 50)
[2026-10-05 22:15:09] 위치 282행 / 도착 2765행 저장, 호출 10 (누적 60)
[2026-10-05 22:18:08] 위치 272행 / 도착 2730행 저장, 호출 10 (누적 70)
[2026-10-05 22:21:10] 위치 285행 / 도착 2738행 저장, 호출 10 (누적 80)
[2026-10-05 22:24:08] 위치 287행 / 도착 2739행 저장, 호출 10 (누적 90)
[2026-10-05 22:27:12] 위치 272행 / 도착 2720행 저장, 호출 10 (누적 100)
[2026-10-05 22:30:11] 위치 267행 / 도착 2736행 저장, 호출 10 (누적 110)
[2026-10-05 22:33:09] 위치 262행 / 도착 2718행 저장, 호출 10 (누적 120)
[2026-10-05 22:36:09] 위치 266행 / 도착 2689행 저장, 호출 10 (누적 130)
[2026-10-05 22:39:11] 위치 268행 / 도착 2690행 저장, 호출 10 (누적 140)
[2026-10-05 22:42:08] 위치 263행 / 도착 2692행 저장, 호출 10 (누적 150)
[2026-10-05 22:45:11] 위치 255행 / 도착 2724행 저장, 호출 10 (누적 160)
[2026-10-05 22:48:10] 위치 259행 / 도착 2709행 저장, 호출 10 (누적 170)
[2026-10-05 22:51:08] 위치 245행 / 도착 2672행 저장, 호출 10 (누적 180)
[2026-10-05 22:54:13] 위치 251행 / 도착 2664행 저장, 호출 10 (누적 190)
[2026-10-05 22:57:10] 위치 243행 / 도착 2670행 저장, 호출 10 (누적 200)
[2026-10-05 23:00:11] 위치 237행 / 도착 2676행 저장, 호출 10 (누적 210)
[2026-10-05 23:03:11] 위치 241행 / 도착 2689행 저장, 호출 10 (누적 220)
[2026-10-05 23:06:13] 위치 235행 / 도착 2687행 저장, 호출 10 (누적 230)
[2026-10-05 23:09:08] 위치 241행 / 도착 2636행 저장, 호출 10 (누적 240)
[2026-10-05 23:12:12] 위치 225행 / 도착 2609행 저장, 호출 10 (누적 250)
[2026-10-05 23:15:11] 위치 220행 / 도착 2597행 저장, 호출 10 (누적 260)
[2026-10-05 23:18:08] 위치 214행 / 도착 2578행 저장, 호출 10 (누적 270)
[2026-10-05 23:21:12] 위치 219행 / 도착 2545행 저장, 호출 10 (누적 280)
[2026-10-05 23:24:10] 위치 211행 / 도착 2533행 저장, 호출 10 (누적 290)
[2026-10-05 23:27:06] 위치 207행 / 도착 2500행 저장, 호출 10 (누적 300)
[2026-10-05 23:30:12] 위치 201행 / 도착 2438행 저장, 호출 10 (누적 310)
[2026-10-05 23:33:08] 위치 194행 / 도착 2397행 저장, 호출 10 (누적 320)
[2026-10-05 23:36:08] 위치 187행 / 도착 2330행 저장, 호출 10 (누적 330)
[2026-10-05 23:39:08] 위치 184행 / 도착 2310행 저장, 호출 10 (누적 340)
[2026-10-05 23:42:06] 위치 177행 / 도착 2232행 저장, 호출 10 (누적 350)
[2026-10-05 23:45:06] 위치 168행 / 도착 2158행 저장, 호출 10 (누적 360)
[2026-10-05 23:48:06] 위치 158행 / 도착 2015행 저장, 호출 10 (누적 370)
[2026-10-05 23:51:09] 위치 157행 / 도착 1945행 저장, 호출 10 (누적 380)
[2026-10-05 23:54:07] 위치 152행 / 도착 1864행 저장, 호출 10 (누적 390)
[2026-10-05 23:57:09] 위치 135행 / 도착 1794행 저장, 호출 10 (누적 400)
[2026-10-06 00:00:06] 위치 124행 / 도착 1734행 저장, 호출 10 (누적 410)
[2026-10-06 00:03:04] position 9호선 비정상 code=INFO-200
[2026-10-06 00:03:06] 위치 109행 / 도착 1588행 저장, 호출 10 (누적 420)
[2026-10-06 00:06:10] 위치 92행 / 도착 1515행 저장, 호출 10 (누적 430)
[2026-10-06 00:09:02] position 2호선 비정상 code=INFO-200
[2026-10-06 00:09:07] position 9호선 비정상 code=INFO-200
[2026-10-06 00:09:11] 위치 65행 / 도착 1375행 저장, 호출 10 (누적 440)
[2026-10-06 00:12:01] position 2호선 비정상 code=INFO-200
[2026-10-06 00:12:01] position 3호선 비정상 code=INFO-200
[2026-10-06 00:12:06] position 9호선 비정상 code=INFO-200
[2026-10-06 00:12:08] 위치 44행 / 도착 1255행 저장, 호출 10 (누적 450)
[2026-10-06 00:15:00] position 2호선 비정상 code=INFO-200
[2026-10-06 00:15:01] position 3호선 비정상 code=INFO-200
[2026-10-06 00:15:04] position 9호선 비정상 code=INFO-200
[2026-10-06 00:15:07] 위치 36행 / 도착 1150행 저장, 호출 10 (누적 460)
[2026-10-06 00:18:00] position 2호선 비정상 code=INFO-200
[2026-10-06 00:18:01] position 3호선 비정상 code=INFO-200
[2026-10-06 00:18:04] position 9호선 비정상 code=INFO-200
[2026-10-06 00:18:06] 위치 34행 / 도착 1034행 저장, 호출 10 (누적 470)
[2026-10-06 00:21:00] position 2호선 비정상 code=INFO-200
[2026-10-06 00:21:01] position 3호선 비정상 code=INFO-200
[2026-10-06 00:21:03] position 7호선 비정상 code=INFO-200
[2026-10-06 00:21:04] position 9호선 비정상 code=INFO-200
[2026-10-06 00:21:05] 위치 25행 / 도착 898행 저장, 호출 10 (누적 480)
[2026-10-06 00:24:01] position 2호선 비정상 code=INFO-200
[2026-10-06 00:24:03] position 3호선 비정상 code=INFO-200
[2026-10-06 00:24:07] position 7호선 비정상 code=INFO-200
[2026-10-06 00:24:08] position 9호선 비정상 code=INFO-200
[2026-10-06 00:24:10] 위치 24행 / 도착 747행 저장, 호출 10 (누적 490)
[2026-10-06 00:27:02] position 2호선 비정상 code=INFO-200
[2026-10-06 00:27:02] position 3호선 비정상 code=INFO-200
[2026-10-06 00:27:05] position 7호선 비정상 code=INFO-200
[2026-10-06 00:27:07] position 9호선 비정상 code=INFO-200
[2026-10-06 00:27:09] 위치 21행 / 도착 662행 저장, 호출 10 (누적 500)
[2026-10-06 00:30:02] position 2호선 비정상 code=INFO-200
[2026-10-06 00:30:03] position 3호선 비정상 code=INFO-200
[2026-10-06 00:30:04] position 7호선 비정상 code=INFO-200
[2026-10-06 00:30:06] position 9호선 비정상 code=INFO-200
[2026-10-06 00:30:07] 위치 17행 / 도착 524행 저장, 호출 10 (누적 510)
[2026-10-06 00:33:02] position 2호선 비정상 code=INFO-200
[2026-10-06 00:33:03] position 3호선 비정상 code=INFO-200
[2026-10-06 00:33:07] position 7호선 비정상 code=INFO-200
[2026-10-06 00:33:08] position 9호선 비정상 code=INFO-200
[2026-10-06 00:33:11] 위치 13행 / 도착 449행 저장, 호출 10 (누적 520)
[2026-10-06 00:36:02] position 2호선 비정상 code=INFO-200
[2026-10-06 00:36:03] position 3호선 비정상 code=INFO-200
[2026-10-06 00:36:07] position 7호선 비정상 code=INFO-200
[2026-10-06 00:36:09] position 9호선 비정상 code=INFO-200
[2026-10-06 00:36:11] 위치 10행 / 도착 385행 저장, 호출 10 (누적 530)
[2026-10-06 00:39:02] position 2호선 비정상 code=INFO-200
[2026-10-06 00:39:02] position 3호선 비정상 code=INFO-200
[2026-10-06 00:39:02] position 4호선 비정상 code=INFO-200
[2026-10-06 00:39:04] position 7호선 비정상 code=INFO-200
[2026-10-06 00:39:06] position 9호선 비정상 code=INFO-200
[2026-10-06 00:39:08] 위치 7행 / 도착 297행 저장, 호출 10 (누적 540)
[2026-10-06 00:42:00] position 2호선 비정상 code=INFO-200
[2026-10-06 00:42:01] position 3호선 비정상 code=INFO-200
[2026-10-06 00:42:01] position 4호선 비정상 code=INFO-200
[2026-10-06 00:42:04] position 7호선 비정상 code=INFO-200
[2026-10-06 00:42:04] position 9호선 비정상 code=INFO-200
[2026-10-06 00:42:06] 위치 6행 / 도착 253행 저장, 호출 10 (누적 550)
[2026-10-06 00:45:02] position 2호선 비정상 code=INFO-200
[2026-10-06 00:45:03] position 3호선 비정상 code=INFO-200
[2026-10-06 00:45:03] position 4호선 비정상 code=INFO-200
[2026-10-06 00:45:05] position 7호선 비정상 code=INFO-200
[2026-10-06 00:45:06] position 9호선 비정상 code=INFO-200
[2026-10-06 00:45:07] 위치 6행 / 도착 237행 저장, 호출 10 (누적 560)
[2026-10-06 00:48:00] position 1호선 비정상 code=INFO-200
[2026-10-06 00:48:01] position 2호선 비정상 code=INFO-200
[2026-10-06 00:48:02] position 3호선 비정상 code=INFO-200
[2026-10-06 00:48:03] position 4호선 비정상 code=INFO-200
[2026-10-06 00:48:04] position 7호선 비정상 code=INFO-200
[2026-10-06 00:48:06] position 9호선 비정상 code=INFO-200
[2026-10-06 00:48:09] 위치 5행 / 도착 197행 저장, 호출 10 (누적 570)
[2026-10-06 00:51:00] position 1호선 비정상 code=INFO-200
[2026-10-06 00:51:02] position 2호선 비정상 code=INFO-200
[2026-10-06 00:51:02] position 3호선 비정상 code=INFO-200
[2026-10-06 00:51:03] position 4호선 비정상 code=INFO-200
[2026-10-06 00:51:07] position 7호선 비정상 code=INFO-200
[2026-10-06 00:51:09] position 9호선 비정상 code=INFO-200
[2026-10-06 00:51:11] 위치 5행 / 도착 182행 저장, 호출 10 (누적 580)
[2026-10-06 00:54:01] position 1호선 비정상 code=INFO-200
[2026-10-06 00:54:01] position 2호선 비정상 code=INFO-200
[2026-10-06 00:54:03] position 3호선 비정상 code=INFO-200
[2026-10-06 00:54:04] position 4호선 비정상 code=INFO-200
[2026-10-06 00:54:06] position 7호선 비정상 code=INFO-200
[2026-10-06 00:54:08] position 9호선 비정상 code=INFO-200
[2026-10-06 00:54:11] 위치 5행 / 도착 127행 저장, 호출 10 (누적 590)
[2026-10-06 00:57:01] position 1호선 비정상 code=INFO-200
[2026-10-06 00:57:01] position 2호선 비정상 code=INFO-200
[2026-10-06 00:57:02] position 3호선 비정상 code=INFO-200
[2026-10-06 00:57:02] position 4호선 비정상 code=INFO-200
[2026-10-06 00:57:04] position 7호선 비정상 code=INFO-200
[2026-10-06 00:57:06] position 9호선 비정상 code=INFO-200
[2026-10-06 00:57:08] 위치 5행 / 도착 120행 저장, 호출 10 (누적 600)
[2026-10-06 01:00:00] position 1호선 비정상 code=INFO-200
[2026-10-06 01:00:01] position 2호선 비정상 code=INFO-200
[2026-10-06 01:00:02] position 3호선 비정상 code=INFO-200
[2026-10-06 01:00:02] position 4호선 비정상 code=INFO-200
[2026-10-06 01:00:03] position 7호선 비정상 code=INFO-200
[2026-10-06 01:00:05] position 9호선 비정상 code=INFO-200
[2026-10-06 01:00:06] 위치 5행 / 도착 112행 저장, 호출 10 (누적 610)
[2026-10-06 01:03:01] position 1호선 비정상 code=INFO-200
[2026-10-06 01:03:02] position 2호선 비정상 code=INFO-200
[2026-10-06 01:03:03] position 3호선 비정상 code=INFO-200
[2026-10-06 01:03:03] position 4호선 비정상 code=INFO-200
[2026-10-06 01:03:06] position 7호선 비정상 code=INFO-200
[2026-10-06 01:03:07] position 9호선 비정상 code=INFO-200
[2026-10-06 01:03:09] 위치 5행 / 도착 34행 저장, 호출 10 (누적 620)
[2026-10-06 01:06:00] position 1호선 비정상 code=INFO-200
[2026-10-06 01:06:01] position 2호선 비정상 code=INFO-200
[2026-10-06 01:06:02] position 3호선 비정상 code=INFO-200
[2026-10-06 01:06:02] position 4호선 비정상 code=INFO-200
[2026-10-06 01:06:04] position 7호선 비정상 code=INFO-200
[2026-10-06 01:06:05] position 9호선 비정상 code=INFO-200
[2026-10-06 01:06:06] 위치 5행 / 도착 31행 저장, 호출 10 (누적 630)
[2026-10-06 01:09:01] position 1호선 비정상 code=INFO-200
[2026-10-06 01:09:02] position 2호선 비정상 code=INFO-200
[2026-10-06 01:09:03] position 3호선 비정상 code=INFO-200
[2026-10-06 01:09:04] position 4호선 비정상 code=INFO-200
[2026-10-06 01:09:06] position 7호선 비정상 code=INFO-200
[2026-10-06 01:09:08] position 9호선 비정상 code=INFO-200
[2026-10-06 01:09:10] 위치 5행 / 도착 31행 저장, 호출 10 (누적 640)
[2026-10-06 01:12:01] position 1호선 비정상 code=INFO-200
[2026-10-06 01:12:02] position 2호선 비정상 code=INFO-200
[2026-10-06 01:12:03] position 3호선 비정상 code=INFO-200
[2026-10-06 01:12:04] position 4호선 비정상 code=INFO-200
[2026-10-06 01:12:07] position 7호선 비정상 code=INFO-200
[2026-10-06 01:12:08] position 9호선 비정상 code=INFO-200
[2026-10-06 01:12:10] 위치 5행 / 도착 30행 저장, 호출 10 (누적 650)
[2026-10-06 01:15:00] position 1호선 비정상 code=INFO-200
[2026-10-06 01:15:01] position 2호선 비정상 code=INFO-200
[2026-10-06 01:15:01] position 3호선 비정상 code=INFO-200
[2026-10-06 01:15:02] position 4호선 비정상 code=INFO-200
[2026-10-06 01:15:05] position 7호선 비정상 code=INFO-200
[2026-10-06 01:15:06] position 9호선 비정상 code=INFO-200
[2026-10-06 01:15:07] 위치 5행 / 도착 30행 저장, 호출 10 (누적 660)
[2026-10-06 01:18:01] position 1호선 비정상 code=INFO-200
[2026-10-06 01:18:02] position 2호선 비정상 code=INFO-200
[2026-10-06 01:18:03] position 3호선 비정상 code=INFO-200
[2026-10-06 01:18:03] position 4호선 비정상 code=INFO-200
[2026-10-06 01:18:06] position 7호선 비정상 code=INFO-200
[2026-10-06 01:18:07] position 9호선 비정상 code=INFO-200
[2026-10-06 01:18:08] 위치 5행 / 도착 30행 저장, 호출 10 (누적 670)
[2026-10-06 01:21:01] position 1호선 비정상 code=INFO-200
[2026-10-06 01:21:02] position 2호선 비정상 code=INFO-200
[2026-10-06 01:21:03] position 3호선 비정상 code=INFO-200
[2026-10-06 01:21:04] position 4호선 비정상 code=INFO-200
[2026-10-06 01:21:06] position 7호선 비정상 code=INFO-200
[2026-10-06 01:21:09] position 9호선 비정상 code=INFO-200
[2026-10-06 01:21:11] 위치 5행 / 도착 30행 저장, 호출 10 (누적 680)
[2026-10-06 01:24:01] position 1호선 비정상 code=INFO-200
[2026-10-06 01:24:02] position 2호선 비정상 code=INFO-200
[2026-10-06 01:24:02] position 3호선 비정상 code=INFO-200
[2026-10-06 01:24:03] position 4호선 비정상 code=INFO-200
[2026-10-06 01:24:05] position 7호선 비정상 code=INFO-200
[2026-10-06 01:24:05] position 9호선 비정상 code=INFO-200
[2026-10-06 01:24:06] 위치 5행 / 도착 30행 저장, 호출 10 (누적 690)
[2026-10-06 01:27:00] position 1호선 비정상 code=INFO-200
[2026-10-06 01:27:01] position 2호선 비정상 code=INFO-200
[2026-10-06 01:27:01] position 3호선 비정상 code=INFO-200
[2026-10-06 01:27:02] position 4호선 비정상 code=INFO-200
[2026-10-06 01:27:04] position 7호선 비정상 code=INFO-200
[2026-10-06 01:27:04] position 9호선 비정상 code=INFO-200
[2026-10-06 01:27:07] 위치 5행 / 도착 30행 저장, 호출 10 (누적 700)
[2026-10-06 01:30:01] position 1호선 비정상 code=INFO-200
[2026-10-06 01:30:02] position 2호선 비정상 code=INFO-200
[2026-10-06 01:30:03] position 3호선 비정상 code=INFO-200
[2026-10-06 01:30:04] position 4호선 비정상 code=INFO-200
[2026-10-06 01:30:05] position 7호선 비정상 code=INFO-200
[2026-10-06 01:30:08] position 9호선 비정상 code=INFO-200
[2026-10-06 01:30:10] 위치 5행 / 도착 30행 저장, 호출 10 (누적 710)
[2026-10-06 01:33:00] position 1호선 비정상 code=INFO-200
[2026-10-06 01:33:01] position 2호선 비정상 code=INFO-200
[2026-10-06 01:33:02] position 3호선 비정상 code=INFO-200
[2026-10-06 01:33:02] position 4호선 비정상 code=INFO-200
[2026-10-06 01:33:04] position 7호선 비정상 code=INFO-200
[2026-10-06 01:33:05] position 9호선 비정상 code=INFO-200
[2026-10-06 01:33:06] 위치 5행 / 도착 30행 저장, 호출 10 (누적 720)
[2026-10-06 01:36:01] position 1호선 비정상 code=INFO-200
[2026-10-06 01:36:02] position 2호선 비정상 code=INFO-200
[2026-10-06 01:36:03] position 3호선 비정상 code=INFO-200
[2026-10-06 01:36:04] position 4호선 비정상 code=INFO-200
[2026-10-06 01:36:07] position 7호선 비정상 code=INFO-200
[2026-10-06 01:36:08] position 9호선 비정상 code=INFO-200
[2026-10-06 01:36:10] 위치 5행 / 도착 30행 저장, 호출 10 (누적 730)
[2026-10-06 01:39:00] position 1호선 비정상 code=INFO-200
[2026-10-06 01:39:01] position 2호선 비정상 code=INFO-200
[2026-10-06 01:39:02] position 3호선 비정상 code=INFO-200
[2026-10-06 01:39:02] position 4호선 비정상 code=INFO-200
[2026-10-06 01:39:05] position 7호선 비정상 code=INFO-200
[2026-10-06 01:39:05] position 9호선 비정상 code=INFO-200
[2026-10-06 01:39:06] 위치 5행 / 도착 30행 저장, 호출 10 (누적 740)
[2026-10-06 01:42:00] position 1호선 비정상 code=INFO-200
[2026-10-06 01:42:01] position 2호선 비정상 code=INFO-200
[2026-10-06 01:42:02] position 3호선 비정상 code=INFO-200
[2026-10-06 01:42:03] position 4호선 비정상 code=INFO-200
[2026-10-06 01:42:04] position 7호선 비정상 code=INFO-200
[2026-10-06 01:42:05] position 9호선 비정상 code=INFO-200
[2026-10-06 01:42:06] 위치 5행 / 도착 30행 저장, 호출 10 (누적 750)
[2026-10-06 01:45:00] position 1호선 비정상 code=INFO-200
[2026-10-06 01:45:01] position 2호선 비정상 code=INFO-200
[2026-10-06 01:45:02] position 3호선 비정상 code=INFO-200
[2026-10-06 01:45:04] position 4호선 비정상 code=INFO-200
[2026-10-06 01:45:05] position 7호선 비정상 code=INFO-200
[2026-10-06 01:45:07] position 9호선 비정상 code=INFO-200
[2026-10-06 01:45:10] 위치 5행 / 도착 30행 저장, 호출 10 (누적 760)
[2026-10-06 01:48:01] position 1호선 비정상 code=INFO-200
[2026-10-06 01:48:01] position 2호선 비정상 code=INFO-200
[2026-10-06 01:48:02] position 3호선 비정상 code=INFO-200
[2026-10-06 01:48:03] position 4호선 비정상 code=INFO-200
[2026-10-06 01:48:06] position 7호선 비정상 code=INFO-200
[2026-10-06 01:48:08] position 9호선 비정상 code=INFO-200
[2026-10-06 01:48:10] 위치 5행 / 도착 30행 저장, 호출 10 (누적 770)
[2026-10-06 01:51:00] position 1호선 비정상 code=INFO-200
[2026-10-06 01:51:00] position 2호선 비정상 code=INFO-200
[2026-10-06 01:51:00] position 3호선 비정상 code=INFO-200
[2026-10-06 01:51:01] position 4호선 비정상 code=INFO-200
[2026-10-06 01:51:04] position 7호선 비정상 code=INFO-200
[2026-10-06 01:51:05] position 9호선 비정상 code=INFO-200
[2026-10-06 01:51:06] 위치 5행 / 도착 52행 저장, 호출 10 (누적 780)
[2026-10-06 01:54:00] position 1호선 비정상 code=INFO-200
[2026-10-06 01:54:02] position 2호선 비정상 code=INFO-200
[2026-10-06 01:54:03] position 3호선 비정상 code=INFO-200
[2026-10-06 01:54:04] position 4호선 비정상 code=INFO-200
[2026-10-06 01:54:07] position 7호선 비정상 code=INFO-200
[2026-10-06 01:54:09] position 9호선 비정상 code=INFO-200
[2026-10-06 01:54:12] 위치 5행 / 도착 52행 저장, 호출 10 (누적 790)
[2026-10-06 01:57:00] position 1호선 비정상 code=INFO-200
[2026-10-06 01:57:01] position 2호선 비정상 code=INFO-200
[2026-10-06 01:57:01] position 3호선 비정상 code=INFO-200
[2026-10-06 01:57:02] position 4호선 비정상 code=INFO-200
[2026-10-06 01:57:04] position 7호선 비정상 code=INFO-200
[2026-10-06 01:57:06] position 9호선 비정상 code=INFO-200
[2026-10-06 01:57:08] 위치 5행 / 도착 52행 저장, 호출 10 (누적 800)
[2026-10-06 02:00:00] 수집 창 종료 (틱 80, 전 호출 실패 틱 0, 최장 연속 0)
