[2026-10-01 21:00:20] 수집 창 10-01 22:00 ~ 10-02 02:00, 180초 간격, 상한 950콜
[2026-10-01 21:00:20] 시작까지 59.7분 대기
[2026-10-01 22:00:12] 위치 301행 / 도착 2902행 저장, 호출 10 (누적 10)
[2026-10-01 22:03:07] 위치 305행 / 도착 2888행 저장, 호출 10 (누적 20)
[2026-10-01 22:06:09] 위치 305행 / 도착 2878행 저장, 호출 10 (누적 30)
[2026-10-01 22:09:13] 위치 305행 / 도착 2898행 저장, 호출 10 (누적 40)
[2026-10-01 22:12:09] 위치 299행 / 도착 2879행 저장, 호출 10 (누적 50)
[2026-10-01 22:15:14] 위치 298행 / 도착 2856행 저장, 호출 10 (누적 60)
[2026-10-01 22:18:07] 위치 294행 / 도착 2873행 저장, 호출 10 (누적 70)
[2026-10-01 22:21:06] 위치 281행 / 도착 2827행 저장, 호출 10 (누적 80)
[2026-10-01 22:24:09] 위치 286행 / 도착 2860행 저장, 호출 10 (누적 90)
[2026-10-01 22:27:11] 위치 280행 / 도착 2834행 저장, 호출 10 (누적 100)
[2026-10-01 22:30:10] 위치 290행 / 도착 2826행 저장, 호출 10 (누적 110)
[2026-10-01 22:33:08] 위치 282행 / 도착 2798행 저장, 호출 10 (누적 120)
[2026-10-01 22:36:13] 위치 277행 / 도착 2785행 저장, 호출 10 (누적 130)
[2026-10-01 22:39:05] 위치 273행 / 도착 2789행 저장, 호출 10 (누적 140)
[2026-10-01 22:42:07] 위치 278행 / 도착 2810행 저장, 호출 10 (누적 150)
[2026-10-01 22:45:11] 위치 277행 / 도착 2804행 저장, 호출 10 (누적 160)
[2026-10-01 22:48:07] 위치 269행 / 도착 2785행 저장, 호출 10 (누적 170)
[2026-10-01 22:51:11] 위치 268행 / 도착 2785행 저장, 호출 10 (누적 180)
[2026-10-01 22:54:10] 위치 266행 / 도착 2731행 저장, 호출 10 (누적 190)
[2026-10-01 22:57:08] 위치 265행 / 도착 2741행 저장, 호출 10 (누적 200)
[2026-10-01 23:00:11] 위치 251행 / 도착 2744행 저장, 호출 10 (누적 210)
[2026-10-01 23:03:07] 위치 255행 / 도착 2712행 저장, 호출 10 (누적 220)
[2026-10-01 23:06:10] 위치 246행 / 도착 2706행 저장, 호출 10 (누적 230)
[2026-10-01 23:09:11] 위치 247행 / 도착 2683행 저장, 호출 10 (누적 240)
[2026-10-01 23:12:12] 위치 242행 / 도착 2626행 저장, 호출 10 (누적 250)
[2026-10-01 23:15:07] 위치 241행 / 도착 2656행 저장, 호출 10 (누적 260)
[2026-10-01 23:18:10] 위치 236행 / 도착 2634행 저장, 호출 10 (누적 270)
[2026-10-01 23:21:10] 위치 235행 / 도착 2632행 저장, 호출 10 (누적 280)
[2026-10-01 23:24:07] 위치 230행 / 도착 2607행 저장, 호출 10 (누적 290)
[2026-10-01 23:27:07] 위치 227행 / 도착 2556행 저장, 호출 10 (누적 300)
[2026-10-01 23:30:11] 위치 227행 / 도착 2525행 저장, 호출 10 (누적 310)
[2026-10-01 23:33:07] 위치 222행 / 도착 2511행 저장, 호출 10 (누적 320)
[2026-10-01 23:36:10] 위치 219행 / 도착 2485행 저장, 호출 10 (누적 330)
[2026-10-01 23:39:11] 위치 213행 / 도착 2459행 저장, 호출 10 (누적 340)
[2026-10-01 23:42:08] 위치 216행 / 도착 2418행 저장, 호출 10 (누적 350)
[2026-10-01 23:45:13] 위치 212행 / 도착 2379행 저장, 호출 10 (누적 360)
[2026-10-01 23:48:10] 위치 209행 / 도착 2346행 저장, 호출 10 (누적 370)
[2026-10-01 23:51:09] 위치 213행 / 도착 2332행 저장, 호출 10 (누적 380)
[2026-10-01 23:54:13] 위치 199행 / 도착 2286행 저장, 호출 10 (누적 390)
[2026-10-01 23:57:10] 위치 196행 / 도착 2259행 저장, 호출 10 (누적 400)
[2026-10-02 00:00:09] 위치 195행 / 도착 2234행 저장, 호출 10 (누적 410)
[2026-10-02 00:03:08] 위치 191행 / 도착 2212행 저장, 호출 10 (누적 420)
[2026-10-02 00:06:10] 위치 197행 / 도착 2175행 저장, 호출 10 (누적 430)
[2026-10-02 00:09:09] 위치 188행 / 도착 2125행 저장, 호출 10 (누적 440)
[2026-10-02 00:12:11] 위치 178행 / 도착 2084행 저장, 호출 10 (누적 450)
[2026-10-02 00:15:12] 위치 174행 / 도착 2051행 저장, 호출 10 (누적 460)
[2026-10-02 00:18:07] 위치 169행 / 도착 1978행 저장, 호출 10 (누적 470)
[2026-10-02 00:21:11] 위치 158행 / 도착 1920행 저장, 호출 10 (누적 480)
[2026-10-02 00:24:08] 위치 150행 / 도착 1870행 저장, 호출 10 (누적 490)
[2026-10-02 00:27:05] 위치 146행 / 도착 1802행 저장, 호출 10 (누적 500)
[2026-10-02 00:30:11] 위치 137행 / 도착 1714행 저장, 호출 10 (누적 510)
[2026-10-02 00:33:07] 위치 136행 / 도착 1628행 저장, 호출 10 (누적 520)
[2026-10-02 00:36:06] 위치 118행 / 도착 1536행 저장, 호출 10 (누적 530)
[2026-10-02 00:39:10] 위치 110행 / 도착 1453행 저장, 호출 10 (누적 540)
[2026-10-02 00:42:12] 위치 105행 / 도착 1356행 저장, 호출 10 (누적 550)
[2026-10-02 00:45:08] 위치 98행 / 도착 1270행 저장, 호출 10 (누적 560)
[2026-10-02 00:48:11] 위치 88행 / 도착 1131행 저장, 호출 10 (누적 570)
[2026-10-02 00:51:12] 위치 77행 / 도착 1045행 저장, 호출 10 (누적 580)
[2026-10-02 00:54:06] 위치 77행 / 도착 956행 저장, 호출 10 (누적 590)
[2026-10-02 00:57:08] 위치 68행 / 도착 900행 저장, 호출 10 (누적 600)
[2026-10-02 01:00:13] 위치 55행 / 도착 844행 저장, 호출 10 (누적 610)
[2026-10-02 01:03:05] 위치 48행 / 도착 768행 저장, 호출 10 (누적 620)
[2026-10-02 01:06:04] position 5호선 비정상 code=INFO-200
[2026-10-02 01:06:05] position 8호선 비정상 code=INFO-200
[2026-10-02 01:06:06] position 9호선 비정상 code=INFO-200
[2026-10-02 01:06:08] 위치 12행 / 도착 701행 저장, 호출 10 (누적 630)
[2026-10-02 01:09:00] position 1호선 비정상 code=INFO-200
[2026-10-02 01:09:02] position 3호선 비정상 code=INFO-200
[2026-10-02 01:09:03] position 5호선 비정상 code=INFO-200
[2026-10-02 01:09:04] position 6호선 비정상 code=INFO-200
[2026-10-02 01:09:06] position 8호선 비정상 code=INFO-200
[2026-10-02 01:09:06] position 9호선 비정상 code=INFO-200
[2026-10-02 01:09:08] 위치 6행 / 도착 530행 저장, 호출 10 (누적 640)
[2026-10-02 01:12:00] position 1호선 비정상 code=INFO-200
[2026-10-02 01:12:01] position 3호선 비정상 code=INFO-200
[2026-10-02 01:12:01] position 4호선 비정상 code=INFO-200
[2026-10-02 01:12:01] position 5호선 비정상 code=INFO-200
[2026-10-02 01:12:02] position 6호선 비정상 code=INFO-200
[2026-10-02 01:12:03] position 8호선 비정상 code=INFO-200
[2026-10-02 01:12:03] position 9호선 비정상 code=INFO-200
[2026-10-02 01:12:05] 위치 3행 / 도착 454행 저장, 호출 10 (누적 650)
[2026-10-02 01:15:01] position 1호선 비정상 code=INFO-200
[2026-10-02 01:15:01] position 2호선 비정상 code=INFO-200
[2026-10-02 01:15:02] position 3호선 비정상 code=INFO-200
[2026-10-02 01:15:03] position 4호선 비정상 code=INFO-200
[2026-10-02 01:15:03] position 5호선 비정상 code=INFO-200
[2026-10-02 01:15:03] position 6호선 비정상 code=INFO-200
[2026-10-02 01:15:05] position 8호선 비정상 code=INFO-200
[2026-10-02 01:15:06] position 9호선 비정상 code=INFO-200
[2026-10-02 01:15:07] 위치 2행 / 도착 374행 저장, 호출 10 (누적 660)
[2026-10-02 01:18:00] position 1호선 비정상 code=INFO-200
[2026-10-02 01:18:02] position 2호선 비정상 code=INFO-200
[2026-10-02 01:18:04] position 3호선 비정상 code=INFO-200
[2026-10-02 01:18:05] position 4호선 비정상 code=INFO-200
[2026-10-02 01:18:06] position 5호선 비정상 code=INFO-200
[2026-10-02 01:18:06] position 6호선 비정상 code=INFO-200
[2026-10-02 01:18:09] position 8호선 비정상 code=INFO-200
[2026-10-02 01:18:09] position 9호선 비정상 code=INFO-200
[2026-10-02 01:18:10] 위치 2행 / 도착 307행 저장, 호출 10 (누적 670)
[2026-10-02 01:21:00] position 1호선 비정상 code=INFO-200
[2026-10-02 01:21:01] position 2호선 비정상 code=INFO-200
[2026-10-02 01:21:02] position 3호선 비정상 code=INFO-200
[2026-10-02 01:21:02] position 4호선 비정상 code=INFO-200
[2026-10-02 01:21:03] position 5호선 비정상 code=INFO-200
[2026-10-02 01:21:04] position 6호선 비정상 code=INFO-200
[2026-10-02 01:21:04] position 8호선 비정상 code=INFO-200
[2026-10-02 01:21:05] position 9호선 비정상 code=INFO-200
[2026-10-02 01:21:07] 위치 2행 / 도착 214행 저장, 호출 10 (누적 680)
[2026-10-02 01:24:01] position 1호선 비정상 code=INFO-200
[2026-10-02 01:24:02] position 2호선 비정상 code=INFO-200
[2026-10-02 01:24:03] position 3호선 비정상 code=INFO-200
[2026-10-02 01:24:04] position 4호선 비정상 code=INFO-200
[2026-10-02 01:24:05] position 5호선 비정상 code=INFO-200
[2026-10-02 01:24:06] position 6호선 비정상 code=INFO-200
[2026-10-02 01:24:07] position 8호선 비정상 code=INFO-200
[2026-10-02 01:24:08] position 9호선 비정상 code=INFO-200
[2026-10-02 01:24:10] 위치 2행 / 도착 124행 저장, 호출 10 (누적 690)
[2026-10-02 01:27:01] position 1호선 비정상 code=INFO-200
[2026-10-02 01:27:02] position 2호선 비정상 code=INFO-200
[2026-10-02 01:27:03] position 3호선 비정상 code=INFO-200
[2026-10-02 01:27:03] position 4호선 비정상 code=INFO-200
[2026-10-02 01:27:05] position 5호선 비정상 code=INFO-200
[2026-10-02 01:27:06] position 6호선 비정상 code=INFO-200
[2026-10-02 01:27:07] position 8호선 비정상 code=INFO-200
[2026-10-02 01:27:08] position 9호선 비정상 code=INFO-200
[2026-10-02 01:27:09] 위치 2행 / 도착 113행 저장, 호출 10 (누적 700)
[2026-10-02 01:30:00] position 1호선 비정상 code=INFO-200
[2026-10-02 01:30:00] position 2호선 비정상 code=INFO-200
[2026-10-02 01:30:01] position 3호선 비정상 code=INFO-200
[2026-10-02 01:30:02] position 4호선 비정상 code=INFO-200
[2026-10-02 01:30:03] position 5호선 비정상 code=INFO-200
[2026-10-02 01:30:04] position 6호선 비정상 code=INFO-200
[2026-10-02 01:30:05] position 8호선 비정상 code=INFO-200
[2026-10-02 01:30:05] position 9호선 비정상 code=INFO-200
[2026-10-02 01:30:07] 위치 2행 / 도착 93행 저장, 호출 10 (누적 710)
[2026-10-02 01:33:01] position 1호선 비정상 code=INFO-200
[2026-10-02 01:33:01] position 2호선 비정상 code=INFO-200
[2026-10-02 01:33:02] position 3호선 비정상 code=INFO-200
[2026-10-02 01:33:03] position 4호선 비정상 code=INFO-200
[2026-10-02 01:33:04] position 5호선 비정상 code=INFO-200
[2026-10-02 01:33:05] position 6호선 비정상 code=INFO-200
[2026-10-02 01:33:06] position 8호선 비정상 code=INFO-200
[2026-10-02 01:33:08] position 9호선 비정상 code=INFO-200
[2026-10-02 01:33:08] 위치 2행 / 도착 9행 저장, 호출 10 (누적 720)
[2026-10-02 01:36:01] position 1호선 비정상 code=INFO-200
[2026-10-02 01:36:02] position 2호선 비정상 code=INFO-200
[2026-10-02 01:36:03] position 3호선 비정상 code=INFO-200
[2026-10-02 01:36:04] position 4호선 비정상 code=INFO-200
[2026-10-02 01:36:04] position 5호선 비정상 code=INFO-200
[2026-10-02 01:36:05] position 6호선 비정상 code=INFO-200
[2026-10-02 01:36:07] position 8호선 비정상 code=INFO-200
[2026-10-02 01:36:08] position 9호선 비정상 code=INFO-200
[2026-10-02 01:36:09] 위치 2행 / 도착 7행 저장, 호출 10 (누적 730)
[2026-10-02 01:39:00] position 1호선 비정상 code=INFO-200
[2026-10-02 01:39:00] position 2호선 비정상 code=INFO-200
[2026-10-02 01:39:01] position 3호선 비정상 code=INFO-200
[2026-10-02 01:39:01] position 4호선 비정상 code=INFO-200
[2026-10-02 01:39:01] position 5호선 비정상 code=INFO-200
[2026-10-02 01:39:02] position 6호선 비정상 code=INFO-200
[2026-10-02 01:39:02] position 8호선 비정상 code=INFO-200
[2026-10-02 01:39:03] position 9호선 비정상 code=INFO-200
[2026-10-02 01:39:03] 위치 2행 / 도착 5행 저장, 호출 10 (누적 740)
[2026-10-02 01:42:01] position 1호선 비정상 code=INFO-200
[2026-10-02 01:42:01] position 2호선 비정상 code=INFO-200
[2026-10-02 01:42:02] position 3호선 비정상 code=INFO-200
[2026-10-02 01:42:02] position 4호선 비정상 code=INFO-200
[2026-10-02 01:42:03] position 5호선 비정상 code=INFO-200
[2026-10-02 01:42:04] position 6호선 비정상 code=INFO-200
[2026-10-02 01:42:06] position 8호선 비정상 code=INFO-200
[2026-10-02 01:42:07] position 9호선 비정상 code=INFO-200
[2026-10-02 01:42:08] 위치 2행 / 도착 3행 저장, 호출 10 (누적 750)
[2026-10-02 01:45:01] position 1호선 비정상 code=INFO-200
[2026-10-02 01:45:02] position 2호선 비정상 code=INFO-200
[2026-10-02 01:45:03] position 3호선 비정상 code=INFO-200
[2026-10-02 01:45:04] position 4호선 비정상 code=INFO-200
[2026-10-02 01:45:06] position 5호선 비정상 code=INFO-200
[2026-10-02 01:45:07] position 6호선 비정상 code=INFO-200
[2026-10-02 01:45:08] position 8호선 비정상 code=INFO-200
[2026-10-02 01:45:09] position 9호선 비정상 code=INFO-200
[2026-10-02 01:45:11] 위치 2행 / 도착 3행 저장, 호출 10 (누적 760)
[2026-10-02 01:48:00] position 1호선 비정상 code=INFO-200
[2026-10-02 01:48:00] position 2호선 비정상 code=INFO-200
[2026-10-02 01:48:01] position 3호선 비정상 code=INFO-200
[2026-10-02 01:48:01] position 4호선 비정상 code=INFO-200
[2026-10-02 01:48:02] position 5호선 비정상 code=INFO-200
[2026-10-02 01:48:03] position 6호선 비정상 code=INFO-200
[2026-10-02 01:48:05] position 8호선 비정상 code=INFO-200
[2026-10-02 01:48:05] position 9호선 비정상 code=INFO-200
[2026-10-02 01:48:06] 위치 2행 / 도착 3행 저장, 호출 10 (누적 770)
[2026-10-02 01:51:00] position 1호선 비정상 code=INFO-200
[2026-10-02 01:51:01] position 2호선 비정상 code=INFO-200
[2026-10-02 01:51:01] position 3호선 비정상 code=INFO-200
[2026-10-02 01:51:02] position 4호선 비정상 code=INFO-200
[2026-10-02 01:51:02] position 5호선 비정상 code=INFO-200
[2026-10-02 01:51:03] position 6호선 비정상 code=INFO-200
[2026-10-02 01:51:03] position 8호선 비정상 code=INFO-200
[2026-10-02 01:51:04] position 9호선 비정상 code=INFO-200
[2026-10-02 01:51:05] 위치 2행 / 도착 3행 저장, 호출 10 (누적 780)
[2026-10-02 01:54:00] position 1호선 비정상 code=INFO-200
[2026-10-02 01:54:01] position 2호선 비정상 code=INFO-200
[2026-10-02 01:54:01] position 3호선 비정상 code=INFO-200
[2026-10-02 01:54:01] position 4호선 비정상 code=INFO-200
[2026-10-02 01:54:02] position 5호선 비정상 code=INFO-200
[2026-10-02 01:54:03] position 6호선 비정상 code=INFO-200
[2026-10-02 01:54:04] position 8호선 비정상 code=INFO-200
[2026-10-02 01:54:04] position 9호선 비정상 code=INFO-200
[2026-10-02 01:54:05] 위치 2행 / 도착 47행 저장, 호출 10 (누적 790)
[2026-10-02 01:57:01] position 1호선 비정상 code=INFO-200
[2026-10-02 01:57:01] position 2호선 비정상 code=INFO-200
[2026-10-02 01:57:01] position 3호선 비정상 code=INFO-200
[2026-10-02 01:57:02] position 4호선 비정상 code=INFO-200
[2026-10-02 01:57:02] position 5호선 비정상 code=INFO-200
[2026-10-02 01:57:03] position 6호선 비정상 code=INFO-200
[2026-10-02 01:57:04] position 8호선 비정상 code=INFO-200
[2026-10-02 01:57:04] position 9호선 비정상 code=INFO-200
[2026-10-02 01:57:05] 위치 2행 / 도착 47행 저장, 호출 10 (누적 800)
[2026-10-02 02:00:00] 수집 창 종료 (틱 80, 전 호출 실패 틱 0, 최장 연속 0)
