[2026-09-30 21:00:20] 수집 창 09-30 22:00 ~ 10-01 02:00, 180초 간격, 상한 950콜
[2026-09-30 21:00:20] 시작까지 59.7분 대기
[2026-09-30 22:00:09] 위치 302행 / 도착 2920행 저장, 호출 10 (누적 10)
[2026-09-30 22:03:09] 위치 305행 / 도착 2893행 저장, 호출 10 (누적 20)
[2026-09-30 22:06:05] 위치 308행 / 도착 2858행 저장, 호출 10 (누적 30)
[2026-09-30 22:09:09] 위치 302행 / 도착 2879행 저장, 호출 10 (누적 40)
[2026-09-30 22:12:09] 위치 296행 / 도착 2873행 저장, 호출 10 (누적 50)
[2026-09-30 22:15:06] 위치 294행 / 도착 2891행 저장, 호출 10 (누적 60)
[2026-09-30 22:18:06] 위치 295행 / 도착 2864행 저장, 호출 10 (누적 70)
[2026-09-30 22:21:08] 위치 286행 / 도착 2821행 저장, 호출 10 (누적 80)
[2026-09-30 22:24:06] 위치 286행 / 도착 2848행 저장, 호출 10 (누적 90)
[2026-09-30 22:27:07] 위치 280행 / 도착 2846행 저장, 호출 10 (누적 100)
[2026-09-30 22:30:09] 위치 283행 / 도착 2815행 저장, 호출 10 (누적 110)
[2026-09-30 22:33:05] 위치 277행 / 도착 2802행 저장, 호출 10 (누적 120)
[2026-09-30 22:36:10] 위치 279행 / 도착 2774행 저장, 호출 10 (누적 130)
[2026-09-30 22:39:07] 위치 276행 / 도착 2815행 저장, 호출 10 (누적 140)
[2026-09-30 22:42:08] 위치 274행 / 도착 2794행 저장, 호출 10 (누적 150)
[2026-09-30 22:45:06] 위치 276행 / 도착 2807행 저장, 호출 10 (누적 160)
[2026-09-30 22:48:06] 위치 272행 / 도착 2764행 저장, 호출 10 (누적 170)
[2026-09-30 22:51:05] 위치 273행 / 도착 2782행 저장, 호출 10 (누적 180)
[2026-09-30 22:54:10] 위치 258행 / 도착 2758행 저장, 호출 10 (누적 190)
[2026-09-30 22:57:08] 위치 258행 / 도착 2730행 저장, 호출 10 (누적 200)
[2026-09-30 23:00:06] 위치 260행 / 도착 2702행 저장, 호출 10 (누적 210)
[2026-09-30 23:03:07] 위치 251행 / 도착 2699행 저장, 호출 10 (누적 220)
[2026-09-30 23:06:08] 위치 247행 / 도착 2681행 저장, 호출 10 (누적 230)
[2026-09-30 23:09:06] 위치 245행 / 도착 2706행 저장, 호출 10 (누적 240)
[2026-09-30 23:12:09] 위치 241행 / 도착 2655행 저장, 호출 10 (누적 250)
[2026-09-30 23:15:12] 위치 241행 / 도착 2631행 저장, 호출 10 (누적 260)
[2026-09-30 23:18:04] 위치 245행 / 도착 2618행 저장, 호출 10 (누적 270)
[2026-09-30 23:21:06] 위치 235행 / 도착 2629행 저장, 호출 10 (누적 280)
[2026-09-30 23:24:09] 위치 236행 / 도착 2608행 저장, 호출 10 (누적 290)
[2026-09-30 23:27:06] 위치 230행 / 도착 2552행 저장, 호출 10 (누적 300)
[2026-09-30 23:30:06] 위치 230행 / 도착 2517행 저장, 호출 10 (누적 310)
[2026-09-30 23:33:09] 위치 227행 / 도착 2514행 저장, 호출 10 (누적 320)
[2026-09-30 23:36:05] 위치 227행 / 도착 2449행 저장, 호출 10 (누적 330)
[2026-09-30 23:39:08] 위치 218행 / 도착 2448행 저장, 호출 10 (누적 340)
[2026-09-30 23:42:07] 위치 217행 / 도착 2420행 저장, 호출 10 (누적 350)
[2026-09-30 23:45:05] 위치 213행 / 도착 2397행 저장, 호출 10 (누적 360)
[2026-09-30 23:48:08] 위치 213행 / 도착 2356행 저장, 호출 10 (누적 370)
[2026-09-30 23:51:08] 위치 212행 / 도착 2337행 저장, 호출 10 (누적 380)
[2026-09-30 23:54:05] 위치 203행 / 도착 2288행 저장, 호출 10 (누적 390)
[2026-09-30 23:57:08] 위치 195행 / 도착 2250행 저장, 호출 10 (누적 400)
[2026-10-01 00:00:07] 위치 194행 / 도착 2221행 저장, 호출 10 (누적 410)
[2026-10-01 00:03:07] 위치 197행 / 도착 2227행 저장, 호출 10 (누적 420)
[2026-10-01 00:06:10] 위치 197행 / 도착 2189행 저장, 호출 10 (누적 430)
[2026-10-01 00:09:08] 위치 181행 / 도착 2143행 저장, 호출 10 (누적 440)
[2026-10-01 00:12:04] 위치 180행 / 도착 2080행 저장, 호출 10 (누적 450)
[2026-10-01 00:15:06] 위치 169행 / 도착 2054행 저장, 호출 10 (누적 460)
[2026-10-01 00:18:06] 위치 168행 / 도착 1968행 저장, 호출 10 (누적 470)
[2026-10-01 00:21:05] 위치 155행 / 도착 1912행 저장, 호출 10 (누적 480)
[2026-10-01 00:24:11] 위치 150행 / 도착 1852행 저장, 호출 10 (누적 490)
[2026-10-01 00:27:08] 위치 144행 / 도착 1804행 저장, 호출 10 (누적 500)
[2026-10-01 00:30:06] 위치 140행 / 도착 1721행 저장, 호출 10 (누적 510)
[2026-10-01 00:33:10] 위치 128행 / 도착 1636행 저장, 호출 10 (누적 520)
[2026-10-01 00:36:09] 위치 114행 / 도착 1535행 저장, 호출 10 (누적 530)
[2026-10-01 00:39:05] 위치 111행 / 도착 1455행 저장, 호출 10 (누적 540)
[2026-10-01 00:42:08] 위치 103행 / 도착 1376행 저장, 호출 10 (누적 550)
[2026-10-01 00:45:09] 위치 96행 / 도착 1282행 저장, 호출 10 (누적 560)
[2026-10-01 00:48:04] 위치 88행 / 도착 1144행 저장, 호출 10 (누적 570)
[2026-10-01 00:51:06] 위치 76행 / 도착 1011행 저장, 호출 10 (누적 580)
[2026-10-01 00:54:06] 위치 77행 / 도착 968행 저장, 호출 10 (누적 590)
[2026-10-01 00:57:05] 위치 66행 / 도착 892행 저장, 호출 10 (누적 600)
[2026-10-01 01:00:06] 위치 55행 / 도착 860행 저장, 호출 10 (누적 610)
[2026-10-01 01:03:08] 위치 45행 / 도착 764행 저장, 호출 10 (누적 620)
[2026-10-01 01:06:02] position 6호선 비정상 code=INFO-200
[2026-10-01 01:06:03] position 8호선 비정상 code=INFO-200
[2026-10-01 01:06:04] position 9호선 비정상 code=INFO-200
[2026-10-01 01:06:05] 위치 13행 / 도착 701행 저장, 호출 10 (누적 630)
[2026-10-01 01:09:00] position 1호선 비정상 code=INFO-200
[2026-10-01 01:09:02] position 3호선 비정상 code=INFO-200
[2026-10-01 01:09:03] position 5호선 비정상 code=INFO-200
[2026-10-01 01:09:04] position 6호선 비정상 code=INFO-200
[2026-10-01 01:09:05] position 8호선 비정상 code=INFO-200
[2026-10-01 01:09:06] position 9호선 비정상 code=INFO-200
[2026-10-01 01:09:07] 위치 5행 / 도착 536행 저장, 호출 10 (누적 640)
[2026-10-01 01:12:00] position 1호선 비정상 code=INFO-200
[2026-10-01 01:12:03] position 3호선 비정상 code=INFO-200
[2026-10-01 01:12:03] position 4호선 비정상 code=INFO-200
[2026-10-01 01:12:04] position 5호선 비정상 code=INFO-200
[2026-10-01 01:12:05] position 6호선 비정상 code=INFO-200
[2026-10-01 01:12:06] position 8호선 비정상 code=INFO-200
[2026-10-01 01:12:08] position 9호선 비정상 code=INFO-200
[2026-10-01 01:12:09] 위치 2행 / 도착 456행 저장, 호출 10 (누적 650)
[2026-10-01 01:15:00] position 1호선 비정상 code=INFO-200
[2026-10-01 01:15:00] position 2호선 비정상 code=INFO-200
[2026-10-01 01:15:00] position 3호선 비정상 code=INFO-200
[2026-10-01 01:15:01] position 4호선 비정상 code=INFO-200
[2026-10-01 01:15:01] position 5호선 비정상 code=INFO-200
[2026-10-01 01:15:02] position 6호선 비정상 code=INFO-200
[2026-10-01 01:15:02] position 8호선 비정상 code=INFO-200
[2026-10-01 01:15:03] position 9호선 비정상 code=INFO-200
[2026-10-01 01:15:04] 위치 1행 / 도착 378행 저장, 호출 10 (누적 660)
[2026-10-01 01:18:00] position 1호선 비정상 code=INFO-200
[2026-10-01 01:18:00] position 2호선 비정상 code=INFO-200
[2026-10-01 01:18:01] position 3호선 비정상 code=INFO-200
[2026-10-01 01:18:01] position 4호선 비정상 code=INFO-200
[2026-10-01 01:18:02] position 5호선 비정상 code=INFO-200
[2026-10-01 01:18:03] position 6호선 비정상 code=INFO-200
[2026-10-01 01:18:04] position 8호선 비정상 code=INFO-200
[2026-10-01 01:18:05] position 9호선 비정상 code=INFO-200
[2026-10-01 01:18:07] 위치 1행 / 도착 313행 저장, 호출 10 (누적 670)
[2026-10-01 01:21:00] position 1호선 비정상 code=INFO-200
[2026-10-01 01:21:01] position 2호선 비정상 code=INFO-200
[2026-10-01 01:21:02] position 3호선 비정상 code=INFO-200
[2026-10-01 01:21:03] position 4호선 비정상 code=INFO-200
[2026-10-01 01:21:04] position 5호선 비정상 code=INFO-200
[2026-10-01 01:21:04] position 6호선 비정상 code=INFO-200
[2026-10-01 01:21:05] position 8호선 비정상 code=INFO-200
[2026-10-01 01:21:06] position 9호선 비정상 code=INFO-200
[2026-10-01 01:21:08] 위치 1행 / 도착 247행 저장, 호출 10 (누적 680)
[2026-10-01 01:24:00] position 1호선 비정상 code=INFO-200
[2026-10-01 01:24:00] position 2호선 비정상 code=INFO-200
[2026-10-01 01:24:00] position 3호선 비정상 code=INFO-200
[2026-10-01 01:24:01] position 4호선 비정상 code=INFO-200
[2026-10-01 01:24:01] position 5호선 비정상 code=INFO-200
[2026-10-01 01:24:02] position 6호선 비정상 code=INFO-200
[2026-10-01 01:24:03] position 8호선 비정상 code=INFO-200
[2026-10-01 01:24:03] position 9호선 비정상 code=INFO-200
[2026-10-01 01:24:04] 위치 1행 / 도착 130행 저장, 호출 10 (누적 690)
[2026-10-01 01:27:00] position 1호선 비정상 code=INFO-200
[2026-10-01 01:27:01] position 2호선 비정상 code=INFO-200
[2026-10-01 01:27:02] position 3호선 비정상 code=INFO-200
[2026-10-01 01:27:02] position 4호선 비정상 code=INFO-200
[2026-10-01 01:27:03] position 5호선 비정상 code=INFO-200
[2026-10-01 01:27:04] position 6호선 비정상 code=INFO-200
[2026-10-01 01:27:04] position 8호선 비정상 code=INFO-200
[2026-10-01 01:27:05] position 9호선 비정상 code=INFO-200
[2026-10-01 01:27:06] 위치 1행 / 도착 118행 저장, 호출 10 (누적 700)
[2026-10-01 01:30:00] position 1호선 비정상 code=INFO-200
[2026-10-01 01:30:01] position 2호선 비정상 code=INFO-200
[2026-10-01 01:30:02] position 3호선 비정상 code=INFO-200
[2026-10-01 01:30:03] position 4호선 비정상 code=INFO-200
[2026-10-01 01:30:04] position 5호선 비정상 code=INFO-200
[2026-10-01 01:30:04] position 6호선 비정상 code=INFO-200
[2026-10-01 01:30:04] position 8호선 비정상 code=INFO-200
[2026-10-01 01:30:05] position 9호선 비정상 code=INFO-200
[2026-10-01 01:30:06] 위치 1행 / 도착 69행 저장, 호출 10 (누적 710)
[2026-10-01 01:33:00] position 1호선 비정상 code=INFO-200
[2026-10-01 01:33:01] position 2호선 비정상 code=INFO-200
[2026-10-01 01:33:01] position 3호선 비정상 code=INFO-200
[2026-10-01 01:33:02] position 4호선 비정상 code=INFO-200
[2026-10-01 01:33:02] position 5호선 비정상 code=INFO-200
[2026-10-01 01:33:02] position 6호선 비정상 code=INFO-200
[2026-10-01 01:33:03] position 8호선 비정상 code=INFO-200
[2026-10-01 01:33:03] position 9호선 비정상 code=INFO-200
[2026-10-01 01:33:04] 위치 1행 / 도착 60행 저장, 호출 10 (누적 720)
[2026-10-01 01:36:00] position 1호선 비정상 code=INFO-200
[2026-10-01 01:36:01] position 2호선 비정상 code=INFO-200
[2026-10-01 01:36:01] position 3호선 비정상 code=INFO-200
[2026-10-01 01:36:02] position 4호선 비정상 code=INFO-200
[2026-10-01 01:36:03] position 5호선 비정상 code=INFO-200
[2026-10-01 01:36:03] position 6호선 비정상 code=INFO-200
[2026-10-01 01:36:04] position 8호선 비정상 code=INFO-200
[2026-10-01 01:36:04] position 9호선 비정상 code=INFO-200
[2026-10-01 01:36:05] 위치 1행 / 도착 12행 저장, 호출 10 (누적 730)
[2026-10-01 01:39:00] position 1호선 비정상 code=INFO-200
[2026-10-01 01:39:01] position 2호선 비정상 code=INFO-200
[2026-10-01 01:39:02] position 3호선 비정상 code=INFO-200
[2026-10-01 01:39:03] position 4호선 비정상 code=INFO-200
[2026-10-01 01:39:04] position 5호선 비정상 code=INFO-200
[2026-10-01 01:39:04] position 6호선 비정상 code=INFO-200
[2026-10-01 01:39:05] position 8호선 비정상 code=INFO-200
[2026-10-01 01:39:05] position 9호선 비정상 code=INFO-200
[2026-10-01 01:39:06] 위치 1행 / 도착 10행 저장, 호출 10 (누적 740)
[2026-10-01 01:42:01] position 1호선 비정상 code=INFO-200
[2026-10-01 01:42:01] position 2호선 비정상 code=INFO-200
[2026-10-01 01:42:01] position 3호선 비정상 code=INFO-200
[2026-10-01 01:42:02] position 4호선 비정상 code=INFO-200
[2026-10-01 01:42:02] position 5호선 비정상 code=INFO-200
[2026-10-01 01:42:02] position 6호선 비정상 code=INFO-200
[2026-10-01 01:42:04] position 8호선 비정상 code=INFO-200
[2026-10-01 01:42:04] position 9호선 비정상 code=INFO-200
[2026-10-01 01:42:04] 위치 1행 / 도착 8행 저장, 호출 10 (누적 750)
[2026-10-01 01:45:00] position 1호선 비정상 code=INFO-200
[2026-10-01 01:45:01] position 2호선 비정상 code=INFO-200
[2026-10-01 01:45:03] position 3호선 비정상 code=INFO-200
[2026-10-01 01:45:03] position 4호선 비정상 code=INFO-200
[2026-10-01 01:45:04] position 5호선 비정상 code=INFO-200
[2026-10-01 01:45:05] position 6호선 비정상 code=INFO-200
[2026-10-01 01:45:06] position 8호선 비정상 code=INFO-200
[2026-10-01 01:45:06] position 9호선 비정상 code=INFO-200
[2026-10-01 01:45:09] 위치 1행 / 도착 8행 저장, 호출 10 (누적 760)
[2026-10-01 01:48:00] position 1호선 비정상 code=INFO-200
[2026-10-01 01:48:01] position 2호선 비정상 code=INFO-200
[2026-10-01 01:48:02] position 3호선 비정상 code=INFO-200
[2026-10-01 01:48:02] position 4호선 비정상 code=INFO-200
[2026-10-01 01:48:02] position 5호선 비정상 code=INFO-200
[2026-10-01 01:48:03] position 6호선 비정상 code=INFO-200
[2026-10-01 01:48:03] position 8호선 비정상 code=INFO-200
[2026-10-01 01:48:04] position 9호선 비정상 code=INFO-200
[2026-10-01 01:48:06] 위치 1행 / 도착 8행 저장, 호출 10 (누적 770)
[2026-10-01 01:51:00] position 1호선 비정상 code=INFO-200
[2026-10-01 01:51:01] position 2호선 비정상 code=INFO-200
[2026-10-01 01:51:01] position 3호선 비정상 code=INFO-200
[2026-10-01 01:51:01] position 4호선 비정상 code=INFO-200
[2026-10-01 01:51:02] position 5호선 비정상 code=INFO-200
[2026-10-01 01:51:02] position 6호선 비정상 code=INFO-200
[2026-10-01 01:51:03] position 8호선 비정상 code=INFO-200
[2026-10-01 01:51:03] position 9호선 비정상 code=INFO-200
[2026-10-01 01:51:03] 위치 1행 / 도착 8행 저장, 호출 10 (누적 780)
[2026-10-01 01:54:01] position 1호선 비정상 code=INFO-200
[2026-10-01 01:54:02] position 2호선 비정상 code=INFO-200
[2026-10-01 01:54:02] position 3호선 비정상 code=INFO-200
[2026-10-01 01:54:04] position 4호선 비정상 code=INFO-200
[2026-10-01 01:54:05] position 5호선 비정상 code=INFO-200
[2026-10-01 01:54:05] position 6호선 비정상 code=INFO-200
[2026-10-01 01:54:06] position 8호선 비정상 code=INFO-200
[2026-10-01 01:54:06] position 9호선 비정상 code=INFO-200
[2026-10-01 01:54:08] 위치 1행 / 도착 8행 저장, 호출 10 (누적 790)
[2026-10-01 01:57:00] position 1호선 비정상 code=INFO-200
[2026-10-01 01:57:01] position 2호선 비정상 code=INFO-200
[2026-10-01 01:57:01] position 3호선 비정상 code=INFO-200
[2026-10-01 01:57:02] position 4호선 비정상 code=INFO-200
[2026-10-01 01:57:02] position 5호선 비정상 code=INFO-200
[2026-10-01 01:57:03] position 6호선 비정상 code=INFO-200
[2026-10-01 01:57:04] position 8호선 비정상 code=INFO-200
[2026-10-01 01:57:04] position 9호선 비정상 code=INFO-200
[2026-10-01 01:57:04] 위치 1행 / 도착 8행 저장, 호출 10 (누적 800)
[2026-10-01 02:00:00] 수집 창 종료 (틱 80, 전 호출 실패 틱 0, 최장 연속 0)
