[2026-09-23 21:34:50] 수집 창 09-23 22:00 ~ 09-24 02:00, 180초 간격, 상한 950콜
[2026-09-23 21:34:50] 시작까지 25.2분 대기
[2026-09-23 22:00:09] 위치 301행 / 도착 2925행 저장, 호출 10 (누적 10)
[2026-09-23 22:03:09] 위치 308행 / 도착 2924행 저장, 호출 10 (누적 20)
[2026-09-23 22:06:10] 위치 303행 / 도착 2896행 저장, 호출 10 (누적 30)
[2026-09-23 22:09:06] 위치 305행 / 도착 2884행 저장, 호출 10 (누적 40)
[2026-09-23 22:12:08] 위치 302행 / 도착 2869행 저장, 호출 10 (누적 50)
[2026-09-23 22:15:09] 위치 299행 / 도착 2869행 저장, 호출 10 (누적 60)
[2026-09-23 22:18:06] 위치 290행 / 도착 2864행 저장, 호출 10 (누적 70)
[2026-09-23 22:21:09] 위치 284행 / 도착 2841행 저장, 호출 10 (누적 80)
[2026-09-23 22:24:09] 위치 291행 / 도착 2842행 저장, 호출 10 (누적 90)
[2026-09-23 22:27:05] 위치 276행 / 도착 2878행 저장, 호출 10 (누적 100)
[2026-09-23 22:30:09] 위치 276행 / 도착 2843행 저장, 호출 10 (누적 110)
[2026-09-23 22:33:07] 위치 278행 / 도착 2813행 저장, 호출 10 (누적 120)
[2026-09-23 22:36:06] 위치 275행 / 도착 2780행 저장, 호출 10 (누적 130)
[2026-09-23 22:39:09] 위치 269행 / 도착 2796행 저장, 호출 10 (누적 140)
[2026-09-23 22:42:05] 위치 271행 / 도착 2788행 저장, 호출 10 (누적 150)
[2026-09-23 22:45:05] 위치 273행 / 도착 2801행 저장, 호출 10 (누적 160)
[2026-09-23 22:48:08] 위치 268행 / 도착 2786행 저장, 호출 10 (누적 170)
[2026-09-23 22:51:06] 위치 271행 / 도착 2772행 저장, 호출 10 (누적 180)
[2026-09-23 22:54:05] 위치 264행 / 도착 2758행 저장, 호출 10 (누적 190)
[2026-09-23 22:57:10] 위치 257행 / 도착 2743행 저장, 호출 10 (누적 200)
[2026-09-23 23:00:09] 위치 250행 / 도착 2710행 저장, 호출 10 (누적 210)
[2026-09-23 23:03:06] 위치 248행 / 도착 2696행 저장, 호출 10 (누적 220)
[2026-09-23 23:06:09] 위치 247행 / 도착 2708행 저장, 호출 10 (누적 230)
[2026-09-23 23:09:06] 위치 245행 / 도착 2697행 저장, 호출 10 (누적 240)
[2026-09-23 23:12:05] 위치 239행 / 도착 2635행 저장, 호출 10 (누적 250)
[2026-09-23 23:15:08] 위치 246행 / 도착 2647행 저장, 호출 10 (누적 260)
[2026-09-23 23:18:10] 위치 233행 / 도착 2627행 저장, 호출 10 (누적 270)
[2026-09-23 23:21:05] 위치 229행 / 도착 2620행 저장, 호출 10 (누적 280)
[2026-09-23 23:24:05] 위치 239행 / 도착 2619행 저장, 호출 10 (누적 290)
[2026-09-23 23:27:05] 위치 228행 / 도착 2533행 저장, 호출 10 (누적 300)
[2026-09-23 23:30:05] 위치 227행 / 도착 2498행 저장, 호출 10 (누적 310)
[2026-09-23 23:33:09] 위치 226행 / 도착 2493행 저장, 호출 10 (누적 320)
[2026-09-23 23:36:05] 위치 222행 / 도착 2478행 저장, 호출 10 (누적 330)
[2026-09-23 23:39:05] 위치 219행 / 도착 2454행 저장, 호출 10 (누적 340)
[2026-09-23 23:42:09] 위치 215행 / 도착 2430행 저장, 호출 10 (누적 350)
[2026-09-23 23:45:09] 위치 215행 / 도착 2376행 저장, 호출 10 (누적 360)
[2026-09-23 23:48:06] 위치 209행 / 도착 2352행 저장, 호출 10 (누적 370)
[2026-09-23 23:51:09] 위치 216행 / 도착 2349행 저장, 호출 10 (누적 380)
[2026-09-23 23:54:09] 위치 209행 / 도착 2301행 저장, 호출 10 (누적 390)
[2026-09-23 23:57:05] 위치 199행 / 도착 2262행 저장, 호출 10 (누적 400)
[2026-09-24 00:00:05] 위치 193행 / 도착 2236행 저장, 호출 10 (누적 410)
[2026-09-24 00:03:09] 위치 192행 / 도착 2215행 저장, 호출 10 (누적 420)
[2026-09-24 00:06:05] 위치 192행 / 도착 2179행 저장, 호출 10 (누적 430)
[2026-09-24 00:09:08] 위치 187행 / 도착 2131행 저장, 호출 10 (누적 440)
[2026-09-24 00:12:04] 위치 182행 / 도착 2100행 저장, 호출 10 (누적 450)
[2026-09-24 00:15:05] 위치 174행 / 도착 2031행 저장, 호출 10 (누적 460)
[2026-09-24 00:18:08] 위치 169행 / 도착 1970행 저장, 호출 10 (누적 470)
[2026-09-24 00:21:06] 위치 157행 / 도착 1888행 저장, 호출 10 (누적 480)
[2026-09-24 00:24:04] 위치 156행 / 도착 1862행 저장, 호출 10 (누적 490)
[2026-09-24 00:27:08] 위치 147행 / 도착 1830행 저장, 호출 10 (누적 500)
[2026-09-24 00:30:05] 위치 141행 / 도착 1754행 저장, 호출 10 (누적 510)
[2026-09-24 00:33:04] 위치 140행 / 도착 1664행 저장, 호출 10 (누적 520)
[2026-09-24 00:36:09] 위치 119행 / 도착 1556행 저장, 호출 10 (누적 530)
[2026-09-24 00:39:05] 위치 116행 / 도착 1472행 저장, 호출 10 (누적 540)
[2026-09-24 00:42:06] 위치 109행 / 도착 1294행 저장, 호출 10 (누적 550)
[2026-09-24 00:45:06] 위치 102행 / 도착 1270행 저장, 호출 10 (누적 560)
[2026-09-24 00:48:05] 위치 90행 / 도착 1188행 저장, 호출 10 (누적 570)
[2026-09-24 00:51:05] 위치 79행 / 도착 1058행 저장, 호출 10 (누적 580)
[2026-09-24 00:54:08] 위치 80행 / 도착 963행 저장, 호출 10 (누적 590)
[2026-09-24 00:57:11] 위치 70행 / 도착 903행 저장, 호출 10 (누적 600)
[2026-09-24 01:00:05] 위치 58행 / 도착 853행 저장, 호출 10 (누적 610)
[2026-09-24 01:03:06] 위치 45행 / 도착 783행 저장, 호출 10 (누적 620)
[2026-09-24 01:06:02] position 6호선 비정상 code=INFO-200
[2026-09-24 01:06:04] position 8호선 비정상 code=INFO-200
[2026-09-24 01:06:04] position 9호선 비정상 code=INFO-200
[2026-09-24 01:06:06] 위치 11행 / 도착 711행 저장, 호출 10 (누적 630)
[2026-09-24 01:09:00] position 1호선 비정상 code=INFO-200
[2026-09-24 01:09:00] position 2호선 비정상 code=INFO-200
[2026-09-24 01:09:00] position 3호선 비정상 code=INFO-200
[2026-09-24 01:09:01] position 6호선 비정상 code=INFO-200
[2026-09-24 01:09:02] position 8호선 비정상 code=INFO-200
[2026-09-24 01:09:02] position 9호선 비정상 code=INFO-200
[2026-09-24 01:09:04] 위치 5행 / 도착 540행 저장, 호출 10 (누적 640)
[2026-09-24 01:12:00] position 1호선 비정상 code=INFO-200
[2026-09-24 01:12:01] position 2호선 비정상 code=INFO-200
[2026-09-24 01:12:02] position 3호선 비정상 code=INFO-200
[2026-09-24 01:12:02] position 4호선 비정상 code=INFO-200
[2026-09-24 01:12:04] position 6호선 비정상 code=INFO-200
[2026-09-24 01:12:04] position 7호선 비정상 code=INFO-200
[2026-09-24 01:12:05] position 8호선 비정상 code=INFO-200
[2026-09-24 01:12:05] position 9호선 비정상 code=INFO-200
[2026-09-24 01:12:07] 위치 3행 / 도착 462행 저장, 호출 10 (누적 650)
[2026-09-24 01:15:01] position 1호선 비정상 code=INFO-200
[2026-09-24 01:15:01] position 2호선 비정상 code=INFO-200
[2026-09-24 01:15:02] position 3호선 비정상 code=INFO-200
[2026-09-24 01:15:03] position 4호선 비정상 code=INFO-200
[2026-09-24 01:15:04] position 6호선 비정상 code=INFO-200
[2026-09-24 01:15:05] position 7호선 비정상 code=INFO-200
[2026-09-24 01:15:06] position 8호선 비정상 code=INFO-200
[2026-09-24 01:15:06] position 9호선 비정상 code=INFO-200
[2026-09-24 01:15:08] 위치 3행 / 도착 383행 저장, 호출 10 (누적 660)
[2026-09-24 01:18:00] position 1호선 비정상 code=INFO-200
[2026-09-24 01:18:01] position 2호선 비정상 code=INFO-200
[2026-09-24 01:18:01] position 3호선 비정상 code=INFO-200
[2026-09-24 01:18:01] position 4호선 비정상 code=INFO-200
[2026-09-24 01:18:03] position 6호선 비정상 code=INFO-200
[2026-09-24 01:18:03] position 7호선 비정상 code=INFO-200
[2026-09-24 01:18:03] position 8호선 비정상 code=INFO-200
[2026-09-24 01:18:04] position 9호선 비정상 code=INFO-200
[2026-09-24 01:18:05] 위치 3행 / 도착 305행 저장, 호출 10 (누적 670)
[2026-09-24 01:21:00] position 1호선 비정상 code=INFO-200
[2026-09-24 01:21:01] position 2호선 비정상 code=INFO-200
[2026-09-24 01:21:02] position 3호선 비정상 code=INFO-200
[2026-09-24 01:21:03] position 4호선 비정상 code=INFO-200
[2026-09-24 01:21:04] position 6호선 비정상 code=INFO-200
[2026-09-24 01:21:05] position 7호선 비정상 code=INFO-200
[2026-09-24 01:21:05] position 8호선 비정상 code=INFO-200
[2026-09-24 01:21:05] position 9호선 비정상 code=INFO-200
[2026-09-24 01:21:06] 위치 3행 / 도착 217행 저장, 호출 10 (누적 680)
[2026-09-24 01:24:00] position 1호선 비정상 code=INFO-200
[2026-09-24 01:24:01] position 2호선 비정상 code=INFO-200
[2026-09-24 01:24:03] position 3호선 비정상 code=INFO-200
[2026-09-24 01:24:04] position 4호선 비정상 code=INFO-200
[2026-09-24 01:24:05] position 6호선 비정상 code=INFO-200
[2026-09-24 01:24:05] position 7호선 비정상 code=INFO-200
[2026-09-24 01:24:06] position 8호선 비정상 code=INFO-200
[2026-09-24 01:24:07] position 9호선 비정상 code=INFO-200
[2026-09-24 01:24:08] 위치 3행 / 도착 126행 저장, 호출 10 (누적 690)
[2026-09-24 01:27:00] position 1호선 비정상 code=INFO-200
[2026-09-24 01:27:00] position 2호선 비정상 code=INFO-200
[2026-09-24 01:27:00] position 3호선 비정상 code=INFO-200
[2026-09-24 01:27:01] position 4호선 비정상 code=INFO-200
[2026-09-24 01:27:02] position 6호선 비정상 code=INFO-200
[2026-09-24 01:27:03] position 7호선 비정상 code=INFO-200
[2026-09-24 01:27:03] position 8호선 비정상 code=INFO-200
[2026-09-24 01:27:03] position 9호선 비정상 code=INFO-200
[2026-09-24 01:27:04] 위치 3행 / 도착 115행 저장, 호출 10 (누적 700)
[2026-09-24 01:30:01] position 1호선 비정상 code=INFO-200
[2026-09-24 01:30:02] position 2호선 비정상 code=INFO-200
[2026-09-24 01:30:03] position 3호선 비정상 code=INFO-200
[2026-09-24 01:30:03] position 4호선 비정상 code=INFO-200
[2026-09-24 01:30:05] position 6호선 비정상 code=INFO-200
[2026-09-24 01:30:05] position 7호선 비정상 code=INFO-200
[2026-09-24 01:30:06] position 8호선 비정상 code=INFO-200
[2026-09-24 01:30:06] position 9호선 비정상 code=INFO-200
[2026-09-24 01:30:07] 위치 3행 / 도착 17행 저장, 호출 10 (누적 710)
[2026-09-24 01:33:01] position 1호선 비정상 code=INFO-200
[2026-09-24 01:33:01] position 2호선 비정상 code=INFO-200
[2026-09-24 01:33:02] position 3호선 비정상 code=INFO-200
[2026-09-24 01:33:03] position 4호선 비정상 code=INFO-200
[2026-09-24 01:33:04] position 6호선 비정상 code=INFO-200
[2026-09-24 01:33:06] position 7호선 비정상 code=INFO-200
[2026-09-24 01:33:06] position 8호선 비정상 code=INFO-200
[2026-09-24 01:33:06] position 9호선 비정상 code=INFO-200
[2026-09-24 01:33:08] 위치 3행 / 도착 13행 저장, 호출 10 (누적 720)
[2026-09-24 01:36:00] position 1호선 비정상 code=INFO-200
[2026-09-24 01:36:00] position 2호선 비정상 code=INFO-200
[2026-09-24 01:36:00] position 3호선 비정상 code=INFO-200
[2026-09-24 01:36:01] position 4호선 비정상 code=INFO-200
[2026-09-24 01:36:01] position 6호선 비정상 code=INFO-200
[2026-09-24 01:36:02] position 7호선 비정상 code=INFO-200
[2026-09-24 01:36:02] position 8호선 비정상 code=INFO-200
[2026-09-24 01:36:02] position 9호선 비정상 code=INFO-200
[2026-09-24 01:36:03] 위치 3행 / 도착 9행 저장, 호출 10 (누적 730)
[2026-09-24 01:39:00] position 1호선 비정상 code=INFO-200
[2026-09-24 01:39:00] position 2호선 비정상 code=INFO-200
[2026-09-24 01:39:01] position 3호선 비정상 code=INFO-200
[2026-09-24 01:39:01] position 4호선 비정상 code=INFO-200
[2026-09-24 01:39:02] position 6호선 비정상 code=INFO-200
[2026-09-24 01:39:02] position 7호선 비정상 code=INFO-200
[2026-09-24 01:39:03] position 8호선 비정상 code=INFO-200
[2026-09-24 01:39:03] position 9호선 비정상 code=INFO-200
[2026-09-24 01:39:04] 위치 3행 / 도착 6행 저장, 호출 10 (누적 740)
[2026-09-24 01:42:01] position 1호선 비정상 code=INFO-200
[2026-09-24 01:42:02] position 2호선 비정상 code=INFO-200
[2026-09-24 01:42:02] position 3호선 비정상 code=INFO-200
[2026-09-24 01:42:03] position 4호선 비정상 code=INFO-200
[2026-09-24 01:42:03] position 6호선 비정상 code=INFO-200
[2026-09-24 01:42:04] position 7호선 비정상 code=INFO-200
[2026-09-24 01:42:06] position 8호선 비정상 code=INFO-200
[2026-09-24 01:42:07] position 9호선 비정상 code=INFO-200
[2026-09-24 01:42:07] 위치 3행 / 도착 6행 저장, 호출 10 (누적 750)
[2026-09-24 01:45:00] position 1호선 비정상 code=INFO-200
[2026-09-24 01:45:01] position 2호선 비정상 code=INFO-200
[2026-09-24 01:45:01] position 3호선 비정상 code=INFO-200
[2026-09-24 01:45:01] position 4호선 비정상 code=INFO-200
[2026-09-24 01:45:02] position 6호선 비정상 code=INFO-200
[2026-09-24 01:45:02] position 7호선 비정상 code=INFO-200
[2026-09-24 01:45:03] position 8호선 비정상 code=INFO-200
[2026-09-24 01:45:03] position 9호선 비정상 code=INFO-200
[2026-09-24 01:45:04] 위치 3행 / 도착 6행 저장, 호출 10 (누적 760)
[2026-09-24 01:48:00] position 1호선 비정상 code=INFO-200
[2026-09-24 01:48:00] position 2호선 비정상 code=INFO-200
[2026-09-24 01:48:01] position 3호선 비정상 code=INFO-200
[2026-09-24 01:48:01] position 4호선 비정상 code=INFO-200
[2026-09-24 01:48:02] position 6호선 비정상 code=INFO-200
[2026-09-24 01:48:02] position 7호선 비정상 code=INFO-200
[2026-09-24 01:48:03] position 8호선 비정상 code=INFO-200
[2026-09-24 01:48:03] position 9호선 비정상 code=INFO-200
[2026-09-24 01:48:04] 위치 3행 / 도착 6행 저장, 호출 10 (누적 770)
[2026-09-24 01:51:00] position 1호선 비정상 code=INFO-200
[2026-09-24 01:51:00] position 2호선 비정상 code=INFO-200
[2026-09-24 01:51:01] position 3호선 비정상 code=INFO-200
[2026-09-24 01:51:01] position 4호선 비정상 code=INFO-200
[2026-09-24 01:51:02] position 6호선 비정상 code=INFO-200
[2026-09-24 01:51:02] position 7호선 비정상 code=INFO-200
[2026-09-24 01:51:03] position 8호선 비정상 code=INFO-200
[2026-09-24 01:51:03] position 9호선 비정상 code=INFO-200
[2026-09-24 01:51:04] 위치 3행 / 도착 6행 저장, 호출 10 (누적 780)
[2026-09-24 01:54:00] position 1호선 비정상 code=INFO-200
[2026-09-24 01:54:00] position 2호선 비정상 code=INFO-200
[2026-09-24 01:54:01] position 3호선 비정상 code=INFO-200
[2026-09-24 01:54:01] position 4호선 비정상 code=INFO-200
[2026-09-24 01:54:02] position 6호선 비정상 code=INFO-200
[2026-09-24 01:54:02] position 7호선 비정상 code=INFO-200
[2026-09-24 01:54:02] position 8호선 비정상 code=INFO-200
[2026-09-24 01:54:03] position 9호선 비정상 code=INFO-200
[2026-09-24 01:54:03] 위치 3행 / 도착 6행 저장, 호출 10 (누적 790)
[2026-09-24 01:57:01] position 1호선 비정상 code=INFO-200
[2026-09-24 01:57:01] position 2호선 비정상 code=INFO-200
[2026-09-24 01:57:02] position 3호선 비정상 code=INFO-200
[2026-09-24 01:57:03] position 4호선 비정상 code=INFO-200
[2026-09-24 01:57:04] position 6호선 비정상 code=INFO-200
[2026-09-24 01:57:05] position 7호선 비정상 code=INFO-200
[2026-09-24 01:57:05] position 8호선 비정상 code=INFO-200
[2026-09-24 01:57:06] position 9호선 비정상 code=INFO-200
[2026-09-24 01:57:07] 위치 3행 / 도착 6행 저장, 호출 10 (누적 800)
[2026-09-24 02:00:00] 수집 창 종료
