[2026-10-02 21:00:23] 수집 창 10-02 22:00 ~ 10-03 02:00, 180초 간격, 상한 950콜
[2026-10-02 21:00:23] 시작까지 59.6분 대기
[2026-10-02 22:00:11] 위치 305행 / 도착 2891행 저장, 호출 10 (누적 10)
[2026-10-02 22:03:11] 위치 308행 / 도착 2871행 저장, 호출 10 (누적 20)
[2026-10-02 22:06:10] 위치 307행 / 도착 2922행 저장, 호출 10 (누적 30)
[2026-10-02 22:09:12] 위치 304행 / 도착 2891행 저장, 호출 10 (누적 40)
[2026-10-02 22:12:11] 위치 298행 / 도착 2860행 저장, 호출 10 (누적 50)
[2026-10-02 22:15:11] 위치 304행 / 도착 2867행 저장, 호출 10 (누적 60)
[2026-10-02 22:18:06] 위치 294행 / 도착 2855행 저장, 호출 10 (누적 70)
[2026-10-02 22:21:07] 위치 285행 / 도착 2829행 저장, 호출 10 (누적 80)
[2026-10-02 22:24:11] 위치 291행 / 도착 2835행 저장, 호출 10 (누적 90)
[2026-10-02 22:27:12] 위치 280행 / 도착 2840행 저장, 호출 10 (누적 100)
[2026-10-02 22:30:09] 위치 289행 / 도착 2861행 저장, 호출 10 (누적 110)
[2026-10-02 22:33:12] 위치 272행 / 도착 2816행 저장, 호출 10 (누적 120)
[2026-10-02 22:36:13] 위치 273행 / 도착 2815행 저장, 호출 10 (누적 130)
[2026-10-02 22:39:10] 위치 274행 / 도착 2777행 저장, 호출 10 (누적 140)
[2026-10-02 22:42:12] 위치 270행 / 도착 2807행 저장, 호출 10 (누적 150)
[2026-10-02 22:45:13] 위치 269행 / 도착 2780행 저장, 호출 10 (누적 160)
[2026-10-02 22:48:09] 위치 273행 / 도착 2757행 저장, 호출 10 (누적 170)
[2026-10-02 22:51:09] 위치 265행 / 도착 2757행 저장, 호출 10 (누적 180)
[2026-10-02 22:54:12] 위치 257행 / 도착 2767행 저장, 호출 10 (누적 190)
[2026-10-02 22:57:09] 위치 259행 / 도착 2756행 저장, 호출 10 (누적 200)
[2026-10-02 23:00:08] 위치 261행 / 도착 2715행 저장, 호출 10 (누적 210)
[2026-10-02 23:03:11] 위치 248행 / 도착 2698행 저장, 호출 10 (누적 220)
[2026-10-02 23:06:09] 위치 249행 / 도착 2684행 저장, 호출 10 (누적 230)
[2026-10-02 23:09:08] 위치 247행 / 도착 2684행 저장, 호출 10 (누적 240)
[2026-10-02 23:12:13] 위치 240행 / 도착 2647행 저장, 호출 10 (누적 250)
[2026-10-02 23:15:09] 위치 244행 / 도착 2630행 저장, 호출 10 (누적 260)
[2026-10-02 23:18:12] 위치 245행 / 도착 2622행 저장, 호출 10 (누적 270)
[2026-10-02 23:21:10] 위치 233행 / 도착 2611행 저장, 호출 10 (누적 280)
[2026-10-02 23:24:06] 위치 231행 / 도착 2606행 저장, 호출 10 (누적 290)
[2026-10-02 23:27:10] 위치 231행 / 도착 2556행 저장, 호출 10 (누적 300)
[2026-10-02 23:30:10] 위치 225행 / 도착 2491행 저장, 호출 10 (누적 310)
[2026-10-02 23:33:06] 위치 233행 / 도착 2517행 저장, 호출 10 (누적 320)
[2026-10-02 23:36:10] 위치 222행 / 도착 2471행 저장, 호출 10 (누적 330)
[2026-10-02 23:39:13] 위치 217행 / 도착 2462행 저장, 호출 10 (누적 340)
[2026-10-02 23:42:08] 위치 221행 / 도착 2442행 저장, 호출 10 (누적 350)
[2026-10-02 23:45:06] 위치 213행 / 도착 2401행 저장, 호출 10 (누적 360)
[2026-10-02 23:48:10] 위치 215행 / 도착 2351행 저장, 호출 10 (누적 370)
[2026-10-02 23:51:09] 위치 214행 / 도착 2353행 저장, 호출 10 (누적 380)
[2026-10-02 23:54:11] 위치 203행 / 도착 2303행 저장, 호출 10 (누적 390)
[2026-10-02 23:57:10] 위치 204행 / 도착 2259행 저장, 호출 10 (누적 400)
[2026-10-03 00:00:09] 위치 191행 / 도착 2231행 저장, 호출 10 (누적 410)
[2026-10-03 00:03:11] 위치 192행 / 도착 2222행 저장, 호출 10 (누적 420)
[2026-10-03 00:06:10] 위치 193행 / 도착 2198행 저장, 호출 10 (누적 430)
[2026-10-03 00:09:08] 위치 184행 / 도착 2151행 저장, 호출 10 (누적 440)
[2026-10-03 00:12:13] 위치 178행 / 도착 2087행 저장, 호출 10 (누적 450)
[2026-10-03 00:15:12] 위치 172행 / 도착 2045행 저장, 호출 10 (누적 460)
[2026-10-03 00:18:09] 위치 169행 / 도착 1980행 저장, 호출 10 (누적 470)
[2026-10-03 00:21:09] 위치 155행 / 도착 1912행 저장, 호출 10 (누적 480)
[2026-10-03 00:24:10] 위치 149행 / 도착 1837행 저장, 호출 10 (누적 490)
[2026-10-03 00:27:09] 위치 142행 / 도착 1782행 저장, 호출 10 (누적 500)
[2026-10-03 00:30:12] 위치 140행 / 도착 1715행 저장, 호출 10 (누적 510)
[2026-10-03 00:33:06] 위치 130행 / 도착 1645행 저장, 호출 10 (누적 520)
[2026-10-03 00:36:10] 위치 117행 / 도착 1540행 저장, 호출 10 (누적 530)
[2026-10-03 00:39:10] 위치 107행 / 도착 1452행 저장, 호출 10 (누적 540)
[2026-10-03 00:42:10] 위치 103행 / 도착 1358행 저장, 호출 10 (누적 550)
[2026-10-03 00:45:06] 위치 97행 / 도착 1274행 저장, 호출 10 (누적 560)
[2026-10-03 00:48:10] 위치 94행 / 도착 1203행 저장, 호출 10 (누적 570)
[2026-10-03 00:51:10] 위치 74행 / 도착 1035행 저장, 호출 10 (누적 580)
[2026-10-03 00:54:08] 위치 78행 / 도착 961행 저장, 호출 10 (누적 590)
[2026-10-03 00:57:10] 위치 70행 / 도착 905행 저장, 호출 10 (누적 600)
[2026-10-03 01:00:09] 위치 56행 / 도착 848행 저장, 호출 10 (누적 610)
[2026-10-03 01:03:08] 위치 43행 / 도착 788행 저장, 호출 10 (누적 620)
[2026-10-03 01:06:03] position 3호선 비정상 code=INFO-200
[2026-10-03 01:06:06] position 6호선 비정상 code=INFO-200
[2026-10-03 01:06:09] position 8호선 비정상 code=INFO-200
[2026-10-03 01:06:10] position 9호선 비정상 code=INFO-200
[2026-10-03 01:06:13] 위치 12행 / 도착 716행 저장, 호출 10 (누적 630)
[2026-10-03 01:09:01] position 1호선 비정상 code=INFO-200
[2026-10-03 01:09:03] position 3호선 비정상 code=INFO-200
[2026-10-03 01:09:06] position 6호선 비정상 code=INFO-200
[2026-10-03 01:09:08] position 8호선 비정상 code=INFO-200
[2026-10-03 01:09:08] position 9호선 비정상 code=INFO-200
[2026-10-03 01:09:11] 위치 8행 / 도착 554행 저장, 호출 10 (누적 640)
[2026-10-03 01:12:00] position 1호선 비정상 code=INFO-200
[2026-10-03 01:12:02] position 3호선 비정상 code=INFO-200
[2026-10-03 01:12:03] position 4호선 비정상 code=INFO-200
[2026-10-03 01:12:04] position 6호선 비정상 code=INFO-200
[2026-10-03 01:12:04] position 7호선 비정상 code=INFO-200
[2026-10-03 01:12:05] position 8호선 비정상 code=INFO-200
[2026-10-03 01:12:05] position 9호선 비정상 code=INFO-200
[2026-10-03 01:12:08] 위치 2행 / 도착 473행 저장, 호출 10 (누적 650)
[2026-10-03 01:15:01] position 1호선 비정상 code=INFO-200
[2026-10-03 01:15:01] position 2호선 비정상 code=INFO-200
[2026-10-03 01:15:02] position 3호선 비정상 code=INFO-200
[2026-10-03 01:15:03] position 4호선 비정상 code=INFO-200
[2026-10-03 01:15:05] position 6호선 비정상 code=INFO-200
[2026-10-03 01:15:06] position 7호선 비정상 code=INFO-200
[2026-10-03 01:15:06] position 8호선 비정상 code=INFO-200
[2026-10-03 01:15:07] position 9호선 비정상 code=INFO-200
[2026-10-03 01:15:08] 위치 1행 / 도착 398행 저장, 호출 10 (누적 660)
[2026-10-03 01:18:00] position 1호선 비정상 code=INFO-200
[2026-10-03 01:18:01] position 2호선 비정상 code=INFO-200
[2026-10-03 01:18:02] position 3호선 비정상 code=INFO-200
[2026-10-03 01:18:03] position 4호선 비정상 code=INFO-200
[2026-10-03 01:18:06] position 6호선 비정상 code=INFO-200
[2026-10-03 01:18:07] position 7호선 비정상 code=INFO-200
[2026-10-03 01:18:08] position 8호선 비정상 code=INFO-200
[2026-10-03 01:18:08] position 9호선 비정상 code=INFO-200
[2026-10-03 01:18:10] 위치 1행 / 도착 322행 저장, 호출 10 (누적 670)
[2026-10-03 01:21:00] position 1호선 비정상 code=INFO-200
[2026-10-03 01:21:01] position 2호선 비정상 code=INFO-200
[2026-10-03 01:21:02] position 3호선 비정상 code=INFO-200
[2026-10-03 01:21:03] position 4호선 비정상 code=INFO-200
[2026-10-03 01:21:04] position 6호선 비정상 code=INFO-200
[2026-10-03 01:21:05] position 7호선 비정상 code=INFO-200
[2026-10-03 01:21:05] position 8호선 비정상 code=INFO-200
[2026-10-03 01:21:06] position 9호선 비정상 code=INFO-200
[2026-10-03 01:21:08] 위치 1행 / 도착 237행 저장, 호출 10 (누적 680)
[2026-10-03 01:24:01] position 1호선 비정상 code=INFO-200
[2026-10-03 01:24:01] position 2호선 비정상 code=INFO-200
[2026-10-03 01:24:02] position 3호선 비정상 code=INFO-200
[2026-10-03 01:24:03] position 4호선 비정상 code=INFO-200
[2026-10-03 01:24:05] position 6호선 비정상 code=INFO-200
[2026-10-03 01:24:06] position 7호선 비정상 code=INFO-200
[2026-10-03 01:24:07] position 8호선 비정상 code=INFO-200
[2026-10-03 01:24:08] position 9호선 비정상 code=INFO-200
[2026-10-03 01:24:10] 위치 1행 / 도착 137행 저장, 호출 10 (누적 690)
[2026-10-03 01:27:01] position 1호선 비정상 code=INFO-200
[2026-10-03 01:27:02] position 2호선 비정상 code=INFO-200
[2026-10-03 01:27:03] position 3호선 비정상 code=INFO-200
[2026-10-03 01:27:04] position 4호선 비정상 code=INFO-200
[2026-10-03 01:27:06] position 6호선 비정상 code=INFO-200
[2026-10-03 01:27:07] position 7호선 비정상 code=INFO-200
[2026-10-03 01:27:07] position 8호선 비정상 code=INFO-200
[2026-10-03 01:27:08] position 9호선 비정상 code=INFO-200
[2026-10-03 01:27:10] 위치 1행 / 도착 123행 저장, 호출 10 (누적 700)
[2026-10-03 01:30:01] position 1호선 비정상 code=INFO-200
[2026-10-03 01:30:01] position 2호선 비정상 code=INFO-200
[2026-10-03 01:30:02] position 3호선 비정상 code=INFO-200
[2026-10-03 01:30:02] position 4호선 비정상 code=INFO-200
[2026-10-03 01:30:05] position 6호선 비정상 code=INFO-200
[2026-10-03 01:30:05] position 7호선 비정상 code=INFO-200
[2026-10-03 01:30:06] position 8호선 비정상 code=INFO-200
[2026-10-03 01:30:07] position 9호선 비정상 code=INFO-200
[2026-10-03 01:30:09] 위치 1행 / 도착 104행 저장, 호출 10 (누적 710)
[2026-10-03 01:33:01] position 1호선 비정상 code=INFO-200
[2026-10-03 01:33:02] position 2호선 비정상 code=INFO-200
[2026-10-03 01:33:03] position 3호선 비정상 code=INFO-200
[2026-10-03 01:33:03] position 4호선 비정상 code=INFO-200
[2026-10-03 01:33:05] position 6호선 비정상 code=INFO-200
[2026-10-03 01:33:06] position 7호선 비정상 code=INFO-200
[2026-10-03 01:33:07] position 8호선 비정상 code=INFO-200
[2026-10-03 01:33:07] position 9호선 비정상 code=INFO-200
[2026-10-03 01:33:10] 위치 1행 / 도착 99행 저장, 호출 10 (누적 720)
[2026-10-03 01:36:01] position 1호선 비정상 code=INFO-200
[2026-10-03 01:36:02] position 2호선 비정상 code=INFO-200
[2026-10-03 01:36:03] position 3호선 비정상 code=INFO-200
[2026-10-03 01:36:04] position 4호선 비정상 code=INFO-200
[2026-10-03 01:36:06] position 6호선 비정상 code=INFO-200
[2026-10-03 01:36:07] position 7호선 비정상 code=INFO-200
[2026-10-03 01:36:07] position 8호선 비정상 code=INFO-200
[2026-10-03 01:36:08] position 9호선 비정상 code=INFO-200
[2026-10-03 01:36:09] 위치 1행 / 도착 15행 저장, 호출 10 (누적 730)
[2026-10-03 01:39:01] position 1호선 비정상 code=INFO-200
[2026-10-03 01:39:02] position 2호선 비정상 code=INFO-200
[2026-10-03 01:39:02] position 3호선 비정상 code=INFO-200
[2026-10-03 01:39:02] position 4호선 비정상 code=INFO-200
[2026-10-03 01:39:03] position 6호선 비정상 code=INFO-200
[2026-10-03 01:39:04] position 7호선 비정상 code=INFO-200
[2026-10-03 01:39:04] position 8호선 비정상 code=INFO-200
[2026-10-03 01:39:06] position 9호선 비정상 code=INFO-200
[2026-10-03 01:39:06] 위치 1행 / 도착 12행 저장, 호출 10 (누적 740)
[2026-10-03 01:42:00] position 1호선 비정상 code=INFO-200
[2026-10-03 01:42:01] position 2호선 비정상 code=INFO-200
[2026-10-03 01:42:02] position 3호선 비정상 code=INFO-200
[2026-10-03 01:42:03] position 4호선 비정상 code=INFO-200
[2026-10-03 01:42:06] position 6호선 비정상 code=INFO-200
[2026-10-03 01:42:06] position 7호선 비정상 code=INFO-200
[2026-10-03 01:42:07] position 8호선 비정상 code=INFO-200
[2026-10-03 01:42:08] position 9호선 비정상 code=INFO-200
[2026-10-03 01:42:10] 위치 1행 / 도착 11행 저장, 호출 10 (누적 750)
[2026-10-03 01:45:01] position 1호선 비정상 code=INFO-200
[2026-10-03 01:45:02] position 2호선 비정상 code=INFO-200
[2026-10-03 01:45:03] position 3호선 비정상 code=INFO-200
[2026-10-03 01:45:04] position 4호선 비정상 code=INFO-200
[2026-10-03 01:45:06] position 6호선 비정상 code=INFO-200
[2026-10-03 01:45:08] position 7호선 비정상 code=INFO-200
[2026-10-03 01:45:08] position 8호선 비정상 code=INFO-200
[2026-10-03 01:45:09] position 9호선 비정상 code=INFO-200
[2026-10-03 01:45:10] 위치 1행 / 도착 11행 저장, 호출 10 (누적 760)
[2026-10-03 01:48:00] position 1호선 비정상 code=INFO-200
[2026-10-03 01:48:01] position 2호선 비정상 code=INFO-200
[2026-10-03 01:48:02] position 3호선 비정상 code=INFO-200
[2026-10-03 01:48:02] position 4호선 비정상 code=INFO-200
[2026-10-03 01:48:03] position 6호선 비정상 code=INFO-200
[2026-10-03 01:48:03] position 7호선 비정상 code=INFO-200
[2026-10-03 01:48:03] position 8호선 비정상 code=INFO-200
[2026-10-03 01:48:04] position 9호선 비정상 code=INFO-200
[2026-10-03 01:48:06] 위치 1행 / 도착 11행 저장, 호출 10 (누적 770)
[2026-10-03 01:51:01] position 1호선 비정상 code=INFO-200
[2026-10-03 01:51:02] position 2호선 비정상 code=INFO-200
[2026-10-03 01:51:03] position 3호선 비정상 code=INFO-200
[2026-10-03 01:51:04] position 4호선 비정상 code=INFO-200
[2026-10-03 01:51:06] position 6호선 비정상 code=INFO-200
[2026-10-03 01:51:07] position 7호선 비정상 code=INFO-200
[2026-10-03 01:51:09] position 8호선 비정상 code=INFO-200
[2026-10-03 01:51:09] position 9호선 비정상 code=INFO-200
[2026-10-03 01:51:11] 위치 1행 / 도착 11행 저장, 호출 10 (누적 780)
[2026-10-03 01:54:01] position 1호선 비정상 code=INFO-200
[2026-10-03 01:54:02] position 2호선 비정상 code=INFO-200
[2026-10-03 01:54:03] position 3호선 비정상 code=INFO-200
[2026-10-03 01:54:04] position 4호선 비정상 code=INFO-200
[2026-10-03 01:54:06] position 6호선 비정상 code=INFO-200
[2026-10-03 01:54:07] position 7호선 비정상 code=INFO-200
[2026-10-03 01:54:08] position 8호선 비정상 code=INFO-200
[2026-10-03 01:54:09] position 9호선 비정상 code=INFO-200
[2026-10-03 01:54:11] 위치 1행 / 도착 11행 저장, 호출 10 (누적 790)
[2026-10-03 01:57:01] position 1호선 비정상 code=INFO-200
[2026-10-03 01:57:02] position 2호선 비정상 code=INFO-200
[2026-10-03 01:57:03] position 3호선 비정상 code=INFO-200
[2026-10-03 01:57:03] position 4호선 비정상 code=INFO-200
[2026-10-03 01:57:04] position 6호선 비정상 code=INFO-200
[2026-10-03 01:57:05] position 7호선 비정상 code=INFO-200
[2026-10-03 01:57:05] position 8호선 비정상 code=INFO-200
[2026-10-03 01:57:07] position 9호선 비정상 code=INFO-200
[2026-10-03 01:57:08] 위치 1행 / 도착 11행 저장, 호출 10 (누적 800)
[2026-10-03 02:00:00] 수집 창 종료 (틱 80, 전 호출 실패 틱 0, 최장 연속 0)
