[2026-10-04 21:00:14] 수집 창 10-04 22:00 ~ 10-05 02:00, 180초 간격, 상한 950콜
[2026-10-04 21:00:14] 시작까지 59.8분 대기
[2026-10-04 22:00:14] 위치 296행 / 도착 2768행 저장, 호출 10 (누적 10)
[2026-10-04 22:03:11] 위치 291행 / 도착 2763행 저장, 호출 10 (누적 20)
[2026-10-04 22:06:10] 위치 290행 / 도착 2745행 저장, 호출 10 (누적 30)
[2026-10-04 22:09:15] 위치 282행 / 도착 2736행 저장, 호출 10 (누적 40)
[2026-10-04 22:12:14] 위치 283행 / 도착 2741행 저장, 호출 10 (누적 50)
[2026-10-04 22:15:11] 위치 276행 / 도착 2718행 저장, 호출 10 (누적 60)
[2026-10-04 22:18:10] 위치 277행 / 도착 2726행 저장, 호출 10 (누적 70)
[2026-10-04 22:21:13] 위치 288행 / 도착 2710행 저장, 호출 10 (누적 80)
[2026-10-04 22:24:11] 위치 280행 / 도착 2731행 저장, 호출 10 (누적 90)
[2026-10-04 22:27:10] 위치 272행 / 도착 2736행 저장, 호출 10 (누적 100)
[2026-10-04 22:30:13] 위치 269행 / 도착 2710행 저장, 호출 10 (누적 110)
[2026-10-04 22:33:09] 위치 264행 / 도착 2733행 저장, 호출 10 (누적 120)
[2026-10-04 22:36:10] 위치 275행 / 도착 2688행 저장, 호출 10 (누적 130)
[2026-10-04 22:39:14] 위치 271행 / 도착 2678행 저장, 호출 10 (누적 140)
[2026-10-04 22:42:11] 위치 262행 / 도착 2671행 저장, 호출 10 (누적 150)
[2026-10-04 22:45:13] 위치 257행 / 도착 2726행 저장, 호출 10 (누적 160)
[2026-10-04 22:48:15] 위치 261행 / 도착 2678행 저장, 호출 10 (누적 170)
[2026-10-04 22:51:11] 위치 251행 / 도착 2707행 저장, 호출 10 (누적 180)
[2026-10-04 22:54:13] 위치 253행 / 도착 2677행 저장, 호출 10 (누적 190)
[2026-10-04 22:57:10] 위치 245행 / 도착 2676행 저장, 호출 10 (누적 200)
[2026-10-04 23:00:11] 위치 243행 / 도착 2667행 저장, 호출 10 (누적 210)
[2026-10-04 23:03:15] 위치 241행 / 도착 2679행 저장, 호출 10 (누적 220)
[2026-10-04 23:06:14] 위치 233행 / 도착 2690행 저장, 호출 10 (누적 230)
[2026-10-04 23:09:10] 위치 238행 / 도착 2639행 저장, 호출 10 (누적 240)
[2026-10-04 23:12:11] 위치 232행 / 도착 2604행 저장, 호출 10 (누적 250)
[2026-10-04 23:15:10] 위치 222행 / 도착 2592행 저장, 호출 10 (누적 260)
[2026-10-04 23:18:10] 위치 217행 / 도착 2584행 저장, 호출 10 (누적 270)
[2026-10-04 23:21:13] 위치 219행 / 도착 2568행 저장, 호출 10 (누적 280)
[2026-10-04 23:24:13] 위치 209행 / 도착 2547행 저장, 호출 10 (누적 290)
[2026-10-04 23:27:10] 위치 208행 / 도착 2481행 저장, 호출 10 (누적 300)
[2026-10-04 23:30:13] 위치 197행 / 도착 2452행 저장, 호출 10 (누적 310)
[2026-10-04 23:33:09] 위치 192행 / 도착 2403행 저장, 호출 10 (누적 320)
[2026-10-04 23:36:09] 위치 185행 / 도착 2387행 저장, 호출 10 (누적 330)
[2026-10-04 23:39:13] 위치 185행 / 도착 2321행 저장, 호출 10 (누적 340)
[2026-10-04 23:42:11] 위치 184행 / 도착 2248행 저장, 호출 10 (누적 350)
[2026-10-04 23:45:09] 위치 170행 / 도착 2184행 저장, 호출 10 (누적 360)
[2026-10-04 23:48:10] 위치 158행 / 도착 2074행 저장, 호출 10 (누적 370)
[2026-10-04 23:51:13] 위치 160행 / 도착 2000행 저장, 호출 10 (누적 380)
[2026-10-04 23:54:11] 위치 152행 / 도착 1911행 저장, 호출 10 (누적 390)
[2026-10-04 23:57:14] 위치 142행 / 도착 1875행 저장, 호출 10 (누적 400)
[2026-10-05 00:00:12] 위치 131행 / 도착 1755행 저장, 호출 10 (누적 410)
[2026-10-05 00:03:09] 위치 114행 / 도착 1653행 저장, 호출 10 (누적 420)
[2026-10-05 00:06:11] 위치 92행 / 도착 1608행 저장, 호출 10 (누적 430)
[2026-10-05 00:09:09] position 9호선 비정상 code=INFO-200
[2026-10-05 00:09:13] 위치 73행 / 도착 1512행 저장, 호출 10 (누적 440)
[2026-10-05 00:12:09] position 9호선 비정상 code=INFO-200
[2026-10-05 00:12:11] 위치 52행 / 도착 1401행 저장, 호출 10 (누적 450)
[2026-10-05 00:15:01] position 2호선 비정상 code=INFO-200
[2026-10-05 00:15:01] position 3호선 비정상 code=INFO-200
[2026-10-05 00:15:07] position 9호선 비정상 code=INFO-200
[2026-10-05 00:15:10] 위치 38행 / 도착 1247행 저장, 호출 10 (누적 460)
[2026-10-05 00:18:02] position 2호선 비정상 code=INFO-200
[2026-10-05 00:18:03] position 3호선 비정상 code=INFO-200
[2026-10-05 00:18:10] position 9호선 비정상 code=INFO-200
[2026-10-05 00:18:12] 위치 32행 / 도착 1142행 저장, 호출 10 (누적 470)
[2026-10-05 00:21:02] position 2호선 비정상 code=INFO-200
[2026-10-05 00:21:03] position 3호선 비정상 code=INFO-200
[2026-10-05 00:21:08] position 9호선 비정상 code=INFO-200
[2026-10-05 00:21:12] 위치 29행 / 도착 991행 저장, 호출 10 (누적 480)
[2026-10-05 00:24:02] position 2호선 비정상 code=INFO-200
[2026-10-05 00:24:03] position 3호선 비정상 code=INFO-200
[2026-10-05 00:24:08] position 9호선 비정상 code=INFO-200
[2026-10-05 00:24:12] 위치 27행 / 도착 906행 저장, 호출 10 (누적 490)
[2026-10-05 00:27:02] position 2호선 비정상 code=INFO-200
[2026-10-05 00:27:03] position 3호선 비정상 code=INFO-200
[2026-10-05 00:27:09] position 9호선 비정상 code=INFO-200
[2026-10-05 00:27:12] 위치 24행 / 도착 798행 저장, 호출 10 (누적 500)
[2026-10-05 00:30:02] position 2호선 비정상 code=INFO-200
[2026-10-05 00:30:03] position 3호선 비정상 code=INFO-200
[2026-10-05 00:30:09] position 9호선 비정상 code=INFO-200
[2026-10-05 00:30:11] 위치 20행 / 도착 767행 저장, 호출 10 (누적 510)
[2026-10-05 00:33:00] position 2호선 비정상 code=INFO-200
[2026-10-05 00:33:02] position 3호선 비정상 code=INFO-200
[2026-10-05 00:33:09] position 9호선 비정상 code=INFO-200
[2026-10-05 00:33:12] 위치 17행 / 도착 691행 저장, 호출 10 (누적 520)
[2026-10-05 00:36:02] position 2호선 비정상 code=INFO-200
[2026-10-05 00:36:03] position 3호선 비정상 code=INFO-200
[2026-10-05 00:36:08] position 9호선 비정상 code=INFO-200
[2026-10-05 00:36:11] 위치 14행 / 도착 546행 저장, 호출 10 (누적 530)
[2026-10-05 00:39:02] position 2호선 비정상 code=INFO-200
[2026-10-05 00:39:03] position 3호선 비정상 code=INFO-200
[2026-10-05 00:39:08] position 9호선 비정상 code=INFO-200
[2026-10-05 00:39:10] 위치 11행 / 도착 477행 저장, 호출 10 (누적 540)
[2026-10-05 00:42:01] position 2호선 비정상 code=INFO-200
[2026-10-05 00:42:02] position 3호선 비정상 code=INFO-200
[2026-10-05 00:42:02] position 4호선 비정상 code=INFO-200
[2026-10-05 00:42:05] position 9호선 비정상 code=INFO-200
[2026-10-05 00:42:07] 위치 9행 / 도착 443행 저장, 호출 10 (누적 550)
[2026-10-05 00:45:02] position 2호선 비정상 code=INFO-200
[2026-10-05 00:45:03] position 3호선 비정상 code=INFO-200
[2026-10-05 00:45:04] position 4호선 비정상 code=INFO-200
[2026-10-05 00:45:09] position 9호선 비정상 code=INFO-200
[2026-10-05 00:45:11] 위치 9행 / 도착 426행 저장, 호출 10 (누적 560)
[2026-10-05 00:48:02] position 2호선 비정상 code=INFO-200
[2026-10-05 00:48:02] position 3호선 비정상 code=INFO-200
[2026-10-05 00:48:03] position 4호선 비정상 code=INFO-200
[2026-10-05 00:48:08] position 9호선 비정상 code=INFO-200
[2026-10-05 00:48:10] 위치 8행 / 도착 368행 저장, 호출 10 (누적 570)
[2026-10-05 00:51:01] position 2호선 비정상 code=INFO-200
[2026-10-05 00:51:02] position 3호선 비정상 code=INFO-200
[2026-10-05 00:51:03] position 4호선 비정상 code=INFO-200
[2026-10-05 00:51:08] position 9호선 비정상 code=INFO-200
[2026-10-05 00:51:10] 위치 8행 / 도착 340행 저장, 호출 10 (누적 580)
[2026-10-05 00:54:02] position 2호선 비정상 code=INFO-200
[2026-10-05 00:54:04] position 3호선 비정상 code=INFO-200
[2026-10-05 00:54:05] position 4호선 비정상 code=INFO-200
[2026-10-05 00:54:12] position 9호선 비정상 code=INFO-200
[2026-10-05 00:54:15] 위치 8행 / 도착 308행 저장, 호출 10 (누적 590)
[2026-10-05 00:57:02] position 2호선 비정상 code=INFO-200
[2026-10-05 00:57:02] position 3호선 비정상 code=INFO-200
[2026-10-05 00:57:03] position 4호선 비정상 code=INFO-200
[2026-10-05 00:57:07] position 9호선 비정상 code=INFO-200
[2026-10-05 00:57:10] 위치 8행 / 도착 277행 저장, 호출 10 (누적 600)
[2026-10-05 01:00:01] position 2호선 비정상 code=INFO-200
[2026-10-05 01:00:02] position 3호선 비정상 code=INFO-200
[2026-10-05 01:00:03] position 4호선 비정상 code=INFO-200
[2026-10-05 01:00:08] position 9호선 비정상 code=INFO-200
[2026-10-05 01:00:10] 위치 8행 / 도착 270행 저장, 호출 10 (누적 610)
[2026-10-05 01:03:02] position 2호선 비정상 code=INFO-200
[2026-10-05 01:03:03] position 3호선 비정상 code=INFO-200
[2026-10-05 01:03:04] position 4호선 비정상 code=INFO-200
[2026-10-05 01:03:07] position 9호선 비정상 code=INFO-200
[2026-10-05 01:03:09] 위치 8행 / 도착 190행 저장, 호출 10 (누적 620)
[2026-10-05 01:06:02] position 2호선 비정상 code=INFO-200
[2026-10-05 01:06:03] position 3호선 비정상 code=INFO-200
[2026-10-05 01:06:04] position 4호선 비정상 code=INFO-200
[2026-10-05 01:06:08] position 9호선 비정상 code=INFO-200
[2026-10-05 01:06:10] 위치 8행 / 도착 188행 저장, 호출 10 (누적 630)
[2026-10-05 01:09:02] position 2호선 비정상 code=INFO-200
[2026-10-05 01:09:03] position 3호선 비정상 code=INFO-200
[2026-10-05 01:09:04] position 4호선 비정상 code=INFO-200
[2026-10-05 01:09:09] position 9호선 비정상 code=INFO-200
[2026-10-05 01:09:12] 위치 8행 / 도착 187행 저장, 호출 10 (누적 640)
[2026-10-05 01:12:02] position 2호선 비정상 code=INFO-200
[2026-10-05 01:12:03] position 3호선 비정상 code=INFO-200
[2026-10-05 01:12:04] position 4호선 비정상 code=INFO-200
[2026-10-05 01:12:10] position 9호선 비정상 code=INFO-200
[2026-10-05 01:12:12] 위치 8행 / 도착 187행 저장, 호출 10 (누적 650)
[2026-10-05 01:15:03] position 2호선 비정상 code=INFO-200
[2026-10-05 01:15:04] position 3호선 비정상 code=INFO-200
[2026-10-05 01:15:04] position 4호선 비정상 code=INFO-200
[2026-10-05 01:15:09] position 9호선 비정상 code=INFO-200
[2026-10-05 01:15:10] 위치 8행 / 도착 186행 저장, 호출 10 (누적 660)
[2026-10-05 01:18:01] position 2호선 비정상 code=INFO-200
[2026-10-05 01:18:03] position 3호선 비정상 code=INFO-200
[2026-10-05 01:18:04] position 4호선 비정상 code=INFO-200
[2026-10-05 01:18:07] position 9호선 비정상 code=INFO-200
[2026-10-05 01:18:09] 위치 8행 / 도착 186행 저장, 호출 10 (누적 670)
[2026-10-05 01:21:02] position 2호선 비정상 code=INFO-200
[2026-10-05 01:21:02] position 3호선 비정상 code=INFO-200
[2026-10-05 01:21:04] position 4호선 비정상 code=INFO-200
[2026-10-05 01:21:09] position 9호선 비정상 code=INFO-200
[2026-10-05 01:21:12] 위치 8행 / 도착 187행 저장, 호출 10 (누적 680)
[2026-10-05 01:24:01] position 2호선 비정상 code=INFO-200
[2026-10-05 01:24:02] position 3호선 비정상 code=INFO-200
[2026-10-05 01:24:02] position 4호선 비정상 code=INFO-200
[2026-10-05 01:24:06] position 9호선 비정상 code=INFO-200
[2026-10-05 01:24:09] 위치 8행 / 도착 187행 저장, 호출 10 (누적 690)
[2026-10-05 01:27:01] position 2호선 비정상 code=INFO-200
[2026-10-05 01:27:02] position 3호선 비정상 code=INFO-200
[2026-10-05 01:27:04] position 4호선 비정상 code=INFO-200
[2026-10-05 01:27:09] position 9호선 비정상 code=INFO-200
[2026-10-05 01:27:12] 위치 8행 / 도착 187행 저장, 호출 10 (누적 700)
[2026-10-05 01:30:02] position 2호선 비정상 code=INFO-200
[2026-10-05 01:30:03] position 3호선 비정상 code=INFO-200
[2026-10-05 01:30:04] position 4호선 비정상 code=INFO-200
[2026-10-05 01:30:08] position 9호선 비정상 code=INFO-200
[2026-10-05 01:30:11] 위치 8행 / 도착 187행 저장, 호출 10 (누적 710)
[2026-10-05 01:33:02] position 2호선 비정상 code=INFO-200
[2026-10-05 01:33:03] position 3호선 비정상 code=INFO-200
[2026-10-05 01:33:04] position 4호선 비정상 code=INFO-200
[2026-10-05 01:33:08] position 9호선 비정상 code=INFO-200
[2026-10-05 01:33:10] 위치 8행 / 도착 187행 저장, 호출 10 (누적 720)
[2026-10-05 01:36:02] position 2호선 비정상 code=INFO-200
[2026-10-05 01:36:03] position 3호선 비정상 code=INFO-200
[2026-10-05 01:36:04] position 4호선 비정상 code=INFO-200
[2026-10-05 01:36:08] position 9호선 비정상 code=INFO-200
[2026-10-05 01:36:10] 위치 8행 / 도착 187행 저장, 호출 10 (누적 730)
[2026-10-05 01:39:01] position 2호선 비정상 code=INFO-200
[2026-10-05 01:39:03] position 3호선 비정상 code=INFO-200
[2026-10-05 01:39:03] position 4호선 비정상 code=INFO-200
[2026-10-05 01:39:07] position 9호선 비정상 code=INFO-200
[2026-10-05 01:39:09] 위치 8행 / 도착 186행 저장, 호출 10 (누적 740)
[2026-10-05 01:42:00] position 2호선 비정상 code=INFO-200
[2026-10-05 01:42:01] position 3호선 비정상 code=INFO-200
[2026-10-05 01:42:01] position 4호선 비정상 code=INFO-200
[2026-10-05 01:42:03] position 9호선 비정상 code=INFO-200
[2026-10-05 01:42:05] 위치 8행 / 도착 187행 저장, 호출 10 (누적 750)
[2026-10-05 01:45:02] position 2호선 비정상 code=INFO-200
[2026-10-05 01:45:02] position 3호선 비정상 code=INFO-200
[2026-10-05 01:45:03] position 4호선 비정상 code=INFO-200
[2026-10-05 01:45:07] position 9호선 비정상 code=INFO-200
[2026-10-05 01:45:09] 위치 8행 / 도착 187행 저장, 호출 10 (누적 760)
[2026-10-05 01:48:01] position 2호선 비정상 code=INFO-200
[2026-10-05 01:48:03] position 3호선 비정상 code=INFO-200
[2026-10-05 01:48:04] position 4호선 비정상 code=INFO-200
[2026-10-05 01:48:10] position 9호선 비정상 code=INFO-200
[2026-10-05 01:48:13] 위치 8행 / 도착 187행 저장, 호출 10 (누적 770)
[2026-10-05 01:51:01] position 2호선 비정상 code=INFO-200
[2026-10-05 01:51:02] position 3호선 비정상 code=INFO-200
[2026-10-05 01:51:03] position 4호선 비정상 code=INFO-200
[2026-10-05 01:51:07] position 9호선 비정상 code=INFO-200
[2026-10-05 01:51:09] 위치 8행 / 도착 187행 저장, 호출 10 (누적 780)
[2026-10-05 01:54:02] position 2호선 비정상 code=INFO-200
[2026-10-05 01:54:02] position 3호선 비정상 code=INFO-200
[2026-10-05 01:54:03] position 4호선 비정상 code=INFO-200
[2026-10-05 01:54:08] position 9호선 비정상 code=INFO-200
[2026-10-05 01:54:11] 위치 8행 / 도착 187행 저장, 호출 10 (누적 790)
[2026-10-05 01:57:01] position 2호선 비정상 code=INFO-200
[2026-10-05 01:57:03] position 3호선 비정상 code=INFO-200
[2026-10-05 01:57:03] position 4호선 비정상 code=INFO-200
[2026-10-05 01:57:07] position 9호선 비정상 code=INFO-200
[2026-10-05 01:57:09] 위치 8행 / 도착 186행 저장, 호출 10 (누적 800)
[2026-10-05 02:00:00] 수집 창 종료 (틱 80, 전 호출 실패 틱 0, 최장 연속 0)
