[2026-10-06 20:50:15] 수집 창 10-06 22:00 ~ 10-07 02:00, 180초 간격, 상한 950콜
[2026-10-06 20:50:15] 시작까지 69.7분 대기
[2026-10-06 22:00:14] 위치 298행 / 도착 2900행 저장, 호출 10 (누적 10)
[2026-10-06 22:03:10] 위치 300행 / 도착 2875행 저장, 호출 10 (누적 20)
[2026-10-06 22:06:09] 위치 302행 / 도착 2898행 저장, 호출 10 (누적 30)
[2026-10-06 22:09:13] 위치 302행 / 도착 2865행 저장, 호출 10 (누적 40)
[2026-10-06 22:12:12] 위치 293행 / 도착 2851행 저장, 호출 10 (누적 50)
[2026-10-06 22:15:12] 위치 293행 / 도착 2830행 저장, 호출 10 (누적 60)
[2026-10-06 22:18:12] 위치 301행 / 도착 2873행 저장, 호출 10 (누적 70)
[2026-10-06 22:21:10] 위치 287행 / 도착 2809행 저장, 호출 10 (누적 80)
[2026-10-06 22:24:14] 위치 289행 / 도착 2820행 저장, 호출 10 (누적 90)
[2026-10-06 22:27:10] 위치 281행 / 도착 2808행 저장, 호출 10 (누적 100)
[2026-10-06 22:30:14] 위치 279행 / 도착 2804행 저장, 호출 10 (누적 110)
[2026-10-06 22:33:10] 위치 282행 / 도착 2798행 저장, 호출 10 (누적 120)
[2026-10-06 22:36:11] 위치 282행 / 도착 2772행 저장, 호출 10 (누적 130)
[2026-10-06 22:39:13] 위치 272행 / 도착 2779행 저장, 호출 10 (누적 140)
[2026-10-06 22:42:12] 위치 268행 / 도착 2770행 저장, 호출 10 (누적 150)
[2026-10-06 22:45:13] 위치 273행 / 도착 2784행 저장, 호출 10 (누적 160)
[2026-10-06 22:48:11] 위치 271행 / 도착 2763행 저장, 호출 10 (누적 170)
[2026-10-06 22:51:14] 위치 263행 / 도착 2757행 저장, 호출 10 (누적 180)
[2026-10-06 22:54:10] 위치 260행 / 도착 2731행 저장, 호출 10 (누적 190)
[2026-10-06 22:57:13] 위치 252행 / 도착 2718행 저장, 호출 10 (누적 200)
[2026-10-06 23:00:13] 위치 250행 / 도착 2705행 저장, 호출 10 (누적 210)
[2026-10-06 23:03:12] 위치 250행 / 도착 2677행 저장, 호출 10 (누적 220)
[2026-10-06 23:06:12] 위치 249행 / 도착 2673행 저장, 호출 10 (누적 230)
[2026-10-06 23:09:12] 위치 244행 / 도착 2671행 저장, 호출 10 (누적 240)
[2026-10-06 23:12:12] 위치 239행 / 도착 2603행 저장, 호출 10 (누적 250)
[2026-10-06 23:15:12] 위치 242행 / 도착 2589행 저장, 호출 10 (누적 260)
[2026-10-06 23:18:13] 위치 236행 / 도착 2591행 저장, 호출 10 (누적 270)
[2026-10-06 23:21:11] 위치 238행 / 도착 2596행 저장, 호출 10 (누적 280)
[2026-10-06 23:24:13] 위치 233행 / 도착 2602행 저장, 호출 10 (누적 290)
[2026-10-06 23:27:11] 위치 229행 / 도착 2547행 저장, 호출 10 (누적 300)
[2026-10-06 23:30:10] 위치 233행 / 도착 2501행 저장, 호출 10 (누적 310)
[2026-10-06 23:33:11] 위치 223행 / 도착 2498행 저장, 호출 10 (누적 320)
[2026-10-06 23:36:12] 위치 227행 / 도착 2448행 저장, 호출 10 (누적 330)
[2026-10-06 23:39:14] 위치 217행 / 도착 2422행 저장, 호출 10 (누적 340)
[2026-10-06 23:42:14] 위치 217행 / 도착 2398행 저장, 호출 10 (누적 350)
[2026-10-06 23:45:12] 위치 214행 / 도착 2367행 저장, 호출 10 (누적 360)
[2026-10-06 23:48:11] 위치 216행 / 도착 2318행 저장, 호출 10 (누적 370)
[2026-10-06 23:51:14] 위치 211행 / 도착 2304행 저장, 호출 10 (누적 380)
[2026-10-06 23:54:13] 위치 203행 / 도착 2277행 저장, 호출 10 (누적 390)
[2026-10-06 23:57:10] 위치 201행 / 도착 2227행 저장, 호출 10 (누적 400)
[2026-10-07 00:00:13] 위치 198행 / 도착 2183행 저장, 호출 10 (누적 410)
[2026-10-07 00:03:13] 위치 197행 / 도착 2189행 저장, 호출 10 (누적 420)
[2026-10-07 00:06:10] 위치 191행 / 도착 2152행 저장, 호출 10 (누적 430)
[2026-10-07 00:09:14] 위치 182행 / 도착 2114행 저장, 호출 10 (누적 440)
[2026-10-07 00:12:11] 위치 173행 / 도착 2071행 저장, 호출 10 (누적 450)
[2026-10-07 00:15:12] 위치 173행 / 도착 2025행 저장, 호출 10 (누적 460)
[2026-10-07 00:18:11] 위치 170행 / 도착 1985행 저장, 호출 10 (누적 470)
[2026-10-07 00:21:10] 위치 159행 / 도착 1881행 저장, 호출 10 (누적 480)
[2026-10-07 00:24:12] 위치 149행 / 도착 1821행 저장, 호출 10 (누적 490)
[2026-10-07 00:27:12] 위치 144행 / 도착 1780행 저장, 호출 10 (누적 500)
[2026-10-07 00:30:09] 위치 137행 / 도착 1706행 저장, 호출 10 (누적 510)
[2026-10-07 00:33:07] 위치 127행 / 도착 1626행 저장, 호출 10 (누적 520)
[2026-10-07 00:36:12] 위치 114행 / 도착 1530행 저장, 호출 10 (누적 530)
[2026-10-07 00:39:11] 위치 105행 / 도착 1438행 저장, 호출 10 (누적 540)
[2026-10-07 00:42:13] 위치 102행 / 도착 1362행 저장, 호출 10 (누적 550)
[2026-10-07 00:45:12] 위치 96행 / 도착 1291행 저장, 호출 10 (누적 560)
[2026-10-07 00:48:11] 위치 86행 / 도착 1149행 저장, 호출 10 (누적 570)
[2026-10-07 00:51:10] 위치 75행 / 도착 1006행 저장, 호출 10 (누적 580)
[2026-10-07 00:54:10] 위치 75행 / 도착 958행 저장, 호출 10 (누적 590)
[2026-10-07 00:57:11] 위치 67행 / 도착 896행 저장, 호출 10 (누적 600)
[2026-10-07 01:00:12] 위치 54행 / 도착 844행 저장, 호출 10 (누적 610)
[2026-10-07 01:03:10] position 9호선 비정상 code=INFO-200
[2026-10-07 01:03:13] 위치 43행 / 도착 778행 저장, 호출 10 (누적 620)
[2026-10-07 01:06:01] position 1호선 비정상 code=INFO-200
[2026-10-07 01:06:08] position 8호선 비정상 code=INFO-200
[2026-10-07 01:06:10] 위치 9행 / 도착 720행 저장, 호출 10 (누적 630)
[2026-10-07 01:09:01] position 1호선 비정상 code=INFO-200
[2026-10-07 01:09:02] position 2호선 비정상 code=INFO-200
[2026-10-07 01:09:04] position 5호선 비정상 code=INFO-200
[2026-10-07 01:09:05] position 6호선 비정상 code=INFO-200
[2026-10-07 01:09:06] position 8호선 비정상 code=INFO-200
[2026-10-07 01:09:07] position 9호선 비정상 code=INFO-200
[2026-10-07 01:09:10] 위치 3행 / 도착 547행 저장, 호출 10 (누적 640)
[2026-10-07 01:12:01] position 1호선 비정상 code=INFO-200
[2026-10-07 01:12:02] position 2호선 비정상 code=INFO-200
[2026-10-07 01:12:03] position 3호선 비정상 code=INFO-200
[2026-10-07 01:12:05] position 5호선 비정상 code=INFO-200
[2026-10-07 01:12:06] position 6호선 비정상 code=INFO-200
[2026-10-07 01:12:07] position 7호선 비정상 code=INFO-200
[2026-10-07 01:12:08] position 8호선 비정상 code=INFO-200
[2026-10-07 01:12:09] position 9호선 비정상 code=INFO-200
[2026-10-07 01:12:12] 위치 1행 / 도착 465행 저장, 호출 10 (누적 650)
[2026-10-07 01:15:01] position 1호선 비정상 code=INFO-200
[2026-10-07 01:15:01] position 2호선 비정상 code=INFO-200
[2026-10-07 01:15:01] position 3호선 비정상 code=INFO-200
[2026-10-07 01:15:04] position 5호선 비정상 code=INFO-200
[2026-10-07 01:15:04] position 6호선 비정상 code=INFO-200
[2026-10-07 01:15:05] position 7호선 비정상 code=INFO-200
[2026-10-07 01:15:05] position 8호선 비정상 code=INFO-200
[2026-10-07 01:15:06] position 9호선 비정상 code=INFO-200
[2026-10-07 01:15:09] 위치 1행 / 도착 396행 저장, 호출 10 (누적 660)
[2026-10-07 01:18:01] position 1호선 비정상 code=INFO-200
[2026-10-07 01:18:02] position 2호선 비정상 code=INFO-200
[2026-10-07 01:18:04] position 3호선 비정상 code=INFO-200
[2026-10-07 01:18:04] position 4호선 비정상 code=INFO-200
[2026-10-07 01:18:04] position 5호선 비정상 code=INFO-200
[2026-10-07 01:18:06] position 6호선 비정상 code=INFO-200
[2026-10-07 01:18:07] position 7호선 비정상 code=INFO-200
[2026-10-07 01:18:08] position 8호선 비정상 code=INFO-200
[2026-10-07 01:18:09] position 9호선 비정상 code=INFO-200
[2026-10-07 01:18:11] 위치 0행 / 도착 320행 저장, 호출 10 (누적 670)
[2026-10-07 01:21:00] position 1호선 비정상 code=INFO-200
[2026-10-07 01:21:01] position 2호선 비정상 code=INFO-200
[2026-10-07 01:21:02] position 3호선 비정상 code=INFO-200
[2026-10-07 01:21:04] position 4호선 비정상 code=INFO-200
[2026-10-07 01:21:05] position 5호선 비정상 code=INFO-200
[2026-10-07 01:21:06] position 6호선 비정상 code=INFO-200
[2026-10-07 01:21:07] position 7호선 비정상 code=INFO-200
[2026-10-07 01:21:08] position 8호선 비정상 code=INFO-200
[2026-10-07 01:21:09] position 9호선 비정상 code=INFO-200
[2026-10-07 01:21:11] 위치 0행 / 도착 176행 저장, 호출 10 (누적 680)
[2026-10-07 01:24:01] position 1호선 비정상 code=INFO-200
[2026-10-07 01:24:02] position 2호선 비정상 code=INFO-200
[2026-10-07 01:24:02] position 3호선 비정상 code=INFO-200
[2026-10-07 01:24:04] position 4호선 비정상 code=INFO-200
[2026-10-07 01:24:04] position 5호선 비정상 code=INFO-200
[2026-10-07 01:24:05] position 6호선 비정상 code=INFO-200
[2026-10-07 01:24:06] position 7호선 비정상 code=INFO-200
[2026-10-07 01:24:07] position 8호선 비정상 code=INFO-200
[2026-10-07 01:24:08] position 9호선 비정상 code=INFO-200
[2026-10-07 01:24:11] 위치 0행 / 도착 147행 저장, 호출 10 (누적 690)
[2026-10-07 01:27:01] position 1호선 비정상 code=INFO-200
[2026-10-07 01:27:02] position 2호선 비정상 code=INFO-200
[2026-10-07 01:27:02] position 3호선 비정상 code=INFO-200
[2026-10-07 01:27:04] position 4호선 비정상 code=INFO-200
[2026-10-07 01:27:05] position 5호선 비정상 code=INFO-200
[2026-10-07 01:27:05] position 6호선 비정상 code=INFO-200
[2026-10-07 01:27:05] position 7호선 비정상 code=INFO-200
[2026-10-07 01:27:06] position 8호선 비정상 code=INFO-200
[2026-10-07 01:27:07] position 9호선 비정상 code=INFO-200
[2026-10-07 01:27:10] 위치 0행 / 도착 134행 저장, 호출 10 (누적 700)
[2026-10-07 01:30:00] position 1호선 비정상 code=INFO-200
[2026-10-07 01:30:01] position 2호선 비정상 code=INFO-200
[2026-10-07 01:30:02] position 3호선 비정상 code=INFO-200
[2026-10-07 01:30:03] position 4호선 비정상 code=INFO-200
[2026-10-07 01:30:04] position 5호선 비정상 code=INFO-200
[2026-10-07 01:30:05] position 6호선 비정상 code=INFO-200
[2026-10-07 01:30:06] position 7호선 비정상 code=INFO-200
[2026-10-07 01:30:07] position 8호선 비정상 code=INFO-200
[2026-10-07 01:30:09] position 9호선 비정상 code=INFO-200
[2026-10-07 01:30:10] 위치 0행 / 도착 27행 저장, 호출 10 (누적 710)
[2026-10-07 01:33:01] position 1호선 비정상 code=INFO-200
[2026-10-07 01:33:02] position 2호선 비정상 code=INFO-200
[2026-10-07 01:33:02] position 3호선 비정상 code=INFO-200
[2026-10-07 01:33:03] position 4호선 비정상 code=INFO-200
[2026-10-07 01:33:04] position 5호선 비정상 code=INFO-200
[2026-10-07 01:33:05] position 6호선 비정상 code=INFO-200
[2026-10-07 01:33:06] position 7호선 비정상 code=INFO-200
[2026-10-07 01:33:07] position 8호선 비정상 code=INFO-200
[2026-10-07 01:33:08] position 9호선 비정상 code=INFO-200
[2026-10-07 01:33:10] 위치 0행 / 도착 16행 저장, 호출 10 (누적 720)
[2026-10-07 01:36:01] position 1호선 비정상 code=INFO-200
[2026-10-07 01:36:03] position 2호선 비정상 code=INFO-200
[2026-10-07 01:36:04] position 3호선 비정상 code=INFO-200
[2026-10-07 01:36:06] position 4호선 비정상 code=INFO-200
[2026-10-07 01:36:07] position 5호선 비정상 code=INFO-200
[2026-10-07 01:36:07] position 6호선 비정상 code=INFO-200
[2026-10-07 01:36:08] position 7호선 비정상 code=INFO-200
[2026-10-07 01:36:10] position 8호선 비정상 code=INFO-200
[2026-10-07 01:36:10] position 9호선 비정상 code=INFO-200
[2026-10-07 01:36:11] 위치 0행 / 도착 11행 저장, 호출 10 (누적 730)
[2026-10-07 01:39:01] position 1호선 비정상 code=INFO-200
[2026-10-07 01:39:02] position 2호선 비정상 code=INFO-200
[2026-10-07 01:39:03] position 3호선 비정상 code=INFO-200
[2026-10-07 01:39:04] position 4호선 비정상 code=INFO-200
[2026-10-07 01:39:06] position 5호선 비정상 code=INFO-200
[2026-10-07 01:39:07] position 6호선 비정상 code=INFO-200
[2026-10-07 01:39:07] position 7호선 비정상 code=INFO-200
[2026-10-07 01:39:08] position 8호선 비정상 code=INFO-200
[2026-10-07 01:39:10] position 9호선 비정상 code=INFO-200
[2026-10-07 01:39:10] 위치 0행 / 도착 10행 저장, 호출 10 (누적 740)
[2026-10-07 01:42:00] position 1호선 비정상 code=INFO-200
[2026-10-07 01:42:01] position 2호선 비정상 code=INFO-200
[2026-10-07 01:42:02] position 3호선 비정상 code=INFO-200
[2026-10-07 01:42:02] position 4호선 비정상 code=INFO-200
[2026-10-07 01:42:03] position 5호선 비정상 code=INFO-200
[2026-10-07 01:42:04] position 6호선 비정상 code=INFO-200
[2026-10-07 01:42:04] position 7호선 비정상 code=INFO-200
[2026-10-07 01:42:05] position 8호선 비정상 code=INFO-200
[2026-10-07 01:42:06] position 9호선 비정상 code=INFO-200
[2026-10-07 01:42:09] 위치 0행 / 도착 8행 저장, 호출 10 (누적 750)
[2026-10-07 01:45:00] position 1호선 비정상 code=INFO-200
[2026-10-07 01:45:02] position 2호선 비정상 code=INFO-200
[2026-10-07 01:45:03] position 3호선 비정상 code=INFO-200
[2026-10-07 01:45:04] position 4호선 비정상 code=INFO-200
[2026-10-07 01:45:04] position 5호선 비정상 code=INFO-200
[2026-10-07 01:45:05] position 6호선 비정상 code=INFO-200
[2026-10-07 01:45:05] position 7호선 비정상 code=INFO-200
[2026-10-07 01:45:07] position 8호선 비정상 code=INFO-200
[2026-10-07 01:45:08] position 9호선 비정상 code=INFO-200
[2026-10-07 01:45:10] 위치 0행 / 도착 8행 저장, 호출 10 (누적 760)
[2026-10-07 01:48:01] position 1호선 비정상 code=INFO-200
[2026-10-07 01:48:02] position 2호선 비정상 code=INFO-200
[2026-10-07 01:48:03] position 3호선 비정상 code=INFO-200
[2026-10-07 01:48:04] position 4호선 비정상 code=INFO-200
[2026-10-07 01:48:05] position 5호선 비정상 code=INFO-200
[2026-10-07 01:48:07] position 6호선 비정상 code=INFO-200
[2026-10-07 01:48:07] position 7호선 비정상 code=INFO-200
[2026-10-07 01:48:08] position 8호선 비정상 code=INFO-200
[2026-10-07 01:48:09] position 9호선 비정상 code=INFO-200
[2026-10-07 01:48:12] 위치 0행 / 도착 8행 저장, 호출 10 (누적 770)
[2026-10-07 01:51:01] position 1호선 비정상 code=INFO-200
[2026-10-07 01:51:01] position 2호선 비정상 code=INFO-200
[2026-10-07 01:51:01] position 3호선 비정상 code=INFO-200
[2026-10-07 01:51:03] position 4호선 비정상 code=INFO-200
[2026-10-07 01:51:03] position 5호선 비정상 code=INFO-200
[2026-10-07 01:51:05] position 6호선 비정상 code=INFO-200
[2026-10-07 01:51:06] position 7호선 비정상 code=INFO-200
[2026-10-07 01:51:07] position 8호선 비정상 code=INFO-200
[2026-10-07 01:51:08] position 9호선 비정상 code=INFO-200
[2026-10-07 01:51:11] 위치 0행 / 도착 8행 저장, 호출 10 (누적 780)
[2026-10-07 01:54:00] position 1호선 비정상 code=INFO-200
[2026-10-07 01:54:01] position 2호선 비정상 code=INFO-200
[2026-10-07 01:54:02] position 3호선 비정상 code=INFO-200
[2026-10-07 01:54:03] position 4호선 비정상 code=INFO-200
[2026-10-07 01:54:04] position 5호선 비정상 code=INFO-200
[2026-10-07 01:54:05] position 6호선 비정상 code=INFO-200
[2026-10-07 01:54:05] position 7호선 비정상 code=INFO-200
[2026-10-07 01:54:06] position 8호선 비정상 code=INFO-200
[2026-10-07 01:54:06] position 9호선 비정상 code=INFO-200
[2026-10-07 01:54:07] 위치 0행 / 도착 8행 저장, 호출 10 (누적 790)
[2026-10-07 01:57:01] position 1호선 비정상 code=INFO-200
[2026-10-07 01:57:02] position 2호선 비정상 code=INFO-200
[2026-10-07 01:57:03] position 3호선 비정상 code=INFO-200
[2026-10-07 01:57:04] position 4호선 비정상 code=INFO-200
[2026-10-07 01:57:05] position 5호선 비정상 code=INFO-200
[2026-10-07 01:57:07] position 6호선 비정상 code=INFO-200
[2026-10-07 01:57:08] position 7호선 비정상 code=INFO-200
[2026-10-07 01:57:08] position 8호선 비정상 code=INFO-200
[2026-10-07 01:57:09] position 9호선 비정상 code=INFO-200
[2026-10-07 01:57:10] 위치 0행 / 도착 8행 저장, 호출 10 (누적 800)
[2026-10-07 02:00:00] 수집 창 종료 (틱 80, 전 호출 실패 틱 0, 최장 연속 0)
