[2026-09-29 21:00:19] 수집 창 09-29 22:00 ~ 09-30 02:00, 180초 간격, 상한 950콜
[2026-09-29 21:00:19] 시작까지 59.7분 대기
[2026-09-29 22:00:12] 위치 304행 / 도착 2911행 저장, 호출 10 (누적 10)
[2026-09-29 22:03:08] 위치 301행 / 도착 2876행 저장, 호출 10 (누적 20)
[2026-09-29 22:06:12] 위치 303행 / 도착 2909행 저장, 호출 10 (누적 30)
[2026-09-29 22:09:12] 위치 296행 / 도착 2875행 저장, 호출 10 (누적 40)
[2026-09-29 22:12:10] 위치 293행 / 도착 2862행 저장, 호출 10 (누적 50)
[2026-09-29 22:15:11] 위치 290행 / 도착 2872행 저장, 호출 10 (누적 60)
[2026-09-29 22:18:10] 위치 291행 / 도착 2870행 저장, 호출 10 (누적 70)
[2026-09-29 22:21:07] 위치 284행 / 도착 2820행 저장, 호출 10 (누적 80)
[2026-09-29 22:24:12] 위치 280행 / 도착 2827행 저장, 호출 10 (누적 90)
[2026-09-29 22:27:11] 위치 281행 / 도착 2868행 저장, 호출 10 (누적 100)
[2026-09-29 22:30:10] 위치 284행 / 도착 2830행 저장, 호출 10 (누적 110)
[2026-09-29 22:33:10] 위치 280행 / 도착 2814행 저장, 호출 10 (누적 120)
[2026-09-29 22:36:13] 위치 274행 / 도착 2788행 저장, 호출 10 (누적 130)
[2026-09-29 22:39:10] 위치 274행 / 도착 2785행 저장, 호출 10 (누적 140)
[2026-09-29 22:42:11] 위치 271행 / 도착 2783행 저장, 호출 10 (누적 150)
[2026-09-29 22:45:09] 위치 272행 / 도착 2787행 저장, 호출 10 (누적 160)
[2026-09-29 22:48:05] 위치 264행 / 도착 2750행 저장, 호출 10 (누적 170)
[2026-09-29 22:51:09] 위치 262행 / 도착 2779행 저장, 호출 10 (누적 180)
[2026-09-29 22:54:09] 위치 260행 / 도착 2747행 저장, 호출 10 (누적 190)
[2026-09-29 22:57:09] 위치 256행 / 도착 2734행 저장, 호출 10 (누적 200)
[2026-09-29 23:00:11] 위치 258행 / 도착 2728행 저장, 호출 10 (누적 210)
[2026-09-29 23:03:11] 위치 250행 / 도착 2690행 저장, 호출 10 (누적 220)
[2026-09-29 23:06:09] 위치 246행 / 도착 2690행 저장, 호출 10 (누적 230)
[2026-09-29 23:09:10] 위치 241행 / 도착 2688행 저장, 호출 10 (누적 240)
[2026-09-29 23:12:14] 위치 237행 / 도착 2634행 저장, 호출 10 (누적 250)
[2026-09-29 23:15:09] 위치 241행 / 도착 2634행 저장, 호출 10 (누적 260)
[2026-09-29 23:18:13] 위치 236행 / 도착 2620행 저장, 호출 10 (누적 270)
[2026-09-29 23:21:08] 위치 231행 / 도착 2639행 저장, 호출 10 (누적 280)
[2026-09-29 23:24:08] 위치 235행 / 도착 2627행 저장, 호출 10 (누적 290)
[2026-09-29 23:27:09] 위치 227행 / 도착 2568행 저장, 호출 10 (누적 300)
[2026-09-29 23:30:07] 위치 225행 / 도착 2511행 저장, 호출 10 (누적 310)
[2026-09-29 23:33:06] 위치 224행 / 도착 2485행 저장, 호출 10 (누적 320)
[2026-09-29 23:36:11] 위치 225행 / 도착 2473행 저장, 호출 10 (누적 330)
[2026-09-29 23:39:11] 위치 218행 / 도착 2446행 저장, 호출 10 (누적 340)
[2026-09-29 23:42:07] 위치 219행 / 도착 2406행 저장, 호출 10 (누적 350)
[2026-09-29 23:45:11] 위치 212행 / 도착 2386행 저장, 호출 10 (누적 360)
[2026-09-29 23:48:07] 위치 213행 / 도착 2347행 저장, 호출 10 (누적 370)
[2026-09-29 23:51:08] 위치 216행 / 도착 2332행 저장, 호출 10 (누적 380)
[2026-09-29 23:54:11] 위치 206행 / 도착 2300행 저장, 호출 10 (누적 390)
[2026-09-29 23:57:10] 위치 194행 / 도착 2246행 저장, 호출 10 (누적 400)
[2026-09-30 00:00:10] 위치 196행 / 도착 2220행 저장, 호출 10 (누적 410)
[2026-09-30 00:03:12] 위치 193행 / 도착 2236행 저장, 호출 10 (누적 420)
[2026-09-30 00:06:12] 위치 188행 / 도착 2170행 저장, 호출 10 (누적 430)
[2026-09-30 00:09:11] 위치 182행 / 도착 2134행 저장, 호출 10 (누적 440)
[2026-09-30 00:12:13] 위치 182행 / 도착 2103행 저장, 호출 10 (누적 450)
[2026-09-30 00:15:10] 위치 173행 / 도착 2055행 저장, 호출 10 (누적 460)
[2026-09-30 00:18:10] 위치 173행 / 도착 1974행 저장, 호출 10 (누적 470)
[2026-09-30 00:21:11] 위치 160행 / 도착 1895행 저장, 호출 10 (누적 480)
[2026-09-30 00:24:12] 위치 153행 / 도착 1861행 저장, 호출 10 (누적 490)
[2026-09-30 00:27:07] 위치 146행 / 도착 1799행 저장, 호출 10 (누적 500)
[2026-09-30 00:30:12] 위치 140행 / 도착 1722행 저장, 호출 10 (누적 510)
[2026-09-30 00:33:10] 위치 132행 / 도착 1664행 저장, 호출 10 (누적 520)
[2026-09-30 00:36:08] 위치 117행 / 도착 1543행 저장, 호출 10 (누적 530)
[2026-09-30 00:39:11] 위치 110행 / 도착 1402행 저장, 호출 10 (누적 540)
[2026-09-30 00:42:10] 위치 107행 / 도착 1343행 저장, 호출 10 (누적 550)
[2026-09-30 00:45:09] 위치 100행 / 도착 1279행 저장, 호출 10 (누적 560)
[2026-09-30 00:48:12] 위치 92행 / 도착 1135행 저장, 호출 10 (누적 570)
[2026-09-30 00:51:10] 위치 79행 / 도착 1052행 저장, 호출 10 (누적 580)
[2026-09-30 00:54:07] 위치 77행 / 도착 956행 저장, 호출 10 (누적 590)
[2026-09-30 00:57:10] 위치 71행 / 도착 903행 저장, 호출 10 (누적 600)
[2026-09-30 01:00:12] 위치 57행 / 도착 845행 저장, 호출 10 (누적 610)
[2026-09-30 01:03:07] 위치 49행 / 도착 772행 저장, 호출 10 (누적 620)
[2026-09-30 01:06:07] position 8호선 비정상 code=INFO-200
[2026-09-30 01:06:09] position 9호선 비정상 code=INFO-200
[2026-09-30 01:06:12] 위치 15행 / 도착 700행 저장, 호출 10 (누적 630)
[2026-09-30 01:09:00] position 1호선 비정상 code=INFO-200
[2026-09-30 01:09:02] position 3호선 비정상 code=INFO-200
[2026-09-30 01:09:05] position 6호선 비정상 code=INFO-200
[2026-09-30 01:09:07] position 8호선 비정상 code=INFO-200
[2026-09-30 01:09:09] position 9호선 비정상 code=INFO-200
[2026-09-30 01:09:11] 위치 6행 / 도착 578행 저장, 호출 10 (누적 640)
[2026-09-30 01:12:01] position 1호선 비정상 code=INFO-200
[2026-09-30 01:12:01] position 2호선 비정상 code=INFO-200
[2026-09-30 01:12:01] position 3호선 비정상 code=INFO-200
[2026-09-30 01:12:02] position 4호선 비정상 code=INFO-200
[2026-09-30 01:12:03] position 6호선 비정상 code=INFO-200
[2026-09-30 01:12:05] position 8호선 비정상 code=INFO-200
[2026-09-30 01:12:05] position 9호선 비정상 code=INFO-200
[2026-09-30 01:12:08] 위치 3행 / 도착 456행 저장, 호출 10 (누적 650)
[2026-09-30 01:15:01] position 1호선 비정상 code=INFO-200
[2026-09-30 01:15:01] position 2호선 비정상 code=INFO-200
[2026-09-30 01:15:02] position 3호선 비정상 code=INFO-200
[2026-09-30 01:15:03] position 4호선 비정상 code=INFO-200
[2026-09-30 01:15:04] position 6호선 비정상 code=INFO-200
[2026-09-30 01:15:05] position 8호선 비정상 code=INFO-200
[2026-09-30 01:15:06] position 9호선 비정상 code=INFO-200
[2026-09-30 01:15:09] 위치 3행 / 도착 374행 저장, 호출 10 (누적 660)
[2026-09-30 01:18:01] position 1호선 비정상 code=INFO-200
[2026-09-30 01:18:02] position 2호선 비정상 code=INFO-200
[2026-09-30 01:18:03] position 3호선 비정상 code=INFO-200
[2026-09-30 01:18:03] position 4호선 비정상 code=INFO-200
[2026-09-30 01:18:06] position 6호선 비정상 code=INFO-200
[2026-09-30 01:18:07] position 8호선 비정상 code=INFO-200
[2026-09-30 01:18:08] position 9호선 비정상 code=INFO-200
[2026-09-30 01:18:11] 위치 3행 / 도착 294행 저장, 호출 10 (누적 670)
[2026-09-30 01:21:00] position 1호선 비정상 code=INFO-200
[2026-09-30 01:21:01] position 2호선 비정상 code=INFO-200
[2026-09-30 01:21:02] position 3호선 비정상 code=INFO-200
[2026-09-30 01:21:03] position 4호선 비정상 code=INFO-200
[2026-09-30 01:21:05] position 6호선 비정상 code=INFO-200
[2026-09-30 01:21:06] position 8호선 비정상 code=INFO-200
[2026-09-30 01:21:07] position 9호선 비정상 code=INFO-200
[2026-09-30 01:21:09] 위치 3행 / 도착 225행 저장, 호출 10 (누적 680)
[2026-09-30 01:24:03] position 1호선 비정상 code=INFO-200
[2026-09-30 01:24:03] position 2호선 비정상 code=INFO-200
[2026-09-30 01:24:04] position 3호선 비정상 code=INFO-200
[2026-09-30 01:24:04] position 4호선 비정상 code=INFO-200
[2026-09-30 01:24:06] position 6호선 비정상 code=INFO-200
[2026-09-30 01:24:07] position 8호선 비정상 code=INFO-200
[2026-09-30 01:24:07] position 9호선 비정상 code=INFO-200
[2026-09-30 01:24:09] 위치 3행 / 도착 126행 저장, 호출 10 (누적 690)
[2026-09-30 01:27:01] position 1호선 비정상 code=INFO-200
[2026-09-30 01:27:02] position 2호선 비정상 code=INFO-200
[2026-09-30 01:27:02] position 3호선 비정상 code=INFO-200
[2026-09-30 01:27:03] position 4호선 비정상 code=INFO-200
[2026-09-30 01:27:04] position 6호선 비정상 code=INFO-200
[2026-09-30 01:27:04] position 8호선 비정상 code=INFO-200
[2026-09-30 01:27:05] position 9호선 비정상 code=INFO-200
[2026-09-30 01:27:06] 위치 3행 / 도착 117행 저장, 호출 10 (누적 700)
[2026-09-30 01:30:00] position 1호선 비정상 code=INFO-200
[2026-09-30 01:30:00] position 2호선 비정상 code=INFO-200
[2026-09-30 01:30:01] position 3호선 비정상 code=INFO-200
[2026-09-30 01:30:01] position 4호선 비정상 code=INFO-200
[2026-09-30 01:30:02] position 6호선 비정상 code=INFO-200
[2026-09-30 01:30:04] position 8호선 비정상 code=INFO-200
[2026-09-30 01:30:04] position 9호선 비정상 code=INFO-200
[2026-09-30 01:30:06] 위치 3행 / 도착 64행 저장, 호출 10 (누적 710)
[2026-09-30 01:33:01] position 1호선 비정상 code=INFO-200
[2026-09-30 01:33:02] position 2호선 비정상 code=INFO-200
[2026-09-30 01:33:03] position 3호선 비정상 code=INFO-200
[2026-09-30 01:33:04] position 4호선 비정상 code=INFO-200
[2026-09-30 01:33:06] position 6호선 비정상 code=INFO-200
[2026-09-30 01:33:08] position 8호선 비정상 code=INFO-200
[2026-09-30 01:33:09] position 9호선 비정상 code=INFO-200
[2026-09-30 01:33:11] 위치 3행 / 도착 55행 저장, 호출 10 (누적 720)
[2026-09-30 01:36:00] position 1호선 비정상 code=INFO-200
[2026-09-30 01:36:01] position 2호선 비정상 code=INFO-200
[2026-09-30 01:36:01] position 3호선 비정상 code=INFO-200
[2026-09-30 01:36:03] position 4호선 비정상 code=INFO-200
[2026-09-30 01:36:04] position 6호선 비정상 code=INFO-200
[2026-09-30 01:36:06] position 8호선 비정상 code=INFO-200
[2026-09-30 01:36:06] position 9호선 비정상 code=INFO-200
[2026-09-30 01:36:08] 위치 3행 / 도착 10행 저장, 호출 10 (누적 730)
[2026-09-30 01:39:00] position 1호선 비정상 code=INFO-200
[2026-09-30 01:39:01] position 2호선 비정상 code=INFO-200
[2026-09-30 01:39:01] position 3호선 비정상 code=INFO-200
[2026-09-30 01:39:02] position 4호선 비정상 code=INFO-200
[2026-09-30 01:39:03] position 6호선 비정상 code=INFO-200
[2026-09-30 01:39:04] position 8호선 비정상 code=INFO-200
[2026-09-30 01:39:04] position 9호선 비정상 code=INFO-200
[2026-09-30 01:39:05] 위치 3행 / 도착 7행 저장, 호출 10 (누적 740)
[2026-09-30 01:42:01] position 1호선 비정상 code=INFO-200
[2026-09-30 01:42:02] position 2호선 비정상 code=INFO-200
[2026-09-30 01:42:03] position 3호선 비정상 code=INFO-200
[2026-09-30 01:42:04] position 4호선 비정상 code=INFO-200
[2026-09-30 01:42:06] position 6호선 비정상 code=INFO-200
[2026-09-30 01:42:07] position 8호선 비정상 code=INFO-200
[2026-09-30 01:42:08] position 9호선 비정상 code=INFO-200
[2026-09-30 01:42:09] 위치 3행 / 도착 6행 저장, 호출 10 (누적 750)
[2026-09-30 01:45:00] position 1호선 비정상 code=INFO-200
[2026-09-30 01:45:02] position 2호선 비정상 code=INFO-200
[2026-09-30 01:45:03] position 3호선 비정상 code=INFO-200
[2026-09-30 01:45:04] position 4호선 비정상 code=INFO-200
[2026-09-30 01:45:05] position 6호선 비정상 code=INFO-200
[2026-09-30 01:45:06] position 8호선 비정상 code=INFO-200
[2026-09-30 01:45:07] position 9호선 비정상 code=INFO-200
[2026-09-30 01:45:08] 위치 3행 / 도착 6행 저장, 호출 10 (누적 760)
[2026-09-30 01:48:01] position 1호선 비정상 code=INFO-200
[2026-09-30 01:48:02] position 2호선 비정상 code=INFO-200
[2026-09-30 01:48:03] position 3호선 비정상 code=INFO-200
[2026-09-30 01:48:03] position 4호선 비정상 code=INFO-200
[2026-09-30 01:48:04] position 6호선 비정상 code=INFO-200
[2026-09-30 01:48:05] position 8호선 비정상 code=INFO-200
[2026-09-30 01:48:05] position 9호선 비정상 code=INFO-200
[2026-09-30 01:48:07] 위치 3행 / 도착 6행 저장, 호출 10 (누적 770)
[2026-09-30 01:51:01] position 1호선 비정상 code=INFO-200
[2026-09-30 01:51:02] position 2호선 비정상 code=INFO-200
[2026-09-30 01:51:03] position 3호선 비정상 code=INFO-200
[2026-09-30 01:51:04] position 4호선 비정상 code=INFO-200
[2026-09-30 01:51:06] position 6호선 비정상 code=INFO-200
[2026-09-30 01:51:08] position 8호선 비정상 code=INFO-200
[2026-09-30 01:51:09] position 9호선 비정상 code=INFO-200
[2026-09-30 01:51:09] 위치 3행 / 도착 6행 저장, 호출 10 (누적 780)
[2026-09-30 01:54:00] position 1호선 비정상 code=INFO-200
[2026-09-30 01:54:01] position 2호선 비정상 code=INFO-200
[2026-09-30 01:54:01] position 3호선 비정상 code=INFO-200
[2026-09-30 01:54:02] position 4호선 비정상 code=INFO-200
[2026-09-30 01:54:03] position 6호선 비정상 code=INFO-200
[2026-09-30 01:54:03] position 8호선 비정상 code=INFO-200
[2026-09-30 01:54:04] position 9호선 비정상 code=INFO-200
[2026-09-30 01:54:06] 위치 3행 / 도착 6행 저장, 호출 10 (누적 790)
[2026-09-30 01:57:01] position 1호선 비정상 code=INFO-200
[2026-09-30 01:57:01] position 2호선 비정상 code=INFO-200
[2026-09-30 01:57:02] position 3호선 비정상 code=INFO-200
[2026-09-30 01:57:02] position 4호선 비정상 code=INFO-200
[2026-09-30 01:57:04] position 6호선 비정상 code=INFO-200
[2026-09-30 01:57:05] position 8호선 비정상 code=INFO-200
[2026-09-30 01:57:05] position 9호선 비정상 code=INFO-200
[2026-09-30 01:57:07] 위치 3행 / 도착 6행 저장, 호출 10 (누적 800)
[2026-09-30 02:00:00] 수집 창 종료 (틱 80, 전 호출 실패 틱 0, 최장 연속 0)
