[2026-09-20 21:50:42] 수집 창 09-20 22:00 ~ 09-21 02:00, 180초 간격, 상한 950콜
[2026-09-20 21:50:42] 시작까지 9.3분 대기
[2026-09-20 22:00:12] 위치 295행 / 도착 2729행 저장, 호출 10 (누적 10)
[2026-09-20 22:03:11] 위치 287행 / 도착 2740행 저장, 호출 10 (누적 20)
[2026-09-20 22:06:13] 위치 294행 / 도착 2728행 저장, 호출 10 (누적 30)
[2026-09-20 22:09:14] 위치 286행 / 도착 2746행 저장, 호출 10 (누적 40)
[2026-09-20 22:12:11] 위치 284행 / 도착 2779행 저장, 호출 10 (누적 50)
[2026-09-20 22:15:14] 위치 283행 / 도착 2768행 저장, 호출 10 (누적 60)
[2026-09-20 22:18:11] 위치 275행 / 도착 2736행 저장, 호출 10 (누적 70)
[2026-09-20 22:21:09] 위치 286행 / 도착 2737행 저장, 호출 10 (누적 80)
[2026-09-20 22:24:11] 위치 285행 / 도착 2745행 저장, 호출 10 (누적 90)
[2026-09-20 22:27:12] 위치 275행 / 도착 2749행 저장, 호출 10 (누적 100)
[2026-09-20 22:30:11] 위치 270행 / 도착 2725행 저장, 호출 10 (누적 110)
[2026-09-20 22:33:12] 위치 265행 / 도착 2733행 저장, 호출 10 (누적 120)
[2026-09-20 22:36:12] 위치 275행 / 도착 2710행 저장, 호출 10 (누적 130)
[2026-09-20 22:39:08] 위치 270행 / 도착 2692행 저장, 호출 10 (누적 140)
[2026-09-20 22:42:16] 위치 261행 / 도착 2670행 저장, 호출 10 (누적 150)
[2026-09-20 22:45:13] 위치 257행 / 도착 2695행 저장, 호출 10 (누적 160)
[2026-09-20 22:48:12] 위치 255행 / 도착 2682행 저장, 호출 10 (누적 170)
[2026-09-20 22:51:11] 위치 250행 / 도착 2667행 저장, 호출 10 (누적 180)
[2026-09-20 22:54:11] 위치 253행 / 도착 2680행 저장, 호출 10 (누적 190)
[2026-09-20 22:57:10] 위치 246행 / 도착 2688행 저장, 호출 10 (누적 200)
[2026-09-20 23:00:13] 위치 240행 / 도착 2696행 저장, 호출 10 (누적 210)
[2026-09-20 23:03:10] 위치 244행 / 도착 2696행 저장, 호출 10 (누적 220)
[2026-09-20 23:06:08] 위치 238행 / 도착 2664행 저장, 호출 10 (누적 230)
[2026-09-20 23:09:13] 위치 243행 / 도착 2637행 저장, 호출 10 (누적 240)
[2026-09-20 23:12:11] 위치 233행 / 도착 2625행 저장, 호출 10 (누적 250)
[2026-09-20 23:15:09] 위치 226행 / 도착 2597행 저장, 호출 10 (누적 260)
[2026-09-20 23:18:13] 위치 212행 / 도착 2583행 저장, 호출 10 (누적 270)
[2026-09-20 23:21:12] 위치 216행 / 도착 2563행 저장, 호출 10 (누적 280)
[2026-09-20 23:24:07] 위치 214행 / 도착 2550행 저장, 호출 10 (누적 290)
[2026-09-20 23:27:13] 위치 206행 / 도착 2473행 저장, 호출 10 (누적 300)
[2026-09-20 23:30:11] 위치 200행 / 도착 2421행 저장, 호출 10 (누적 310)
[2026-09-20 23:33:11] 위치 195행 / 도착 2385행 저장, 호출 10 (누적 320)
[2026-09-20 23:36:14] 위치 181행 / 도착 2322행 저장, 호출 10 (누적 330)
[2026-09-20 23:39:12] 위치 181행 / 도착 2301행 저장, 호출 10 (누적 340)
[2026-09-20 23:42:12] 위치 182행 / 도착 2236행 저장, 호출 10 (누적 350)
[2026-09-20 23:45:13] 위치 178행 / 도착 2147행 저장, 호출 10 (누적 360)
[2026-09-20 23:48:13] 위치 169행 / 도착 2044행 저장, 호출 10 (누적 370)
[2026-09-20 23:51:10] 위치 161행 / 도착 1952행 저장, 호출 10 (누적 380)
[2026-09-20 23:54:14] 위치 152행 / 도착 1871행 저장, 호출 10 (누적 390)
[2026-09-20 23:57:14] 위치 136행 / 도착 1794행 저장, 호출 10 (누적 400)
[2026-09-21 00:00:11] 위치 125행 / 도착 1735행 저장, 호출 10 (누적 410)
[2026-09-21 00:03:10] 위치 110행 / 도착 1591행 저장, 호출 10 (누적 420)
[2026-09-21 00:06:12] 위치 88행 / 도착 1503행 저장, 호출 10 (누적 430)
[2026-09-21 00:09:08] position 9호선 비정상 code=INFO-200
[2026-09-21 00:09:10] 위치 68행 / 도착 1374행 저장, 호출 10 (누적 440)
[2026-09-21 00:12:01] position 2호선 비정상 code=INFO-200
[2026-09-21 00:12:02] position 3호선 비정상 code=INFO-200
[2026-09-21 00:12:07] position 9호선 비정상 code=INFO-200
[2026-09-21 00:12:10] 위치 49행 / 도착 1261행 저장, 호출 10 (누적 450)
[2026-09-21 00:15:01] position 2호선 비정상 code=INFO-200
[2026-09-21 00:15:02] position 3호선 비정상 code=INFO-200
[2026-09-21 00:15:06] position 9호선 비정상 code=INFO-200
[2026-09-21 00:15:08] 위치 41행 / 도착 1156행 저장, 호출 10 (누적 460)
[2026-09-21 00:18:00] position 2호선 비정상 code=INFO-200
[2026-09-21 00:18:01] position 3호선 비정상 code=INFO-200
[2026-09-21 00:18:04] position 9호선 비정상 code=INFO-200
[2026-09-21 00:18:07] 위치 34행 / 도착 1014행 저장, 호출 10 (누적 470)
[2026-09-21 00:21:02] position 2호선 비정상 code=INFO-200
[2026-09-21 00:21:03] position 3호선 비정상 code=INFO-200
[2026-09-21 00:21:08] position 9호선 비정상 code=INFO-200
[2026-09-21 00:21:11] 위치 28행 / 도착 875행 저장, 호출 10 (누적 480)
[2026-09-21 00:24:02] position 2호선 비정상 code=INFO-200
[2026-09-21 00:24:04] position 3호선 비정상 code=INFO-200
[2026-09-21 00:24:10] position 9호선 비정상 code=INFO-200
[2026-09-21 00:24:13] 위치 25행 / 도착 731행 저장, 호출 10 (누적 490)
[2026-09-21 00:27:01] position 2호선 비정상 code=INFO-200
[2026-09-21 00:27:02] position 3호선 비정상 code=INFO-200
[2026-09-21 00:27:07] position 9호선 비정상 code=INFO-200
[2026-09-21 00:27:10] 위치 20행 / 도착 697행 저장, 호출 10 (누적 500)
[2026-09-21 00:30:01] position 2호선 비정상 code=INFO-200
[2026-09-21 00:30:02] position 3호선 비정상 code=INFO-200
[2026-09-21 00:30:08] position 9호선 비정상 code=INFO-200
[2026-09-21 00:30:10] 위치 19행 / 도착 570행 저장, 호출 10 (누적 510)
[2026-09-21 00:33:02] position 2호선 비정상 code=INFO-200
[2026-09-21 00:33:03] position 3호선 비정상 code=INFO-200
[2026-09-21 00:33:11] position 9호선 비정상 code=INFO-200
[2026-09-21 00:33:13] 위치 17행 / 도착 487행 저장, 호출 10 (누적 520)
[2026-09-21 00:36:02] position 2호선 비정상 code=INFO-200
[2026-09-21 00:36:02] position 3호선 비정상 code=INFO-200
[2026-09-21 00:36:07] position 9호선 비정상 code=INFO-200
[2026-09-21 00:36:10] 위치 13행 / 도착 351행 저장, 호출 10 (누적 530)
[2026-09-21 00:39:02] position 2호선 비정상 code=INFO-200
[2026-09-21 00:39:03] position 3호선 비정상 code=INFO-200
[2026-09-21 00:39:09] position 9호선 비정상 code=INFO-200
[2026-09-21 00:39:12] 위치 12행 / 도착 323행 저장, 호출 10 (누적 540)
[2026-09-21 00:42:02] position 2호선 비정상 code=INFO-200
[2026-09-21 00:42:02] position 3호선 비정상 code=INFO-200
[2026-09-21 00:42:04] position 4호선 비정상 code=INFO-200
[2026-09-21 00:42:09] position 9호선 비정상 code=INFO-200
[2026-09-21 00:42:12] 위치 9행 / 도착 245행 저장, 호출 10 (누적 550)
[2026-09-21 00:45:01] position 2호선 비정상 code=INFO-200
[2026-09-21 00:45:02] position 3호선 비정상 code=INFO-200
[2026-09-21 00:45:03] position 4호선 비정상 code=INFO-200
[2026-09-21 00:45:08] position 9호선 비정상 code=INFO-200
[2026-09-21 00:45:09] 위치 9행 / 도착 228행 저장, 호출 10 (누적 560)
[2026-09-21 00:48:02] position 2호선 비정상 code=INFO-200
[2026-09-21 00:48:03] position 3호선 비정상 code=INFO-200
[2026-09-21 00:48:04] position 4호선 비정상 code=INFO-200
[2026-09-21 00:48:09] position 9호선 비정상 code=INFO-200
[2026-09-21 00:48:12] 위치 8행 / 도착 207행 저장, 호출 10 (누적 570)
[2026-09-21 00:51:02] position 2호선 비정상 code=INFO-200
[2026-09-21 00:51:02] position 3호선 비정상 code=INFO-200
[2026-09-21 00:51:03] position 4호선 비정상 code=INFO-200
[2026-09-21 00:51:07] position 9호선 비정상 code=INFO-200
[2026-09-21 00:51:09] 위치 8행 / 도착 156행 저장, 호출 10 (누적 580)
[2026-09-21 00:54:02] position 2호선 비정상 code=INFO-200
[2026-09-21 00:54:02] position 3호선 비정상 code=INFO-200
[2026-09-21 00:54:02] position 4호선 비정상 code=INFO-200
[2026-09-21 00:54:06] position 9호선 비정상 code=INFO-200
[2026-09-21 00:54:08] 위치 8행 / 도착 122행 저장, 호출 10 (누적 590)
[2026-09-21 00:57:02] position 2호선 비정상 code=INFO-200
[2026-09-21 00:57:03] position 3호선 비정상 code=INFO-200
[2026-09-21 00:57:04] position 4호선 비정상 code=INFO-200
[2026-09-21 00:57:08] position 9호선 비정상 code=INFO-200
[2026-09-21 00:57:10] 위치 8행 / 도착 114행 저장, 호출 10 (누적 600)
[2026-09-21 01:00:02] position 2호선 비정상 code=INFO-200
[2026-09-21 01:00:04] position 3호선 비정상 code=INFO-200
[2026-09-21 01:00:05] position 4호선 비정상 code=INFO-200
[2026-09-21 01:00:11] position 9호선 비정상 code=INFO-200
[2026-09-21 01:00:13] 위치 8행 / 도착 104행 저장, 호출 10 (누적 610)
[2026-09-21 01:03:01] position 2호선 비정상 code=INFO-200
[2026-09-21 01:03:03] position 3호선 비정상 code=INFO-200
[2026-09-21 01:03:04] position 4호선 비정상 code=INFO-200
[2026-09-21 01:03:08] position 9호선 비정상 code=INFO-200
[2026-09-21 01:03:09] 위치 8행 / 도착 27행 저장, 호출 10 (누적 620)
[2026-09-21 01:06:02] position 2호선 비정상 code=INFO-200
[2026-09-21 01:06:03] position 3호선 비정상 code=INFO-200
[2026-09-21 01:06:04] position 4호선 비정상 code=INFO-200
[2026-09-21 01:06:09] position 9호선 비정상 code=INFO-200
[2026-09-21 01:06:10] 위치 8행 / 도착 25행 저장, 호출 10 (누적 630)
[2026-09-21 01:09:02] position 2호선 비정상 code=INFO-200
[2026-09-21 01:09:03] position 3호선 비정상 code=INFO-200
[2026-09-21 01:09:04] position 4호선 비정상 code=INFO-200
[2026-09-21 01:09:09] position 9호선 비정상 code=INFO-200
[2026-09-21 01:09:11] 위치 8행 / 도착 24행 저장, 호출 10 (누적 640)
[2026-09-21 01:12:01] position 2호선 비정상 code=INFO-200
[2026-09-21 01:12:02] position 3호선 비정상 code=INFO-200
[2026-09-21 01:12:02] position 4호선 비정상 code=INFO-200
[2026-09-21 01:12:05] position 9호선 비정상 code=INFO-200
[2026-09-21 01:12:07] 위치 8행 / 도착 24행 저장, 호출 10 (누적 650)
[2026-09-21 01:15:02] position 2호선 비정상 code=INFO-200
[2026-09-21 01:15:04] position 3호선 비정상 code=INFO-200
[2026-09-21 01:15:05] position 4호선 비정상 code=INFO-200
[2026-09-21 01:15:10] position 9호선 비정상 code=INFO-200
[2026-09-21 01:15:13] 위치 8행 / 도착 24행 저장, 호출 10 (누적 660)
[2026-09-21 01:18:02] position 2호선 비정상 code=INFO-200
[2026-09-21 01:18:04] position 3호선 비정상 code=INFO-200
[2026-09-21 01:18:05] position 4호선 비정상 code=INFO-200
[2026-09-21 01:18:11] position 9호선 비정상 code=INFO-200
[2026-09-21 01:18:13] 위치 8행 / 도착 24행 저장, 호출 10 (누적 670)
[2026-09-21 01:21:01] position 2호선 비정상 code=INFO-200
[2026-09-21 01:21:02] position 3호선 비정상 code=INFO-200
[2026-09-21 01:21:03] position 4호선 비정상 code=INFO-200
[2026-09-21 01:21:08] position 9호선 비정상 code=INFO-200
[2026-09-21 01:21:09] 위치 8행 / 도착 24행 저장, 호출 10 (누적 680)
[2026-09-21 01:24:01] position 2호선 비정상 code=INFO-200
[2026-09-21 01:24:02] position 3호선 비정상 code=INFO-200
[2026-09-21 01:24:02] position 4호선 비정상 code=INFO-200
[2026-09-21 01:24:05] position 9호선 비정상 code=INFO-200
[2026-09-21 01:24:07] 위치 8행 / 도착 24행 저장, 호출 10 (누적 690)
[2026-09-21 01:27:02] position 2호선 비정상 code=INFO-200
[2026-09-21 01:27:03] position 3호선 비정상 code=INFO-200
[2026-09-21 01:27:04] position 4호선 비정상 code=INFO-200
[2026-09-21 01:27:08] position 9호선 비정상 code=INFO-200
[2026-09-21 01:27:09] 위치 8행 / 도착 24행 저장, 호출 10 (누적 700)
[2026-09-21 01:30:02] position 2호선 비정상 code=INFO-200
[2026-09-21 01:30:04] position 3호선 비정상 code=INFO-200
[2026-09-21 01:30:05] position 4호선 비정상 code=INFO-200
[2026-09-21 01:30:06] position 9호선 비정상 code=INFO-200
[2026-09-21 01:30:07] 위치 8행 / 도착 24행 저장, 호출 10 (누적 710)
[2026-09-21 01:33:02] position 2호선 비정상 code=INFO-200
[2026-09-21 01:33:02] position 3호선 비정상 code=INFO-200
[2026-09-21 01:33:03] position 4호선 비정상 code=INFO-200
[2026-09-21 01:33:09] position 9호선 비정상 code=INFO-200
[2026-09-21 01:33:11] 위치 8행 / 도착 24행 저장, 호출 10 (누적 720)
[2026-09-21 01:36:02] position 2호선 비정상 code=INFO-200
[2026-09-21 01:36:03] position 3호선 비정상 code=INFO-200
[2026-09-21 01:36:05] position 4호선 비정상 code=INFO-200
[2026-09-21 01:36:08] position 9호선 비정상 code=INFO-200
[2026-09-21 01:36:10] 위치 8행 / 도착 24행 저장, 호출 10 (누적 730)
[2026-09-21 01:39:03] position 2호선 비정상 code=INFO-200
[2026-09-21 01:39:04] position 3호선 비정상 code=INFO-200
[2026-09-21 01:39:05] position 4호선 비정상 code=INFO-200
[2026-09-21 01:39:08] position 9호선 비정상 code=INFO-200
[2026-09-21 01:39:09] 위치 8행 / 도착 24행 저장, 호출 10 (누적 740)
[2026-09-21 01:42:02] position 2호선 비정상 code=INFO-200
[2026-09-21 01:42:03] position 3호선 비정상 code=INFO-200
[2026-09-21 01:42:04] position 4호선 비정상 code=INFO-200
[2026-09-21 01:42:09] position 9호선 비정상 code=INFO-200
[2026-09-21 01:42:11] 위치 8행 / 도착 24행 저장, 호출 10 (누적 750)
[2026-09-21 01:45:02] position 2호선 비정상 code=INFO-200
[2026-09-21 01:45:03] position 3호선 비정상 code=INFO-200
[2026-09-21 01:45:03] position 4호선 비정상 code=INFO-200
[2026-09-21 01:45:10] position 9호선 비정상 code=INFO-200
[2026-09-21 01:45:13] 위치 8행 / 도착 24행 저장, 호출 10 (누적 760)
[2026-09-21 01:48:02] position 2호선 비정상 code=INFO-200
[2026-09-21 01:48:03] position 3호선 비정상 code=INFO-200
[2026-09-21 01:48:04] position 4호선 비정상 code=INFO-200
[2026-09-21 01:48:08] position 9호선 비정상 code=INFO-200
[2026-09-21 01:48:10] 위치 8행 / 도착 24행 저장, 호출 10 (누적 770)
[2026-09-21 01:51:02] position 2호선 비정상 code=INFO-200
[2026-09-21 01:51:03] position 3호선 비정상 code=INFO-200
[2026-09-21 01:51:04] position 4호선 비정상 code=INFO-200
[2026-09-21 01:51:10] position 9호선 비정상 code=INFO-200
[2026-09-21 01:51:11] 위치 8행 / 도착 24행 저장, 호출 10 (누적 780)
[2026-09-21 01:54:02] position 2호선 비정상 code=INFO-200
[2026-09-21 01:54:03] position 3호선 비정상 code=INFO-200
[2026-09-21 01:54:03] position 4호선 비정상 code=INFO-200
[2026-09-21 01:54:09] position 9호선 비정상 code=INFO-200
[2026-09-21 01:54:11] 위치 8행 / 도착 24행 저장, 호출 10 (누적 790)
[2026-09-21 01:57:00] position 2호선 비정상 code=INFO-200
[2026-09-21 01:57:02] position 3호선 비정상 code=INFO-200
[2026-09-21 01:57:02] position 4호선 비정상 code=INFO-200
[2026-09-21 01:57:07] position 9호선 비정상 code=INFO-200
[2026-09-21 01:57:09] 위치 8행 / 도착 24행 저장, 호출 10 (누적 800)
[2026-09-21 02:00:00] 수집 창 종료
