[2026-10-03 21:00:17] 수집 창 10-03 22:00 ~ 10-04 02:00, 180초 간격, 상한 950콜
[2026-10-03 21:00:17] 시작까지 59.7분 대기
[2026-10-03 22:00:10] 위치 286행 / 도착 2740행 저장, 호출 10 (누적 10)
[2026-10-03 22:03:11] 위치 281행 / 도착 2743행 저장, 호출 10 (누적 20)
[2026-10-03 22:06:11] 위치 283행 / 도착 2738행 저장, 호출 10 (누적 30)
[2026-10-03 22:09:07] 위치 281행 / 도착 2749행 저장, 호출 10 (누적 40)
[2026-10-03 22:12:10] 위치 286행 / 도착 2788행 저장, 호출 10 (누적 50)
[2026-10-03 22:15:08] 위치 286행 / 도착 2756행 저장, 호출 10 (누적 60)
[2026-10-03 22:18:10] 위치 276행 / 도착 2750행 저장, 호출 10 (누적 70)
[2026-10-03 22:21:11] 위치 274행 / 도착 2714행 저장, 호출 10 (누적 80)
[2026-10-03 22:24:07] 위치 279행 / 도착 2728행 저장, 호출 10 (누적 90)
[2026-10-03 22:27:06] 위치 279행 / 도착 2738행 저장, 호출 10 (누적 100)
[2026-10-03 22:30:11] 위치 273행 / 도착 2744행 저장, 호출 10 (누적 110)
[2026-10-03 22:33:10] 위치 263행 / 도착 2739행 저장, 호출 10 (누적 120)
[2026-10-03 22:36:08] 위치 268행 / 도착 2713행 저장, 호출 10 (누적 130)
[2026-10-03 22:39:10] 위치 268행 / 도착 2704행 저장, 호출 10 (누적 140)
[2026-10-03 22:42:08] 위치 261행 / 도착 2684행 저장, 호출 10 (누적 150)
[2026-10-03 22:45:08] 위치 252행 / 도착 2714행 저장, 호출 10 (누적 160)
[2026-10-03 22:48:12] 위치 252행 / 도착 2739행 저장, 호출 10 (누적 170)
[2026-10-03 22:51:11] 위치 249행 / 도착 2707행 저장, 호출 10 (누적 180)
[2026-10-03 22:54:07] 위치 254행 / 도착 2681행 저장, 호출 10 (누적 190)
[2026-10-03 22:57:07] 위치 240행 / 도착 2678행 저장, 호출 10 (누적 200)
[2026-10-03 23:00:10] 위치 241행 / 도착 2644행 저장, 호출 10 (누적 210)
[2026-10-03 23:03:06] 위치 242행 / 도착 2700행 저장, 호출 10 (누적 220)
[2026-10-03 23:06:09] 위치 235행 / 도착 2693행 저장, 호출 10 (누적 230)
[2026-10-03 23:09:10] 위치 234행 / 도착 2649행 저장, 호출 10 (누적 240)
[2026-10-03 23:12:07] 위치 229행 / 도착 2616행 저장, 호출 10 (누적 250)
[2026-10-03 23:15:11] 위치 225행 / 도착 2604행 저장, 호출 10 (누적 260)
[2026-10-03 23:18:07] 위치 219행 / 도착 2568행 저장, 호출 10 (누적 270)
[2026-10-03 23:21:06] 위치 216행 / 도착 2547행 저장, 호출 10 (누적 280)
[2026-10-03 23:24:09] 위치 217행 / 도착 2533행 저장, 호출 10 (누적 290)
[2026-10-03 23:27:11] 위치 207행 / 도착 2498행 저장, 호출 10 (누적 300)
[2026-10-03 23:30:07] 위치 207행 / 도착 2432행 저장, 호출 10 (누적 310)
[2026-10-03 23:33:07] 위치 196행 / 도착 2400행 저장, 호출 10 (누적 320)
[2026-10-03 23:36:10] 위치 195행 / 도착 2372행 저장, 호출 10 (누적 330)
[2026-10-03 23:39:08] 위치 184행 / 도착 2313행 저장, 호출 10 (누적 340)
[2026-10-03 23:42:10] 위치 184행 / 도착 2232행 저장, 호출 10 (누적 350)
[2026-10-03 23:45:09] 위치 181행 / 도착 2158행 저장, 호출 10 (누적 360)
[2026-10-03 23:48:09] 위치 170행 / 도착 2050행 저장, 호출 10 (누적 370)
[2026-10-03 23:51:11] 위치 161행 / 도착 1967행 저장, 호출 10 (누적 380)
[2026-10-03 23:54:11] 위치 159행 / 도착 1868행 저장, 호출 10 (누적 390)
[2026-10-03 23:57:07] 위치 139행 / 도착 1797행 저장, 호출 10 (누적 400)
[2026-10-04 00:00:10] 위치 129행 / 도착 1745행 저장, 호출 10 (누적 410)
[2026-10-04 00:03:10] 위치 119행 / 도착 1606행 저장, 호출 10 (누적 420)
[2026-10-04 00:06:08] 위치 98행 / 도착 1526행 저장, 호출 10 (누적 430)
[2026-10-04 00:09:03] position 9호선 비정상 code=INFO-200
[2026-10-04 00:09:05] 위치 76행 / 도착 1452행 저장, 호출 10 (누적 440)
[2026-10-04 00:12:02] position 3호선 비정상 code=INFO-200
[2026-10-04 00:12:05] position 9호선 비정상 code=INFO-200
[2026-10-04 00:12:08] 위치 55행 / 도착 1345행 저장, 호출 10 (누적 450)
[2026-10-04 00:15:00] position 2호선 비정상 code=INFO-200
[2026-10-04 00:15:01] position 3호선 비정상 code=INFO-200
[2026-10-04 00:15:03] position 9호선 비정상 code=INFO-200
[2026-10-04 00:15:06] 위치 43행 / 도착 1185행 저장, 호출 10 (누적 460)
[2026-10-04 00:18:02] position 2호선 비정상 code=INFO-200
[2026-10-04 00:18:03] position 3호선 비정상 code=INFO-200
[2026-10-04 00:18:08] position 9호선 비정상 code=INFO-200
[2026-10-04 00:18:12] 위치 35행 / 도착 1049행 저장, 호출 10 (누적 470)
[2026-10-04 00:21:00] position 2호선 비정상 code=INFO-200
[2026-10-04 00:21:01] position 3호선 비정상 code=INFO-200
[2026-10-04 00:21:03] position 7호선 비정상 code=INFO-200
[2026-10-04 00:21:05] position 9호선 비정상 code=INFO-200
[2026-10-04 00:21:06] 위치 32행 / 도착 867행 저장, 호출 10 (누적 480)
[2026-10-04 00:24:01] position 2호선 비정상 code=INFO-200
[2026-10-04 00:24:01] position 3호선 비정상 code=INFO-200
[2026-10-04 00:24:03] position 7호선 비정상 code=INFO-200
[2026-10-04 00:24:04] position 9호선 비정상 code=INFO-200
[2026-10-04 00:24:05] 위치 30행 / 도착 751행 저장, 호출 10 (누적 490)
[2026-10-04 00:27:01] position 2호선 비정상 code=INFO-200
[2026-10-04 00:27:02] position 3호선 비정상 code=INFO-200
[2026-10-04 00:27:06] position 7호선 비정상 code=INFO-200
[2026-10-04 00:27:06] position 9호선 비정상 code=INFO-200
[2026-10-04 00:27:08] 위치 26행 / 도착 682행 저장, 호출 10 (누적 500)
[2026-10-04 00:30:01] position 2호선 비정상 code=INFO-200
[2026-10-04 00:30:02] position 3호선 비정상 code=INFO-200
[2026-10-04 00:30:06] position 7호선 비정상 code=INFO-200
[2026-10-04 00:30:08] position 9호선 비정상 code=INFO-200
[2026-10-04 00:30:10] 위치 23행 / 도착 648행 저장, 호출 10 (누적 510)
[2026-10-04 00:33:00] position 2호선 비정상 code=INFO-200
[2026-10-04 00:33:01] position 3호선 비정상 code=INFO-200
[2026-10-04 00:33:03] position 7호선 비정상 code=INFO-200
[2026-10-04 00:33:05] position 9호선 비정상 code=INFO-200
[2026-10-04 00:33:06] 위치 21행 / 도착 583행 저장, 호출 10 (누적 520)
[2026-10-04 00:36:02] position 2호선 비정상 code=INFO-200
[2026-10-04 00:36:03] position 3호선 비정상 code=INFO-200
[2026-10-04 00:36:07] position 7호선 비정상 code=INFO-200
[2026-10-04 00:36:08] position 9호선 비정상 code=INFO-200
[2026-10-04 00:36:10] 위치 16행 / 도착 412행 저장, 호출 10 (누적 530)
[2026-10-04 00:39:01] position 2호선 비정상 code=INFO-200
[2026-10-04 00:39:02] position 3호선 비정상 code=INFO-200
[2026-10-04 00:39:06] position 7호선 비정상 code=INFO-200
[2026-10-04 00:39:07] position 9호선 비정상 code=INFO-200
[2026-10-04 00:39:11] 위치 15행 / 도착 379행 저장, 호출 10 (누적 540)
[2026-10-04 00:42:01] position 2호선 비정상 code=INFO-200
[2026-10-04 00:42:01] position 3호선 비정상 code=INFO-200
[2026-10-04 00:42:03] position 7호선 비정상 code=INFO-200
[2026-10-04 00:42:03] position 9호선 비정상 code=INFO-200
[2026-10-04 00:42:05] 위치 15행 / 도착 334행 저장, 호출 10 (누적 550)
[2026-10-04 00:45:02] position 2호선 비정상 code=INFO-200
[2026-10-04 00:45:03] position 3호선 비정상 code=INFO-200
[2026-10-04 00:45:04] position 4호선 비정상 code=INFO-200
[2026-10-04 00:45:07] position 7호선 비정상 code=INFO-200
[2026-10-04 00:45:08] position 9호선 비정상 code=INFO-200
[2026-10-04 00:45:10] 위치 12행 / 도착 316행 저장, 호출 10 (누적 560)
[2026-10-04 00:48:00] position 2호선 비정상 code=INFO-200
[2026-10-04 00:48:01] position 3호선 비정상 code=INFO-200
[2026-10-04 00:48:01] position 4호선 비정상 code=INFO-200
[2026-10-04 00:48:03] position 7호선 비정상 code=INFO-200
[2026-10-04 00:48:04] position 9호선 비정상 code=INFO-200
[2026-10-04 00:48:05] 위치 10행 / 도착 292행 저장, 호출 10 (누적 570)
[2026-10-04 00:51:01] position 2호선 비정상 code=INFO-200
[2026-10-04 00:51:01] position 3호선 비정상 code=INFO-200
[2026-10-04 00:51:02] position 4호선 비정상 code=INFO-200
[2026-10-04 00:51:04] position 7호선 비정상 code=INFO-200
[2026-10-04 00:51:05] position 9호선 비정상 code=INFO-200
[2026-10-04 00:51:07] 위치 10행 / 도착 265행 저장, 호출 10 (누적 580)
[2026-10-04 00:54:02] position 2호선 비정상 code=INFO-200
[2026-10-04 00:54:03] position 3호선 비정상 code=INFO-200
[2026-10-04 00:54:04] position 4호선 비정상 code=INFO-200
[2026-10-04 00:54:07] position 7호선 비정상 code=INFO-200
[2026-10-04 00:54:09] position 9호선 비정상 code=INFO-200
[2026-10-04 00:54:10] 위치 10행 / 도착 233행 저장, 호출 10 (누적 590)
[2026-10-04 00:57:02] position 2호선 비정상 code=INFO-200
[2026-10-04 00:57:02] position 3호선 비정상 code=INFO-200
[2026-10-04 00:57:03] position 4호선 비정상 code=INFO-200
[2026-10-04 00:57:06] position 7호선 비정상 code=INFO-200
[2026-10-04 00:57:07] position 9호선 비정상 code=INFO-200
[2026-10-04 00:57:09] 위치 10행 / 도착 225행 저장, 호출 10 (누적 600)
[2026-10-04 01:00:01] position 2호선 비정상 code=INFO-200
[2026-10-04 01:00:02] position 3호선 비정상 code=INFO-200
[2026-10-04 01:00:02] position 4호선 비정상 code=INFO-200
[2026-10-04 01:00:04] position 7호선 비정상 code=INFO-200
[2026-10-04 01:00:06] position 9호선 비정상 code=INFO-200
[2026-10-04 01:00:07] 위치 10행 / 도착 216행 저장, 호출 10 (누적 610)
[2026-10-04 01:03:02] position 2호선 비정상 code=INFO-200
[2026-10-04 01:03:03] position 3호선 비정상 code=INFO-200
[2026-10-04 01:03:04] position 4호선 비정상 code=INFO-200
[2026-10-04 01:03:06] position 7호선 비정상 code=INFO-200
[2026-10-04 01:03:07] position 9호선 비정상 code=INFO-200
[2026-10-04 01:03:08] 위치 10행 / 도착 80행 저장, 호출 10 (누적 620)
[2026-10-04 01:06:02] position 2호선 비정상 code=INFO-200
[2026-10-04 01:06:02] position 3호선 비정상 code=INFO-200
[2026-10-04 01:06:03] position 4호선 비정상 code=INFO-200
[2026-10-04 01:06:06] position 7호선 비정상 code=INFO-200
[2026-10-04 01:06:06] position 9호선 비정상 code=INFO-200
[2026-10-04 01:06:09] 위치 10행 / 도착 53행 저장, 호출 10 (누적 630)
[2026-10-04 01:09:00] position 2호선 비정상 code=INFO-200
[2026-10-04 01:09:01] position 3호선 비정상 code=INFO-200
[2026-10-04 01:09:01] position 4호선 비정상 code=INFO-200
[2026-10-04 01:09:03] position 7호선 비정상 code=INFO-200
[2026-10-04 01:09:04] position 9호선 비정상 code=INFO-200
[2026-10-04 01:09:05] 위치 10행 / 도착 52행 저장, 호출 10 (누적 640)
[2026-10-04 01:12:02] position 2호선 비정상 code=INFO-200
[2026-10-04 01:12:03] position 3호선 비정상 code=INFO-200
[2026-10-04 01:12:04] position 4호선 비정상 code=INFO-200
[2026-10-04 01:12:06] position 7호선 비정상 code=INFO-200
[2026-10-04 01:12:07] position 9호선 비정상 code=INFO-200
[2026-10-04 01:12:09] 위치 10행 / 도착 52행 저장, 호출 10 (누적 650)
[2026-10-04 01:15:02] position 2호선 비정상 code=INFO-200
[2026-10-04 01:15:03] position 3호선 비정상 code=INFO-200
[2026-10-04 01:15:04] position 4호선 비정상 code=INFO-200
[2026-10-04 01:15:07] position 7호선 비정상 code=INFO-200
[2026-10-04 01:15:07] position 9호선 비정상 code=INFO-200
[2026-10-04 01:15:09] 위치 10행 / 도착 52행 저장, 호출 10 (누적 660)
[2026-10-04 01:18:00] position 2호선 비정상 code=INFO-200
[2026-10-04 01:18:01] position 3호선 비정상 code=INFO-200
[2026-10-04 01:18:01] position 4호선 비정상 code=INFO-200
[2026-10-04 01:18:03] position 7호선 비정상 code=INFO-200
[2026-10-04 01:18:03] position 9호선 비정상 code=INFO-200
[2026-10-04 01:18:05] 위치 10행 / 도착 52행 저장, 호출 10 (누적 670)
[2026-10-04 01:21:02] position 2호선 비정상 code=INFO-200
[2026-10-04 01:21:03] position 3호선 비정상 code=INFO-200
[2026-10-04 01:21:04] position 4호선 비정상 code=INFO-200
[2026-10-04 01:21:07] position 7호선 비정상 code=INFO-200
[2026-10-04 01:21:08] position 9호선 비정상 code=INFO-200
[2026-10-04 01:21:08] 위치 10행 / 도착 52행 저장, 호출 10 (누적 680)
[2026-10-04 01:24:02] position 2호선 비정상 code=INFO-200
[2026-10-04 01:24:03] position 3호선 비정상 code=INFO-200
[2026-10-04 01:24:04] position 4호선 비정상 code=INFO-200
[2026-10-04 01:24:07] position 7호선 비정상 code=INFO-200
[2026-10-04 01:24:09] position 9호선 비정상 code=INFO-200
[2026-10-04 01:24:10] 위치 10행 / 도착 52행 저장, 호출 10 (누적 690)
[2026-10-04 01:27:00] position 2호선 비정상 code=INFO-200
[2026-10-04 01:27:01] position 3호선 비정상 code=INFO-200
[2026-10-04 01:27:01] position 4호선 비정상 code=INFO-200
[2026-10-04 01:27:02] position 7호선 비정상 code=INFO-200
[2026-10-04 01:27:03] position 9호선 비정상 code=INFO-200
[2026-10-04 01:27:04] 위치 10행 / 도착 52행 저장, 호출 10 (누적 700)
[2026-10-04 01:30:02] position 2호선 비정상 code=INFO-200
[2026-10-04 01:30:02] position 3호선 비정상 code=INFO-200
[2026-10-04 01:30:03] position 4호선 비정상 code=INFO-200
[2026-10-04 01:30:06] position 7호선 비정상 code=INFO-200
[2026-10-04 01:30:07] position 9호선 비정상 code=INFO-200
[2026-10-04 01:30:09] 위치 10행 / 도착 52행 저장, 호출 10 (누적 710)
[2026-10-04 01:33:02] position 2호선 비정상 code=INFO-200
[2026-10-04 01:33:03] position 3호선 비정상 code=INFO-200
[2026-10-04 01:33:03] position 4호선 비정상 code=INFO-200
[2026-10-04 01:33:06] position 7호선 비정상 code=INFO-200
[2026-10-04 01:33:08] position 9호선 비정상 code=INFO-200
[2026-10-04 01:33:09] 위치 10행 / 도착 52행 저장, 호출 10 (누적 720)
[2026-10-04 01:36:01] position 2호선 비정상 code=INFO-200
[2026-10-04 01:36:02] position 3호선 비정상 code=INFO-200
[2026-10-04 01:36:02] position 4호선 비정상 code=INFO-200
[2026-10-04 01:36:03] position 7호선 비정상 code=INFO-200
[2026-10-04 01:36:04] position 9호선 비정상 code=INFO-200
[2026-10-04 01:36:06] 위치 10행 / 도착 52행 저장, 호출 10 (누적 730)
[2026-10-04 01:39:02] position 2호선 비정상 code=INFO-200
[2026-10-04 01:39:02] position 3호선 비정상 code=INFO-200
[2026-10-04 01:39:04] position 4호선 비정상 code=INFO-200
[2026-10-04 01:39:05] position 7호선 비정상 code=INFO-200
[2026-10-04 01:39:07] position 9호선 비정상 code=INFO-200
[2026-10-04 01:39:09] 위치 10행 / 도착 52행 저장, 호출 10 (누적 740)
[2026-10-04 01:42:02] position 2호선 비정상 code=INFO-200
[2026-10-04 01:42:03] position 3호선 비정상 code=INFO-200
[2026-10-04 01:42:03] position 4호선 비정상 code=INFO-200
[2026-10-04 01:42:05] position 7호선 비정상 code=INFO-200
[2026-10-04 01:42:06] position 9호선 비정상 code=INFO-200
[2026-10-04 01:42:07] 위치 10행 / 도착 52행 저장, 호출 10 (누적 750)
[2026-10-04 01:45:02] position 2호선 비정상 code=INFO-200
[2026-10-04 01:45:03] position 3호선 비정상 code=INFO-200
[2026-10-04 01:45:04] position 4호선 비정상 code=INFO-200
[2026-10-04 01:45:06] position 7호선 비정상 code=INFO-200
[2026-10-04 01:45:08] position 9호선 비정상 code=INFO-200
[2026-10-04 01:45:08] 위치 10행 / 도착 52행 저장, 호출 10 (누적 760)
[2026-10-04 01:48:01] position 2호선 비정상 code=INFO-200
[2026-10-04 01:48:01] position 3호선 비정상 code=INFO-200
[2026-10-04 01:48:02] position 4호선 비정상 code=INFO-200
[2026-10-04 01:48:04] position 7호선 비정상 code=INFO-200
[2026-10-04 01:48:04] position 9호선 비정상 code=INFO-200
[2026-10-04 01:48:05] 위치 10행 / 도착 52행 저장, 호출 10 (누적 770)
[2026-10-04 01:51:00] position 2호선 비정상 code=INFO-200
[2026-10-04 01:51:01] position 3호선 비정상 code=INFO-200
[2026-10-04 01:51:01] position 4호선 비정상 code=INFO-200
[2026-10-04 01:51:04] position 7호선 비정상 code=INFO-200
[2026-10-04 01:51:05] position 9호선 비정상 code=INFO-200
[2026-10-04 01:51:06] 위치 10행 / 도착 52행 저장, 호출 10 (누적 780)
[2026-10-04 01:54:01] position 2호선 비정상 code=INFO-200
[2026-10-04 01:54:02] position 3호선 비정상 code=INFO-200
[2026-10-04 01:54:02] position 4호선 비정상 code=INFO-200
[2026-10-04 01:54:03] position 7호선 비정상 code=INFO-200
[2026-10-04 01:54:04] position 9호선 비정상 code=INFO-200
[2026-10-04 01:54:05] 위치 10행 / 도착 52행 저장, 호출 10 (누적 790)
[2026-10-04 01:57:02] position 2호선 비정상 code=INFO-200
[2026-10-04 01:57:03] position 3호선 비정상 code=INFO-200
[2026-10-04 01:57:04] position 4호선 비정상 code=INFO-200
[2026-10-04 01:57:06] position 7호선 비정상 code=INFO-200
[2026-10-04 01:57:07] position 9호선 비정상 code=INFO-200
[2026-10-04 01:57:08] 위치 10행 / 도착 52행 저장, 호출 10 (누적 800)
[2026-10-04 02:00:00] 수집 창 종료 (틱 80, 전 호출 실패 틱 0, 최장 연속 0)
