[2026-09-27 20:38:30] 수집 창 09-27 22:00 ~ 09-28 02:00, 180초 간격, 상한 950콜
[2026-09-27 20:38:30] 시작까지 81.5분 대기
[2026-09-27 22:00:08] 위치 272행 / 도착 2726행 저장, 호출 10 (누적 10)
[2026-09-27 22:03:09] 위치 263행 / 도착 2749행 저장, 호출 10 (누적 20)
[2026-09-27 22:06:06] 위치 268행 / 도착 2739행 저장, 호출 10 (누적 30)
[2026-09-27 22:09:08] 위치 263행 / 도착 2760행 저장, 호출 10 (누적 40)
[2026-09-27 22:12:10] 위치 268행 / 도착 2772행 저장, 호출 10 (누적 50)
[2026-09-27 22:15:06] 위치 258행 / 도착 2704행 저장, 호출 10 (누적 60)
[2026-09-27 22:18:07] 위치 255행 / 도착 2732행 저장, 호출 10 (누적 70)
[2026-09-27 22:21:08] 위치 264행 / 도착 2701행 저장, 호출 10 (누적 80)
[2026-09-27 22:24:07] 위치 267행 / 도착 2732행 저장, 호출 10 (누적 90)
[2026-09-27 22:27:11] 위치 251행 / 도착 2740행 저장, 호출 10 (누적 100)
[2026-09-27 22:30:08] 위치 249행 / 도착 2731행 저장, 호출 10 (누적 110)
[2026-09-27 22:33:06] 위치 245행 / 도착 2726행 저장, 호출 10 (누적 120)
[2026-09-27 22:36:10] 위치 250행 / 도착 2700행 저장, 호출 10 (누적 130)
[2026-09-27 22:39:06] 위치 245행 / 도착 2697행 저장, 호출 10 (누적 140)
[2026-09-27 22:42:06] 위치 238행 / 도착 2669행 저장, 호출 10 (누적 150)
[2026-09-27 22:45:09] 위치 234행 / 도착 2735행 저장, 호출 10 (누적 160)
[2026-09-27 22:48:08] 위치 242행 / 도착 2712행 저장, 호출 10 (누적 170)
[2026-09-27 22:51:08] 위치 230행 / 도착 2689행 저장, 호출 10 (누적 180)
[2026-09-27 22:54:10] 위치 228행 / 도착 2670행 저장, 호출 10 (누적 190)
[2026-09-27 22:57:07] 위치 226행 / 도착 2674행 저장, 호출 10 (누적 200)
[2026-09-27 23:00:05] 위치 222행 / 도착 2659행 저장, 호출 10 (누적 210)
[2026-09-27 23:03:08] 위치 229행 / 도착 2683행 저장, 호출 10 (누적 220)
[2026-09-27 23:06:08] 위치 220행 / 도착 2665행 저장, 호출 10 (누적 230)
[2026-09-27 23:09:06] 위치 216행 / 도착 2629행 저장, 호출 10 (누적 240)
[2026-09-27 23:12:07] 위치 211행 / 도착 2614행 저장, 호출 10 (누적 250)
[2026-09-27 23:15:07] 위치 206행 / 도착 2604행 저장, 호출 10 (누적 260)
[2026-09-27 23:18:06] 위치 205행 / 도착 2598행 저장, 호출 10 (누적 270)
[2026-09-27 23:21:07] 위치 202행 / 도착 2572행 저장, 호출 10 (누적 280)
[2026-09-27 23:24:07] 위치 196행 / 도착 2543행 저장, 호출 10 (누적 290)
[2026-09-27 23:27:05] 위치 197행 / 도착 2469행 저장, 호출 10 (누적 300)
[2026-09-27 23:30:06] 위치 192행 / 도착 2458행 저장, 호출 10 (누적 310)
[2026-09-27 23:33:07] 위치 185행 / 도착 2431행 저장, 호출 10 (누적 320)
[2026-09-27 23:36:05] 위치 181행 / 도착 2439행 저장, 호출 10 (누적 330)
[2026-09-27 23:39:05] 위치 184행 / 도착 2369행 저장, 호출 10 (누적 340)
[2026-09-27 23:42:09] 위치 180행 / 도착 2344행 저장, 호출 10 (누적 350)
[2026-09-27 23:45:06] 위치 169행 / 도착 2296행 저장, 호출 10 (누적 360)
[2026-09-27 23:48:09] 위치 164행 / 도착 2219행 저장, 호출 10 (누적 370)
[2026-09-27 23:51:08] 위치 164행 / 도착 2164행 저장, 호출 10 (누적 380)
[2026-09-27 23:54:06] 위치 159행 / 도착 2109행 저장, 호출 10 (누적 390)
[2026-09-27 23:57:06] 위치 152행 / 도착 2065행 저장, 호출 10 (누적 400)
[2026-09-28 00:00:08] 위치 143행 / 도착 2012행 저장, 호출 10 (누적 410)
[2026-09-28 00:03:05] 위치 137행 / 도착 1856행 저장, 호출 10 (누적 420)
[2026-09-28 00:06:05] 위치 125행 / 도착 1781행 저장, 호출 10 (누적 430)
[2026-09-28 00:09:05] 위치 107행 / 도착 1713행 저장, 호출 10 (누적 440)
[2026-09-28 00:12:04] 위치 93행 / 도착 1642행 저장, 호출 10 (누적 450)
[2026-09-28 00:15:04] 위치 81행 / 도착 1614행 저장, 호출 10 (누적 460)
[2026-09-28 00:18:06] 위치 77행 / 도착 1504행 저장, 호출 10 (누적 470)
[2026-09-28 00:21:05] 위치 75행 / 도착 1509행 저장, 호출 10 (누적 480)
[2026-09-28 00:24:04] 위치 70행 / 도착 1432행 저장, 호출 10 (누적 490)
[2026-09-28 00:27:07] 위치 70행 / 도착 1353행 저장, 호출 10 (누적 500)
[2026-09-28 00:30:06] 위치 65행 / 도착 1227행 저장, 호출 10 (누적 510)
[2026-09-28 00:33:07] 위치 64행 / 도착 1214행 저장, 호출 10 (누적 520)
[2026-09-28 00:36:06] 위치 59행 / 도착 1158행 저장, 호출 10 (누적 530)
[2026-09-28 00:39:06] 위치 54행 / 도착 1109행 저장, 호출 10 (누적 540)
[2026-09-28 00:42:07] 위치 48행 / 도착 1039행 저장, 호출 10 (누적 550)
[2026-09-28 00:45:07] 위치 45행 / 도착 987행 저장, 호출 10 (누적 560)
[2026-09-28 00:48:05] 위치 43행 / 도착 885행 저장, 호출 10 (누적 570)
[2026-09-28 00:51:08] 위치 36행 / 도착 818행 저장, 호출 10 (누적 580)
[2026-09-28 00:54:08] 위치 37행 / 도착 720행 저장, 호출 10 (누적 590)
[2026-09-28 00:57:04] 위치 31행 / 도착 688행 저장, 호출 10 (누적 600)
[2026-09-28 01:00:06] 위치 28행 / 도착 644행 저장, 호출 10 (누적 610)
[2026-09-28 01:03:03] position 4호선 비정상 code=INFO-200
[2026-09-28 01:03:06] position 9호선 비정상 code=INFO-200
[2026-09-28 01:03:09] 위치 19행 / 도착 549행 저장, 호출 10 (누적 620)
[2026-09-28 01:06:03] position 4호선 비정상 code=INFO-200
[2026-09-28 01:06:05] position 9호선 비정상 code=INFO-200
[2026-09-28 01:06:06] 위치 13행 / 도착 469행 저장, 호출 10 (누적 630)
[2026-09-28 01:09:03] position 4호선 비정상 code=INFO-200
[2026-09-28 01:09:06] position 9호선 비정상 code=INFO-200
[2026-09-28 01:09:08] 위치 12행 / 도착 417행 저장, 호출 10 (누적 640)
[2026-09-28 01:12:03] position 4호선 비정상 code=INFO-200
[2026-09-28 01:12:06] position 9호선 비정상 code=INFO-200
[2026-09-28 01:12:08] 위치 12행 / 도착 352행 저장, 호출 10 (누적 650)
[2026-09-28 01:15:01] position 2호선 비정상 code=INFO-200
[2026-09-28 01:15:01] position 3호선 비정상 code=INFO-200
[2026-09-28 01:15:01] position 4호선 비정상 code=INFO-200
[2026-09-28 01:15:04] position 9호선 비정상 code=INFO-200
[2026-09-28 01:15:05] 위치 10행 / 도착 272행 저장, 호출 10 (누적 660)
[2026-09-28 01:18:00] position 1호선 비정상 code=INFO-200
[2026-09-28 01:18:01] position 2호선 비정상 code=INFO-200
[2026-09-28 01:18:01] position 3호선 비정상 code=INFO-200
[2026-09-28 01:18:02] position 4호선 비정상 code=INFO-200
[2026-09-28 01:18:04] position 9호선 비정상 code=INFO-200
[2026-09-28 01:18:05] 위치 9행 / 도착 241행 저장, 호출 10 (누적 670)
[2026-09-28 01:21:00] position 1호선 비정상 code=INFO-200
[2026-09-28 01:21:01] position 2호선 비정상 code=INFO-200
[2026-09-28 01:21:02] position 3호선 비정상 code=INFO-200
[2026-09-28 01:21:03] position 4호선 비정상 code=INFO-200
[2026-09-28 01:21:07] position 9호선 비정상 code=INFO-200
[2026-09-28 01:21:09] 위치 9행 / 도착 174행 저장, 호출 10 (누적 680)
[2026-09-28 01:24:00] position 1호선 비정상 code=INFO-200
[2026-09-28 01:24:01] position 2호선 비정상 code=INFO-200
[2026-09-28 01:24:01] position 3호선 비정상 code=INFO-200
[2026-09-28 01:24:02] position 4호선 비정상 code=INFO-200
[2026-09-28 01:24:03] position 9호선 비정상 code=INFO-200
[2026-09-28 01:24:04] 위치 9행 / 도착 157행 저장, 호출 10 (누적 690)
[2026-09-28 01:27:00] position 1호선 비정상 code=INFO-200
[2026-09-28 01:27:00] position 2호선 비정상 code=INFO-200
[2026-09-28 01:27:01] position 3호선 비정상 code=INFO-200
[2026-09-28 01:27:01] position 4호선 비정상 code=INFO-200
[2026-09-28 01:27:03] position 9호선 비정상 code=INFO-200
[2026-09-28 01:27:04] 위치 9행 / 도착 143행 저장, 호출 10 (누적 700)
[2026-09-28 01:30:01] position 1호선 비정상 code=INFO-200
[2026-09-28 01:30:02] position 2호선 비정상 code=INFO-200
[2026-09-28 01:30:02] position 3호선 비정상 code=INFO-200
[2026-09-28 01:30:03] position 4호선 비정상 code=INFO-200
[2026-09-28 01:30:06] position 9호선 비정상 code=INFO-200
[2026-09-28 01:30:07] 위치 9행 / 도착 105행 저장, 호출 10 (누적 710)
[2026-09-28 01:33:00] position 1호선 비정상 code=INFO-200
[2026-09-28 01:33:01] position 2호선 비정상 code=INFO-200
[2026-09-28 01:33:02] position 3호선 비정상 code=INFO-200
[2026-09-28 01:33:02] position 4호선 비정상 code=INFO-200
[2026-09-28 01:33:04] position 9호선 비정상 code=INFO-200
[2026-09-28 01:33:06] 위치 9행 / 도착 28행 저장, 호출 10 (누적 720)
[2026-09-28 01:36:00] position 1호선 비정상 code=INFO-200
[2026-09-28 01:36:00] position 2호선 비정상 code=INFO-200
[2026-09-28 01:36:01] position 3호선 비정상 code=INFO-200
[2026-09-28 01:36:01] position 4호선 비정상 code=INFO-200
[2026-09-28 01:36:03] position 9호선 비정상 code=INFO-200
[2026-09-28 01:36:03] 위치 9행 / 도착 27행 저장, 호출 10 (누적 730)
[2026-09-28 01:39:00] position 1호선 비정상 code=INFO-200
[2026-09-28 01:39:01] position 2호선 비정상 code=INFO-200
[2026-09-28 01:39:02] position 3호선 비정상 code=INFO-200
[2026-09-28 01:39:02] position 4호선 비정상 code=INFO-200
[2026-09-28 01:39:07] position 9호선 비정상 code=INFO-200
[2026-09-28 01:39:08] 위치 9행 / 도착 39행 저장, 호출 10 (누적 740)
[2026-09-28 01:42:00] position 1호선 비정상 code=INFO-200
[2026-09-28 01:42:00] position 2호선 비정상 code=INFO-200
[2026-09-28 01:42:00] position 3호선 비정상 code=INFO-200
[2026-09-28 01:42:01] position 4호선 비정상 code=INFO-200
[2026-09-28 01:42:03] position 9호선 비정상 code=INFO-200
[2026-09-28 01:42:04] 위치 9행 / 도착 37행 저장, 호출 10 (누적 750)
[2026-09-28 01:45:00] position 1호선 비정상 code=INFO-200
[2026-09-28 01:45:01] position 2호선 비정상 code=INFO-200
[2026-09-28 01:45:02] position 3호선 비정상 code=INFO-200
[2026-09-28 01:45:02] position 4호선 비정상 code=INFO-200
[2026-09-28 01:45:04] position 9호선 비정상 code=INFO-200
[2026-09-28 01:45:05] 위치 9행 / 도착 35행 저장, 호출 10 (누적 760)
[2026-09-28 01:48:01] position 1호선 비정상 code=INFO-200
[2026-09-28 01:48:01] position 2호선 비정상 code=INFO-200
[2026-09-28 01:48:01] position 3호선 비정상 code=INFO-200
[2026-09-28 01:48:02] position 4호선 비정상 code=INFO-200
[2026-09-28 01:48:05] position 9호선 비정상 code=INFO-200
[2026-09-28 01:48:07] 위치 9행 / 도착 34행 저장, 호출 10 (누적 770)
[2026-09-28 01:51:00] position 1호선 비정상 code=INFO-200
[2026-09-28 01:51:00] position 2호선 비정상 code=INFO-200
[2026-09-28 01:51:01] position 3호선 비정상 code=INFO-200
[2026-09-28 01:51:01] position 4호선 비정상 code=INFO-200
[2026-09-28 01:51:03] position 9호선 비정상 code=INFO-200
[2026-09-28 01:51:04] 위치 9행 / 도착 33행 저장, 호출 10 (누적 780)
[2026-09-28 01:54:00] position 1호선 비정상 code=INFO-200
[2026-09-28 01:54:01] position 2호선 비정상 code=INFO-200
[2026-09-28 01:54:02] position 3호선 비정상 code=INFO-200
[2026-09-28 01:54:02] position 4호선 비정상 code=INFO-200
[2026-09-28 01:54:04] position 9호선 비정상 code=INFO-200
[2026-09-28 01:54:05] 위치 9행 / 도착 33행 저장, 호출 10 (누적 790)
[2026-09-28 01:57:00] position 1호선 비정상 code=INFO-200
[2026-09-28 01:57:01] position 2호선 비정상 code=INFO-200
[2026-09-28 01:57:01] position 3호선 비정상 code=INFO-200
[2026-09-28 01:57:02] position 4호선 비정상 code=INFO-200
[2026-09-28 01:57:04] position 9호선 비정상 code=INFO-200
[2026-09-28 01:57:06] 위치 9행 / 도착 27행 저장, 호출 10 (누적 800)
[2026-09-28 02:00:00] 수집 창 종료 (틱 80, 전 호출 실패 틱 0, 최장 연속 0)
